Archive member included because of file (symbol)

c:/freescale/kds_3.0.0/toolchain/bin/../lib/gcc/arm-none-eabi/4.8.4/armv6-m\libgcc.a(_udivsi3.o)
                              ./Sources/Drivers/Timer.o (__aeabi_uidiv)
c:/freescale/kds_3.0.0/toolchain/bin/../lib/gcc/arm-none-eabi/4.8.4/armv6-m\libgcc.a(_divsi3.o)
                              ./Sources/App/Joystick.o (__aeabi_idiv)
c:/freescale/kds_3.0.0/toolchain/bin/../lib/gcc/arm-none-eabi/4.8.4/armv6-m\libgcc.a(_dvmd_tls.o)
                              c:/freescale/kds_3.0.0/toolchain/bin/../lib/gcc/arm-none-eabi/4.8.4/armv6-m\libgcc.a(_udivsi3.o) (__aeabi_idiv0)
c:/freescale/kds_3.0.0/toolchain/bin/../lib/gcc/arm-none-eabi/4.8.4/armv6-m\libgcc.a(_arm_cmpdf2.o)
                              ./Sources/App/IMU_Data.o (__aeabi_dcmplt)
c:/freescale/kds_3.0.0/toolchain/bin/../lib/gcc/arm-none-eabi/4.8.4/armv6-m\libgcc.a(_arm_cmpsf2.o)
                              ./Sources/App/IMU_Data.o (__aeabi_fcmplt)
c:/freescale/kds_3.0.0/toolchain/bin/../lib/gcc/arm-none-eabi/4.8.4/armv6-m\libgcc.a(_fixunsdfsi.o)
                              ./Sources/App/RF_Control.o (__aeabi_d2uiz)
c:/freescale/kds_3.0.0/toolchain/bin/../lib/gcc/arm-none-eabi/4.8.4/armv6-m\libgcc.a(eqsf2.o)
                              c:/freescale/kds_3.0.0/toolchain/bin/../lib/gcc/arm-none-eabi/4.8.4/armv6-m\libgcc.a(_arm_cmpsf2.o) (__eqsf2)
c:/freescale/kds_3.0.0/toolchain/bin/../lib/gcc/arm-none-eabi/4.8.4/armv6-m\libgcc.a(gesf2.o)
                              c:/freescale/kds_3.0.0/toolchain/bin/../lib/gcc/arm-none-eabi/4.8.4/armv6-m\libgcc.a(_arm_cmpsf2.o) (__gesf2)
c:/freescale/kds_3.0.0/toolchain/bin/../lib/gcc/arm-none-eabi/4.8.4/armv6-m\libgcc.a(lesf2.o)
                              c:/freescale/kds_3.0.0/toolchain/bin/../lib/gcc/arm-none-eabi/4.8.4/armv6-m\libgcc.a(_arm_cmpsf2.o) (__lesf2)
c:/freescale/kds_3.0.0/toolchain/bin/../lib/gcc/arm-none-eabi/4.8.4/armv6-m\libgcc.a(subsf3.o)
                              ./Sources/App/IMU_Data.o (__aeabi_fsub)
c:/freescale/kds_3.0.0/toolchain/bin/../lib/gcc/arm-none-eabi/4.8.4/armv6-m\libgcc.a(divdf3.o)
                              ./Sources/App/RF_Control.o (__aeabi_ddiv)
c:/freescale/kds_3.0.0/toolchain/bin/../lib/gcc/arm-none-eabi/4.8.4/armv6-m\libgcc.a(eqdf2.o)
                              c:/freescale/kds_3.0.0/toolchain/bin/../lib/gcc/arm-none-eabi/4.8.4/armv6-m\libgcc.a(_arm_cmpdf2.o) (__eqdf2)
c:/freescale/kds_3.0.0/toolchain/bin/../lib/gcc/arm-none-eabi/4.8.4/armv6-m\libgcc.a(gedf2.o)
                              c:/freescale/kds_3.0.0/toolchain/bin/../lib/gcc/arm-none-eabi/4.8.4/armv6-m\libgcc.a(_arm_cmpdf2.o) (__gedf2)
c:/freescale/kds_3.0.0/toolchain/bin/../lib/gcc/arm-none-eabi/4.8.4/armv6-m\libgcc.a(ledf2.o)
                              c:/freescale/kds_3.0.0/toolchain/bin/../lib/gcc/arm-none-eabi/4.8.4/armv6-m\libgcc.a(_arm_cmpdf2.o) (__ledf2)
c:/freescale/kds_3.0.0/toolchain/bin/../lib/gcc/arm-none-eabi/4.8.4/armv6-m\libgcc.a(muldf3.o)
                              ./Sources/App/RF_Control.o (__aeabi_dmul)
c:/freescale/kds_3.0.0/toolchain/bin/../lib/gcc/arm-none-eabi/4.8.4/armv6-m\libgcc.a(subdf3.o)
                              c:/freescale/kds_3.0.0/toolchain/bin/../lib/gcc/arm-none-eabi/4.8.4/armv6-m\libgcc.a(_fixunsdfsi.o) (__aeabi_dsub)
c:/freescale/kds_3.0.0/toolchain/bin/../lib/gcc/arm-none-eabi/4.8.4/armv6-m\libgcc.a(fixdfsi.o)
                              c:/freescale/kds_3.0.0/toolchain/bin/../lib/gcc/arm-none-eabi/4.8.4/armv6-m\libgcc.a(_fixunsdfsi.o) (__aeabi_d2iz)
c:/freescale/kds_3.0.0/toolchain/bin/../lib/gcc/arm-none-eabi/4.8.4/armv6-m\libgcc.a(floatsidf.o)
                              ./Sources/App/RF_Control.o (__aeabi_i2d)
c:/freescale/kds_3.0.0/toolchain/bin/../lib/gcc/arm-none-eabi/4.8.4/armv6-m\libgcc.a(extendsfdf2.o)
                              ./Sources/App/Commands.o (__aeabi_f2d)
c:/freescale/kds_3.0.0/toolchain/bin/../lib/gcc/arm-none-eabi/4.8.4/armv6-m\libgcc.a(_clzsi2.o)
                              c:/freescale/kds_3.0.0/toolchain/bin/../lib/gcc/arm-none-eabi/4.8.4/armv6-m\libgcc.a(subsf3.o) (__clzsi2)
c:/freescale/kds_3.0.0/toolchain/bin/../lib/gcc/arm-none-eabi/4.8.4/../../../../arm-none-eabi/lib/armv6-m\libg_s.a(lib_a-exit.o)
                              c:/freescale/kds_3.0.0/toolchain/bin/../lib/gcc/arm-none-eabi/4.8.4/../../../../arm-none-eabi/lib/armv6-m/crt0.o (exit)
c:/freescale/kds_3.0.0/toolchain/bin/../lib/gcc/arm-none-eabi/4.8.4/../../../../arm-none-eabi/lib/armv6-m\libg_s.a(lib_a-impure.o)
                              c:/freescale/kds_3.0.0/toolchain/bin/../lib/gcc/arm-none-eabi/4.8.4/../../../../arm-none-eabi/lib/armv6-m\libg_s.a(lib_a-exit.o) (_global_impure_ptr)
c:/freescale/kds_3.0.0/toolchain/bin/../lib/gcc/arm-none-eabi/4.8.4/../../../../arm-none-eabi/lib/armv6-m\libg_s.a(lib_a-init.o)
[...]
Memory Configuration

Name             Origin             Length             Attributes
m_interrupts     0x00000000         0x000000c0         xr
m_text           0x00000410         0x0000fbf0         xr
m_data           0x1ffff800         0x00002000         rw
m_cfmprotrom     0x00000400         0x00000010         xr
*default*        0x00000000         0xffffffff

Linker script and memory map

LOAD c:/freescale/kds_3.0.0/toolchain/bin/../lib/gcc/arm-none-eabi/4.8.4/armv6-m/crti.o
LOAD c:/freescale/kds_3.0.0/toolchain/bin/../lib/gcc/arm-none-eabi/4.8.4/armv6-m/crtbegin.o
LOAD c:/freescale/kds_3.0.0/toolchain/bin/../lib/gcc/arm-none-eabi/4.8.4/../../../../arm-none-eabi/lib/armv6-m/crt0.o
LOAD ./Sources/External/cc.o
LOAD ./Sources/External/cc2500.o
LOAD ./Sources/Drivers/ADC.o
LOAD ./Sources/Drivers/GPIO.o
LOAD ./Sources/Drivers/LED_PWM.o
LOAD ./Sources/Drivers/PWM.o
LOAD ./Sources/Drivers/Remote.o
LOAD ./Sources/Drivers/SPI.o
LOAD ./Sources/Drivers/Timer.o
LOAD ./Sources/Drivers/USB_Echo.o
LOAD ./Sources/App/Commands.o
LOAD ./Sources/App/IMU_Data.o
LOAD ./Sources/App/Joystick.o
LOAD ./Sources/App/RF_Control.o
LOAD ./Sources/App/Saved_Settings.o
LOAD ./Sources/App/Scheduler.o
LOAD ./Sources/App/Task_List.o
LOAD ./Sources/Events.o
LOAD ./Sources/main.o
LOAD ./Project_Settings/Startup_Code/startup.o
LOAD ./Generated_Code/ADC0.o
LOAD ./Generated_Code/CDC1.o
LOAD ./Generated_Code/CS1.o
LOAD ./Generated_Code/Cpu.o
LOAD ./Generated_Code/IFsh1.o
LOAD ./Generated_Code/IntFlashLdd1.o
LOAD ./Generated_Code/PE_LDD.o
LOAD ./Generated_Code/PTC.o
LOAD ./Generated_Code/PTD.o
LOAD ./Generated_Code/RNG1.o
LOAD ./Generated_Code/Rx1.o
LOAD ./Generated_Code/SPI0.o
LOAD ./Generated_Code/TPM1.o
LOAD ./Generated_Code/TPM2.o
LOAD ./Generated_Code/Tx1.o
LOAD ./Generated_Code/USB0.o
LOAD ./Generated_Code/USB1.o
LOAD ./Generated_Code/Vectors.o
LOAD ./Generated_Code/WAIT1.o
LOAD ./Generated_Code/usb_cdc.o
LOAD ./Generated_Code/usb_cdc_pstn.o
LOAD ./Generated_Code/usb_class.o
LOAD ./Generated_Code/usb_dci_kinetis.o
LOAD ./Generated_Code/usb_descriptor.o
LOAD ./Generated_Code/usb_driver.o
LOAD ./Generated_Code/usb_framework.o
LOAD ./Generated_Code/wdt_kinetis.o
LOAD c:/freescale/kds_3.0.0/toolchain/bin/../lib/gcc/arm-none-eabi/4.8.4/../../../../arm-none-eabi/lib/armv6-m\libstdc++_s.a
LOAD c:/freescale/kds_3.0.0/toolchain/bin/../lib/gcc/arm-none-eabi/4.8.4/../../../../arm-none-eabi/lib/armv6-m\libm.a
START GROUP
LOAD c:/freescale/kds_3.0.0/toolchain/bin/../lib/gcc/arm-none-eabi/4.8.4/armv6-m\libgcc.a
LOAD c:/freescale/kds_3.0.0/toolchain/bin/../lib/gcc/arm-none-eabi/4.8.4/../../../../arm-none-eabi/lib/armv6-m\libg_s.a
LOAD c:/freescale/kds_3.0.0/toolchain/bin/../lib/gcc/arm-none-eabi/4.8.4/../../../../arm-none-eabi/lib/armv6-m\libc_s.a
END GROUP
START GROUP
LOAD c:/freescale/kds_3.0.0/toolchain/bin/../lib/gcc/arm-none-eabi/4.8.4/armv6-m\libgcc.a
LOAD c:/freescale/kds_3.0.0/toolchain/bin/../lib/gcc/arm-none-eabi/4.8.4/../../../../arm-none-eabi/lib/armv6-m\libc_s.a
LOAD c:/freescale/kds_3.0.0/toolchain/bin/../lib/gcc/arm-none-eabi/4.8.4/../../../../arm-none-eabi/lib/armv6-m\libnosys.a
END GROUP
START GROUP
LOAD c:/freescale/kds_3.0.0/toolchain/bin/../lib/gcc/arm-none-eabi/4.8.4/armv6-m\libgcc.a
LOAD c:/freescale/kds_3.0.0/toolchain/bin/../lib/gcc/arm-none-eabi/4.8.4/../../../../arm-none-eabi/lib/armv6-m\libc_s.a
LOAD c:/freescale/kds_3.0.0/toolchain/bin/../lib/gcc/arm-none-eabi/4.8.4/../../../../arm-none-eabi/lib/armv6-m\libnosys.a
END GROUP
LOAD c:/freescale/kds_3.0.0/toolchain/bin/../lib/gcc/arm-none-eabi/4.8.4/armv6-m/crtend.o
LOAD c:/freescale/kds_3.0.0/toolchain/bin/../lib/gcc/arm-none-eabi/4.8.4/armv6-m/crtn.o
                0x20001800                _estack = 0x20001800
                0x20001800                __SP_INIT = _estack
                0x20001800                __stack = _estack
                0x00000000                __heap_size = 0x0
                0x00000100                __stack_size = 0x100

.interrupts     0x00000000       0xc0
                0x00000000                __vector_table = .
                0x00000000                . = ALIGN (0x4)
 *(.vectortable)
 .vectortable   0x00000000       0xc0 ./Generated_Code/Vectors.o
                0x00000000                __vect_table
                0x000000c0                . = ALIGN (0x4)

.cfmprotect     0x00000400       0x10
                0x00000400                . = ALIGN (0x4)
 *(.cfmconfig)
 .cfmconfig     0x00000400       0x10 ./Generated_Code/Cpu.o
                0x00000400                _cfm
                0x00000410                . = ALIGN (0x4)

.text           0x00000800     0xe464
                0x00000800                . = ALIGN (0x4)
 *(.text)
 .text          0x00000800       0x60 c:/freescale/kds_3.0.0/toolchain/bin/../lib/gcc/arm-none-eabi/4.8.4/armv6-m/crtbegin.o
 .text          0x00000860       0x78 c:/freescale/kds_3.0.0/toolchain/bin/../lib/gcc/arm-none-eabi/4.8.4/../../../../arm-none-eabi/lib/armv6-m/crt0.o
                0x00000860                _start
                0x00000860                _mainCRTStartup
 .text          0x000008d8       0x9c c:/freescale/kds_3.0.0/toolchain/bin/../lib/gcc/arm-none-eabi/4.8.4/armv6-m\libgcc.a(_udivsi3.o)
                0x000008d8                __aeabi_uidiv
                0x000008d8                __udivsi3
                0x00000960                __aeabi_uidivmod
 .text          0x00000974       0xc0 c:/freescale/kds_3.0.0/toolchain/bin/../lib/gcc/arm-none-eabi/4.8.4/armv6-m\libgcc.a(_divsi3.o)
                0x00000974                __divsi3
                0x00000974                __aeabi_idiv
                0x00000a20                __aeabi_idivmod
 .text          0x00000a34        0x4 c:/freescale/kds_3.0.0/toolchain/bin/../lib/gcc/arm-none-eabi/4.8.4/armv6-m\libgcc.a(_dvmd_tls.o)
                0x00000a34                __aeabi_idiv0
                0x00000a34                __aeabi_ldiv0
 .text          0x00000a38       0x7c c:/freescale/kds_3.0.0/toolchain/bin/../lib/gcc/arm-none-eabi/4.8.4/armv6-m\libgcc.a(_arm_cmpdf2.o)
                0x00000a38                __aeabi_cdrcmple
                0x00000a48                __aeabi_cdcmple
                0x00000a48                __aeabi_cdcmpeq
                0x00000a58                __aeabi_dcmpeq
                0x00000a64                __aeabi_dcmplt
                0x00000a78                __aeabi_dcmple
                0x00000a8c                __aeabi_dcmpgt
                0x00000aa0                __aeabi_dcmpge
 .text          0x00000ab4       0x74 c:/freescale/kds_3.0.0/toolchain/bin/../lib/gcc/arm-none-eabi/4.8.4/armv6-m\libgcc.a(_arm_cmpsf2.o)
                0x00000ab4                __aeabi_cfrcmple
                0x00000abc                __aeabi_cfcmpeq
                0x00000abc                __aeabi_cfcmple
                0x00000acc                __aeabi_fcmpeq
                0x00000ad8                __aeabi_fcmplt
                0x00000aec                __aeabi_fcmple
                0x00000b00                __aeabi_fcmpgt
                0x00000b14                __aeabi_fcmpge
 .text          0x00000b28       0x40 c:/freescale/kds_3.0.0/toolchain/bin/../lib/gcc/arm-none-eabi/4.8.4/armv6-m\libgcc.a(_fixunsdfsi.o)
                0x00000b28                __aeabi_d2uiz
                0x00000b28                __fixunsdfsi
 .text          0x00000b68       0x54 c:/freescale/kds_3.0.0/toolchain/bin/../lib/gcc/arm-none-eabi/4.8.4/armv6-m\libgcc.a(eqsf2.o)
                0x00000b68                __eqsf2
                0x00000b68                __nesf2
 .text          0x00000bbc       0x90 c:/freescale/kds_3.0.0/toolchain/bin/../lib/gcc/arm-none-eabi/4.8.4/armv6-m\libgcc.a(gesf2.o)
                0x00000bbc                __gesf2
                0x00000bbc                __gtsf2
 .text          0x00000c4c       0x98 c:/freescale/kds_3.0.0/toolchain/bin/../lib/gcc/arm-none-eabi/4.8.4/armv6-m\libgcc.a(lesf2.o)
                0x00000c4c                __ltsf2
                0x00000c4c                __lesf2
 .text          0x00000ce4      0x2ec c:/freescale/kds_3.0.0/toolchain/bin/../lib/gcc/arm-none-eabi/4.8.4/armv6-m\libgcc.a(subsf3.o)
                0x00000ce4                __aeabi_fsub
 .text          0x00000fd0      0x648 c:/freescale/kds_3.0.0/toolchain/bin/../lib/gcc/arm-none-eabi/4.8.4/armv6-m\libgcc.a(divdf3.o)
                0x00000fd0                __aeabi_ddiv
 .text          0x00001618       0x94 c:/freescale/kds_3.0.0/toolchain/bin/../lib/gcc/arm-none-eabi/4.8.4/armv6-m\libgcc.a(eqdf2.o)
                0x00001618                __nedf2
                0x00001618                __eqdf2
 .text          0x000016ac       0xfc c:/freescale/kds_3.0.0/toolchain/bin/../lib/gcc/arm-none-eabi/4.8.4/armv6-m\libgcc.a(gedf2.o)
                0x000016ac                __gedf2
                0x000016ac                __gtdf2
 .text          0x000017a8       0xfc c:/freescale/kds_3.0.0/toolchain/bin/../lib/gcc/arm-none-eabi/4.8.4/armv6-m\libgcc.a(ledf2.o)
                0x000017a8                __ledf2
                0x000017a8                __ltdf2
 .text          0x000018a4      0x520 c:/freescale/kds_3.0.0/toolchain/bin/../lib/gcc/arm-none-eabi/4.8.4/armv6-m\libgcc.a(muldf3.o)
                0x000018a4                __aeabi_dmul
 .text          0x00001dc4      0x668 c:/freescale/kds_3.0.0/toolchain/bin/../lib/gcc/arm-none-eabi/4.8.4/armv6-m\libgcc.a(subdf3.o)
                0x00001dc4                __aeabi_dsub
 .text          0x0000242c       0x68 c:/freescale/kds_3.0.0/toolchain/bin/../lib/gcc/arm-none-eabi/4.8.4/armv6-m\libgcc.a(fixdfsi.o)
                0x0000242c                __aeabi_d2iz
 .text          0x00002494       0x7c c:/freescale/kds_3.0.0/toolchain/bin/../lib/gcc/arm-none-eabi/4.8.4/armv6-m\libgcc.a(floatsidf.o)
                0x00002494                __aeabi_i2d
 .text          0x00002510       0xa4 c:/freescale/kds_3.0.0/toolchain/bin/../lib/gcc/arm-none-eabi/4.8.4/armv6-m\libgcc.a(extendsfdf2.o)
                0x00002510                __aeabi_f2d
 .text          0x000025b4       0x3c c:/freescale/kds_3.0.0/toolchain/bin/../lib/gcc/arm-none-eabi/4.8.4/armv6-m\libgcc.a(_clzsi2.o)
                0x000025b4                __clzsi2
 .text          0x000025f0       0x14 c:/freescale/kds_3.0.0/toolchain/bin/../lib/gcc/arm-none-eabi/4.8.4/armv6-m\libgcc.a(_thumb1_case_uqi.o)
                0x000025f0                __gnu_thumb1_case_uqi
 .text          0x00002604      0x644 c:/freescale/kds_3.0.0/toolchain/bin/../lib/gcc/arm-none-eabi/4.8.4/armv6-m\libgcc.a(adddf3.o)
                0x00002604                __aeabi_dadd
 .text          0x00002c48       0x68 c:/freescale/kds_3.0.0/toolchain/bin/../lib/gcc/arm-none-eabi/4.8.4/armv6-m\libgcc.a(floatunsidf.o)
                0x00002c48                __aeabi_ui2d
 *(.text*)
 .text.wait_cycles
                0x00002cb0       0x28 ./Sources/External/cc.o
                0x00002cb0                wait_cycles
 .text.cc_write_reg
                0x00002cd8       0x44 ./Sources/External/cc.o
                0x00002cd8                cc_write_reg
 .text.cc_write_burst_reg
                0x00002d1c       0x7c ./Sources/External/cc.o
                0x00002d1c                cc_write_burst_reg
 .text.cc_read_reg
                0x00002d98       0x54 ./Sources/External/cc.o
                0x00002d98                cc_read_reg
 .text.cc_read_burst_reg
                0x00002dec       0x7c ./Sources/External/cc.o
                0x00002dec                cc_read_burst_reg
 .text.cc_read_status
                0x00002e68       0x5c ./Sources/External/cc.o
                0x00002e68                cc_read_status
 .text.cc_strobe
                0x00002ec4       0x34 ./Sources/External/cc.o
                0x00002ec4                cc_strobe
 .text.cc_powerup_reset
                0x00002ef8       0x6c ./Sources/External/cc.o
                0x00002ef8                cc_powerup_reset
 .text.setup_cc2500
                0x00002f64       0x88 ./Sources/External/cc2500.o
                0x00002f64                setup_cc2500
 .text.cc2500_tx
                0x00002fec       0x38 ./Sources/External/cc2500.o
                0x00002fec                cc2500_tx
 .text.receive_packet_fixed_length
                0x00003024       0x7c ./Sources/External/cc2500.o
                0x00003024                receive_packet_fixed_length
 .text.writeRFSettings
                0x000030a0      0x17c ./Sources/External/cc2500.o
                0x000030a0                writeRFSettings
 .text.handleRadioCore
                0x0000321c       0x90 ./Sources/External/cc2500.o
                0x0000321c                handleRadioCore
 .text.Quick_Reset_Core
                0x000032ac       0x34 ./Sources/External/cc2500.o
                0x000032ac                Quick_Reset_Core
 .text.Set_ADC_Channel
                0x000032e0       0x74 ./Sources/Drivers/ADC.o
                0x000032e0                Set_ADC_Channel
 .text.ABS_Limiter16
                0x00003354       0x80 ./Sources/Drivers/ADC.o
                0x00003354                ABS_Limiter16
 .text.GPIO_Enable_All_Ports
                0x000033d4       0x24 ./Sources/Drivers/GPIO.o
                0x000033d4                GPIO_Enable_All_Ports
 .text.Define_GPIO
                0x000033f8      0x1ac ./Sources/Drivers/GPIO.o
                0x000033f8                Define_GPIO
 .text.Setup_Pin
                0x000035a4       0x40 ./Sources/Drivers/GPIO.o
                0x000035a4                Setup_Pin
 .text.Set_Pin  0x000035e4       0x24 ./Sources/Drivers/GPIO.o
                0x000035e4                Set_Pin
 .text.Toggle_Pin
                0x00003608       0x94 ./Sources/Drivers/GPIO.o
                0x00003608                Toggle_Pin
 .text.Set_Output_GPIO
                0x0000369c      0x104 ./Sources/Drivers/GPIO.o
                0x0000369c                Set_Output_GPIO
 .text.GLED_Sequence
                0x000037a0       0x6c ./Sources/Drivers/LED_PWM.o
                0x000037a0                GLED_Sequence
 .text.RLED_Sequence
                0x0000380c       0x6c ./Sources/Drivers/LED_PWM.o
                0x0000380c                RLED_Sequence
 .text.Handle_Fade
                0x00003878       0x28 ./Sources/Drivers/LED_PWM.o
                0x00003878                Handle_Fade
 .text.Handle_LEDs
                0x000038a0       0x14 ./Sources/Drivers/LED_PWM.o
                0x000038a0                Handle_LEDs
 .text.handleRFKeepAlive
                0x000038b4       0x1c ./Sources/Drivers/LED_PWM.o
                0x000038b4                handleRFKeepAlive
 .text.Set_PWM_Reg
                0x000038d0       0x4c ./Sources/Drivers/PWM.o
                0x000038d0                Set_PWM_Reg
 .text.Setup_Remote_IO
                0x0000391c       0x50 ./Sources/Drivers/Remote.o
                0x0000391c                Setup_Remote_IO
 .text.spi_send_recv
                0x0000396c       0x60 ./Sources/Drivers/SPI.o
                0x0000396c                spi_send_recv
 .text.TPM1_ISR
                0x000039cc       0x64 ./Sources/Drivers/Timer.o
                0x000039cc                TPM1_ISR
 .text.Get_System_Tick
                0x00003a30       0x14 ./Sources/Drivers/Timer.o
                0x00003a30                Get_System_Tick
 .text.TPM2_ISR
                0x00003a44       0x18 ./Sources/Drivers/Timer.o
                0x00003a44                TPM2_ISR
 .text.Handle_USB_Read
                0x00003a5c       0xdc ./Sources/Drivers/USB_Echo.o
                0x00003a5c                Handle_USB_Read
 .text.debug_console
                0x00003b38       0x24 ./Sources/Drivers/USB_Echo.o
                0x00003b38                debug_console
 .text.Get_GUI_Command
                0x00003b5c       0xac ./Sources/App/Commands.o
                0x00003b5c                Get_GUI_Command
 .text.Write_CDC_String
                0x00003c08       0x18 ./Sources/App/Commands.o
                0x00003c08                Write_CDC_String
 .text.Get_Hex_Value
                0x00003c20       0x40 ./Sources/App/Commands.o
                0x00003c20                Get_Hex_Value
 .text.Get_Hex_Value_Signed
                0x00003c60       0x40 ./Sources/App/Commands.o
                0x00003c60                Get_Hex_Value_Signed
 .text.Get_Remote_Kinematics_Value
                0x00003ca0       0x50 ./Sources/App/Commands.o
                0x00003ca0                Get_Remote_Kinematics_Value
 .text.Get_Remote_Mode
                0x00003cf0       0x30 ./Sources/App/Commands.o
                0x00003cf0                Get_Remote_Mode
 .text.Get_Drone_Mode
                0x00003d20       0x30 ./Sources/App/Commands.o
                0x00003d20                Get_Drone_Mode
 .text.Get_Incoming_RF_Packet_Rate
                0x00003d50       0x2c ./Sources/App/Commands.o
                0x00003d50                Get_Incoming_RF_Packet_Rate
 .text.Print_CPU
                0x00003d7c       0x30 ./Sources/App/Commands.o
                0x00003d7c                Print_CPU
 .text.Set_Min_Max_Cal
                0x00003dac       0x44 ./Sources/App/Commands.o
                0x00003dac                Set_Min_Max_Cal
 .text.Get_Motor_Speeds
                0x00003df0       0x40 ./Sources/App/Commands.o
                0x00003df0                Get_Motor_Speeds
 .text.Set_Mid_Cal
                0x00003e30       0x44 ./Sources/App/Commands.o
                0x00003e30                Set_Mid_Cal
 .text.Enable_PID_Gain
                0x00003e74       0x3c ./Sources/App/Commands.o
                0x00003e74                Enable_PID_Gain
 .text.Get_PID_Gain
                0x00003eb0       0xf4 ./Sources/App/Commands.o
                0x00003eb0                Get_PID_Gain
 .text.Set_PID_Gains
                0x00003fa4       0xd0 ./Sources/App/Commands.o
                0x00003fa4                Set_PID_Gains
 .text.Who_Am_I_Message
                0x00004074       0x20 ./Sources/App/Commands.o
                0x00004074                Who_Am_I_Message
 .text.Get_Acc  0x00004094       0x70 ./Sources/App/Commands.o
                0x00004094                Get_Acc
 .text.Get_Gyro
                0x00004104       0x70 ./Sources/App/Commands.o
                0x00004104                Get_Gyro
 .text.Get_Mag  0x00004174       0x70 ./Sources/App/Commands.o
                0x00004174                Get_Mag
 .text.Get_Kinematics
                0x000041e4       0x70 ./Sources/App/Commands.o
                0x000041e4                Get_Kinematics
 .text.Set_Settings
                0x00004254        0xc ./Sources/App/Commands.o
                0x00004254                Set_Settings
 .text.Set_Flight_Mode_Command
                0x00004260       0x30 ./Sources/App/Commands.o
                0x00004260                Set_Flight_Mode_Command
 .text.Set_Motor_Speed_Command
                0x00004290       0xa0 ./Sources/App/Commands.o
                0x00004290                Set_Motor_Speed_Command
 .text.Run_GUI_Command
                0x00004330      0x15c ./Sources/App/Commands.o
                0x00004330                Run_GUI_Command
 .text.Handle_Command
                0x0000448c       0x38 ./Sources/App/Commands.o
                0x0000448c                Handle_Command
 .text.Init_IMU_Data
                0x000044c4       0x2c ./Sources/App/IMU_Data.o
                0x000044c4                Init_IMU_Data
 .text.ParseInputData
                0x000044f0       0x50 ./Sources/App/IMU_Data.o
                0x000044f0                ParseInputData
 .text.TestParseInput
                0x00004540       0xa8 ./Sources/App/IMU_Data.o
                0x00004540                TestParseInput
 .text.Parse_RF_Packet
                0x000045e8      0x1e4 ./Sources/App/IMU_Data.o
                0x000045e8                Parse_RF_Packet
 .text.Packet_State
                0x000047cc       0xdc ./Sources/App/IMU_Data.o
                0x000047cc                Packet_State
 .text.TestPacketEngine
                0x000048a8      0x118 ./Sources/App/IMU_Data.o
                0x000048a8                TestPacketEngine
 .text.Init_Joystick_Values
                0x000049c0       0x6c ./Sources/App/Joystick.o
                0x000049c0                Init_Joystick_Values
 .text.Handle_Min_Max_Check
                0x00004a2c       0x84 ./Sources/App/Joystick.o
                0x00004a2c                Handle_Min_Max_Check
 .text.Handle_Mid_Check
                0x00004ab0       0x44 ./Sources/App/Joystick.o
                0x00004ab0                Handle_Mid_Check
 .text.Handle_ADC_Cals
                0x00004af4       0x2c ./Sources/App/Joystick.o
                0x00004af4                Handle_ADC_Cals
 .text.GET_R_THROTTLE
                0x00004b20       0x50 ./Sources/App/Joystick.o
                0x00004b20                GET_R_THROTTLE
 .text.GET_R_ROLL
                0x00004b70      0x128 ./Sources/App/Joystick.o
                0x00004b70                GET_R_ROLL
 .text.GET_R_PITCH
                0x00004c98      0x128 ./Sources/App/Joystick.o
                0x00004c98                GET_R_PITCH
 .text.GET_R_YAW
                0x00004dc0       0xe0 ./Sources/App/Joystick.o
                0x00004dc0                GET_R_YAW
 .text.Handle_Button_Presses
                0x00004ea0      0x104 ./Sources/App/Joystick.o
                0x00004ea0                Handle_Button_Presses
 .text.HandleADC
                0x00004fa4       0x54 ./Sources/App/Joystick.o
                0x00004fa4                HandleADC
 .text.Set_Flight_Mode
                0x00004ff8       0x20 ./Sources/App/RF_Control.o
                0x00004ff8                Set_Flight_Mode
 .text.Set_Motor_Speed
                0x00005018       0x48 ./Sources/App/RF_Control.o
                0x00005018                Set_Motor_Speed
 .text.Format_Manual_Motor_Packet
                0x00005060       0x88 ./Sources/App/RF_Control.o
                0x00005060                Format_Manual_Motor_Packet
 .text.Format_Flight_State_Packet
                0x000050e8       0x58 ./Sources/App/RF_Control.o
                0x000050e8                Format_Flight_State_Packet
 .text.Format_YPRT_Packet
                0x00005140       0x5c ./Sources/App/RF_Control.o
                0x00005140                Format_YPRT_Packet
 .text.Format_PID_Gains
                0x0000519c      0x120 ./Sources/App/RF_Control.o
                0x0000519c                Format_PID_Gains
 .text.HandleRF_Outgoing_Link
                0x000052bc       0xbc ./Sources/App/RF_Control.o
                0x000052bc                HandleRF_Outgoing_Link
 .text.Check_For_Arming_Sequence
                0x00005378       0xf0 ./Sources/App/RF_Control.o
                0x00005378                Check_For_Arming_Sequence
 .text.Handle_RF_Status
                0x00005468       0xdc ./Sources/App/RF_Control.o
                0x00005468                Handle_RF_Status
 .text.Handle_LED_States
                0x00005544       0x68 ./Sources/App/RF_Control.o
                0x00005544                Handle_LED_States
 *fill*         0x000055ac        0x4 
 .text.Handle_Packet_Rate
                0x000055b0       0x68 ./Sources/App/RF_Control.o
                0x000055b0                Handle_Packet_Rate
 .text.Get_Packet_Rate
                0x00005618       0x14 ./Sources/App/RF_Control.o
                0x00005618                Get_Packet_Rate
 .text.isSettings_Saved
                0x0000562c       0x20 ./Sources/App/Saved_Settings.o
                0x0000562c                isSettings_Saved
 .text.Sector_Write
                0x0000564c       0x50 ./Sources/App/Saved_Settings.o
                0x0000564c                Sector_Write
 .text.Save_Settings
                0x0000569c       0x2c ./Sources/App/Saved_Settings.o
                0x0000569c                Save_Settings
 .text.Init_RAM_Settings
                0x000056c8       0x50 ./Sources/App/Saved_Settings.o
                0x000056c8                Init_RAM_Settings
 .text.run_scheduler
                0x00005718       0x94 ./Sources/App/Scheduler.o
                0x00005718                run_scheduler
 .text.Check_Scheduler
                0x000057ac       0x48 ./Sources/App/Scheduler.o
                0x000057ac                Check_Scheduler
 .text.Start_Scheduler
                0x000057f4        0xc ./Sources/App/Scheduler.o
                0x000057f4                Start_Scheduler
 .text.Fill_Ring_Buffer
                0x00005800       0x38 ./Sources/App/Task_List.o
                0x00005800                Fill_Ring_Buffer
 .text.Run_Default_Task
                0x00005838      0x124 ./Sources/App/Task_List.o
                0x00005838                Run_Default_Task
 .text.Run_5MS_Task
                0x0000595c       0x3c ./Sources/App/Task_List.o
                0x0000595c                Run_5MS_Task
 .text.Run_10MS_Task
                0x00005998       0x10 ./Sources/App/Task_List.o
                0x00005998                Run_10MS_Task
 .text.Run_20MS_Task
                0x000059a8       0x10 ./Sources/App/Task_List.o
                0x000059a8                Run_20MS_Task
 .text.Run_40MS_Task
                0x000059b8        0x8 ./Sources/App/Task_List.o
                0x000059b8                Run_40MS_Task
 .text.Run_80MS_Task
                0x000059c0        0x8 ./Sources/App/Task_List.o
                0x000059c0                Run_80MS_Task
 .text.Run_160MS_Task
                0x000059c8        0xc ./Sources/App/Task_List.o
                0x000059c8                Run_160MS_Task
 .text.Run_320MS_Task
                0x000059d4        0x8 ./Sources/App/Task_List.o
                0x000059d4                Run_320MS_Task
 .text.Run_640MS_Task
                0x000059dc       0x1c ./Sources/App/Task_List.o
                0x000059dc                Run_640MS_Task
 .text.Run_1280MS_Task
                0x000059f8       0x10 ./Sources/App/Task_List.o
                0x000059f8                Run_1280MS_Task
 .text.Cpu_OnNMIINT
                0x00005a08        0x8 ./Sources/Events.o
                0x00005a08                Cpu_OnNMIINT
 .text.PTD_ISR  0x00005a10       0x48 ./Sources/Events.o
                0x00005a10                PTD_ISR
 .text.ADC0_ISR
                0x00005a58        0x8 ./Sources/Events.o
                0x00005a58                ADC0_ISR
 .text.main     0x00005a60       0xbc ./Sources/main.o
                0x00005a60                main
 .text.__copy_rom_section
                0x00005b1c       0xd8 ./Project_Settings/Startup_Code/startup.o
                0x00005b1c                __copy_rom_section
 .text.__copy_rom_sections_to_ram
                0x00005bf4       0x98 ./Project_Settings/Startup_Code/startup.o
                0x00005bf4                __copy_rom_sections_to_ram
 .text.__init_registers
                0x00005c8c        0x8 ./Project_Settings/Startup_Code/startup.o
                0x00005c8c                __init_registers
 .text.__init_user
                0x00005c94        0x8 ./Project_Settings/Startup_Code/startup.o
                0x00005c94                __init_user
 .text.__thumb_startup
                0x00005c9c       0x30 ./Project_Settings/Startup_Code/startup.o
                0x00005c9c                __thumb_startup
 .text.ADC0_Init
                0x00005ccc       0x68 ./Generated_Code/ADC0.o
                0x00005ccc                ADC0_Init
 .text.CDC1_GetCharsInRxBuf
                0x00005d34       0x20 ./Generated_Code/CDC1.o
                0x00005d34                CDC1_GetCharsInRxBuf
 .text.CDC1_SendChar
                0x00005d54       0x68 ./Generated_Code/CDC1.o
                0x00005d54                CDC1_SendChar
 .text.CDC1_SendString
                0x00005dbc       0x48 ./Generated_Code/CDC1.o
                0x00005dbc                CDC1_SendString
 .text.CDC1_App_Callback
                0x00005e04       0xf4 ./Generated_Code/CDC1.o
                0x00005e04                CDC1_App_Callback
 .text.CDC1_Notify_Callback
                0x00005ef8       0x50 ./Generated_Code/CDC1.o
                0x00005ef8                CDC1_Notify_Callback
 .text.CDC1_RunUsbEngine
                0x00005f48        0x8 ./Generated_Code/CDC1.o
                0x00005f48                CDC1_RunUsbEngine
 .text.CDC1_SendDataBlock
                0x00005f50       0x5c ./Generated_Code/CDC1.o
                0x00005f50                CDC1_SendDataBlock
 .text.CDC1_App_Task
                0x00005fac       0xe0 ./Generated_Code/CDC1.o
                0x00005fac                CDC1_App_Task
 .text.CDC1_Init
                0x0000608c       0x64 ./Generated_Code/CDC1.o
                0x0000608c                CDC1_Init
 .text.Cpu_INT_NMIInterrupt
                0x000060f0        0xc ./Generated_Code/Cpu.o
                0x000060f0                Cpu_INT_NMIInterrupt
 .text.Cpu_Interrupt
                0x000060fc        0xc ./Generated_Code/Cpu.o
                0x000060fc                Cpu_Interrupt
 .text.__init_hardware
                0x00006108      0x190 ./Generated_Code/Cpu.o
                0x00006108                __init_hardware
 .text.PE_low_level_init
                0x00006298      0x2c0 ./Generated_Code/Cpu.o
                0x00006298                PE_low_level_init
 .text.IFsh1_SetFlash
                0x00006558      0x1ec ./Generated_Code/IFsh1.o
                0x00006558                IFsh1_SetFlash
 .text.IFsh1_Init
                0x00006744       0x2c ./Generated_Code/IFsh1.o
                0x00006744                IFsh1_Init
 .text.IFsh1_EraseSector
                0x00006770       0xa0 ./Generated_Code/IFsh1.o
                0x00006770                IFsh1_EraseSector
 .text.IFsh1_SetBlockFlash
                0x00006810       0x2c ./Generated_Code/IFsh1.o
                0x00006810                IFsh1_SetBlockFlash
 .text.IntFlashLdd1_OnOperationComplete
                0x0000683c      0x194 ./Generated_Code/IFsh1.o
                0x0000683c                IntFlashLdd1_OnOperationComplete
 .text.IntFlashLdd1_OnError
                0x000069d0       0x6c ./Generated_Code/IFsh1.o
                0x000069d0                IntFlashLdd1_OnError
 .text.IntFlashLdd1_Init
                0x00006a3c       0x5c ./Generated_Code/IntFlashLdd1.o
                0x00006a3c                IntFlashLdd1_Init
 .text.IntFlashLdd1_Write
                0x00006a98       0x78 ./Generated_Code/IntFlashLdd1.o
                0x00006a98                IntFlashLdd1_Write
 .text.IntFlashLdd1_Erase
                0x00006b10       0x94 ./Generated_Code/IntFlashLdd1.o
                0x00006b10                IntFlashLdd1_Erase
 .text.IntFlashLdd1_Main
                0x00006ba4      0x34c ./Generated_Code/IntFlashLdd1.o
                0x00006ba4                IntFlashLdd1_Main
 .text.IntFlashLdd1_GetError
                0x00006ef0       0x94 ./Generated_Code/IntFlashLdd1.o
                0x00006ef0                IntFlashLdd1_GetError
 .text.RangeCheck
                0x00006f84       0x38 ./Generated_Code/IntFlashLdd1.o
 .text.SafeRoutineCaller
                0x00006fbc       0x84 ./Generated_Code/IntFlashLdd1.o
 .text.PTC_Init
                0x00007040       0x3c ./Generated_Code/PTC.o
                0x00007040                PTC_Init
 .text.PTD_Init
                0x0000707c       0x18 ./Generated_Code/PTD.o
                0x0000707c                PTD_Init
 .text.RNG1_Put
                0x00007094       0x88 ./Generated_Code/RNG1.o
                0x00007094                RNG1_Put
 .text.RNG1_Get
                0x0000711c       0x84 ./Generated_Code/RNG1.o
                0x0000711c                RNG1_Get
 .text.RNG1_NofElements
                0x000071a0       0x14 ./Generated_Code/RNG1.o
                0x000071a0                RNG1_NofElements
 .text.RNG1_Init
                0x000071b4       0x28 ./Generated_Code/RNG1.o
                0x000071b4                RNG1_Init
 .text.Rx1_Put  0x000071dc       0x88 ./Generated_Code/Rx1.o
                0x000071dc                Rx1_Put
 .text.Rx1_Get  0x00007264       0x84 ./Generated_Code/Rx1.o
                0x00007264                Rx1_Get
 .text.Rx1_NofElements
                0x000072e8       0x14 ./Generated_Code/Rx1.o
                0x000072e8                Rx1_NofElements
 .text.Rx1_Init
                0x000072fc       0x28 ./Generated_Code/Rx1.o
                0x000072fc                Rx1_Init
 .text.SPI0_Init
                0x00007324       0x5c ./Generated_Code/SPI0.o
                0x00007324                SPI0_Init
 .text.TPM1_Init
                0x00007380       0x98 ./Generated_Code/TPM1.o
                0x00007380                TPM1_Init
 .text.TPM2_Init
                0x00007418       0xa0 ./Generated_Code/TPM2.o
                0x00007418                TPM2_Init
 .text.Tx1_Put  0x000074b8       0x88 ./Generated_Code/Tx1.o
                0x000074b8                Tx1_Put
 .text.Tx1_Get  0x00007540       0x84 ./Generated_Code/Tx1.o
                0x00007540                Tx1_Get
 .text.Tx1_NofElements
                0x000075c4       0x14 ./Generated_Code/Tx1.o
                0x000075c4                Tx1_NofElements
 .text.Tx1_Init
                0x000075d8       0x28 ./Generated_Code/Tx1.o
                0x000075d8                Tx1_Init
 .text.USB0_Init
                0x00007600      0x17c ./Generated_Code/USB0.o
                0x00007600                USB0_Init
 .text.USB1_usb_int_en
                0x0000777c       0x20 ./Generated_Code/USB1.o
                0x0000777c                USB1_usb_int_en
 .text.USB1_Init
                0x0000779c       0x2c ./Generated_Code/USB1.o
                0x0000779c                USB1_Init
 .text.WAIT1_Wait10Cycles
                0x000077c8        0x8 ./Generated_Code/WAIT1.o
                0x000077c8                WAIT1_Wait10Cycles
 .text.WAIT1_Wait100Cycles
                0x000077d0       0x18 ./Generated_Code/WAIT1.o
                0x000077d0                WAIT1_Wait100Cycles
 .text.WAIT1_WaitCycles
                0x000077e8       0x44 ./Generated_Code/WAIT1.o
                0x000077e8                WAIT1_WaitCycles
 .text.WAIT1_WaitLongCycles
                0x0000782c       0x3c ./Generated_Code/WAIT1.o
                0x0000782c                WAIT1_WaitLongCycles
 .text.WAIT1_Waitms
                0x00007868       0x38 ./Generated_Code/WAIT1.o
                0x00007868                WAIT1_Waitms
 .text.USB_Class_CDC_Service_Cic_Notify
                0x000078a0      0x148 ./Generated_Code/usb_cdc.o
                0x000078a0                USB_Class_CDC_Service_Cic_Notify
 .text.USB_Class_CDC_Service_Dic_Bulk_In
                0x000079e8      0x17c ./Generated_Code/usb_cdc.o
                0x000079e8                USB_Class_CDC_Service_Dic_Bulk_In
 .text.USB_Class_CDC_Service_Dic_Bulk_Out
                0x00007b64       0x78 ./Generated_Code/usb_cdc.o
                0x00007b64                USB_Class_CDC_Service_Dic_Bulk_Out
 .text.USB_Class_CDC_Event
                0x00007bdc      0x1dc ./Generated_Code/usb_cdc.o
                0x00007bdc                USB_Class_CDC_Event
 .text.USB_Other_Requests
                0x00007db8      0x180 ./Generated_Code/usb_cdc.o
 .text.USB_Class_CDC_Init
                0x00007f38      0x154 ./Generated_Code/usb_cdc.o
                0x00007f38                USB_Class_CDC_Init
 .text.USB_Class_CDC_Send_Data
                0x0000808c      0x1bc ./Generated_Code/usb_cdc.o
                0x0000808c                USB_Class_CDC_Send_Data
 .text.USB_Class_CDC_Pstn_Init
                0x00008248       0x30 ./Generated_Code/usb_cdc_pstn.o
                0x00008248                USB_Class_CDC_Pstn_Init
 .text.USB_Class_CDC_PSTN_Get_Line_Coding
                0x00008278       0x50 ./Generated_Code/usb_cdc_pstn.o
                0x00008278                USB_Class_CDC_PSTN_Get_Line_Coding
 .text.USB_Class_CDC_PSTN_Set_Line_Coding
                0x000082c8       0x58 ./Generated_Code/usb_cdc_pstn.o
                0x000082c8                USB_Class_CDC_PSTN_Set_Line_Coding
 .text.USB_Class_CDC_PSTN_Set_Ctrl_Line_State
                0x00008320       0xdc ./Generated_Code/usb_cdc_pstn.o
                0x00008320                USB_Class_CDC_PSTN_Set_Ctrl_Line_State
 .text.USB_Class_CDC_PSTN_Send_Break
                0x000083fc       0x30 ./Generated_Code/usb_cdc_pstn.o
                0x000083fc                USB_Class_CDC_PSTN_Send_Break
 .text.USB_Class_CDC_PSTN_Get_Comm_Feature
                0x0000842c       0x94 ./Generated_Code/usb_cdc_pstn.o
                0x0000842c                USB_Class_CDC_PSTN_Get_Comm_Feature
 .text.USB_Class_CDC_PSTN_Set_Comm_Feature
                0x000084c0       0x94 ./Generated_Code/usb_cdc_pstn.o
                0x000084c0                USB_Class_CDC_PSTN_Set_Comm_Feature
 .text.USB_Class_CDC_PSTN_Send_Serial_State
                0x00008554       0x40 ./Generated_Code/usb_cdc_pstn.o
                0x00008554                USB_Class_CDC_PSTN_Send_Serial_State
 .text.USB_Suspend_Service
                0x00008594       0x44 ./Generated_Code/usb_class.o
                0x00008594                USB_Suspend_Service
 .text.USB_Resume_Service
                0x000085d8       0x54 ./Generated_Code/usb_class.o
                0x000085d8                USB_Resume_Service
 .text.USB_Stall_Service
                0x0000862c       0x34 ./Generated_Code/usb_class.o
                0x0000862c                USB_Stall_Service
 .text.USB_Sof_Service
                0x00008660       0x7c ./Generated_Code/usb_class.o
                0x00008660                USB_Sof_Service
 .text.USB_Reset_Service
                0x000086dc      0x118 ./Generated_Code/usb_class.o
                0x000086dc                USB_Reset_Service
 .text.USB_Error_Service
                0x000087f4       0x28 ./Generated_Code/usb_class.o
                0x000087f4                USB_Error_Service
 .text.USB_Class_Init
                0x0000881c      0x158 ./Generated_Code/usb_class.o
                0x0000881c                USB_Class_Init
 .text.USB_Class_Initiate_Resume
                0x00008974       0x84 ./Generated_Code/usb_class.o
                0x00008974                USB_Class_Initiate_Resume
 .text.USB_Class_Send_Data
                0x000089f8       0x60 ./Generated_Code/usb_class.o
                0x000089f8                USB_Class_Send_Data
 .text.USB_Class_Periodic_Task
                0x00008a58        0x8 ./Generated_Code/usb_class.o
                0x00008a58                USB_Class_Periodic_Task
 .text.USB_Bus_Reset_Handler
                0x00008a60       0xd0 ./Generated_Code/usb_dci_kinetis.o
 .text.USB_DCI_Get_BDT_Index
                0x00008b30       0x5c ./Generated_Code/usb_dci_kinetis.o
 .text.USB_DCI_Validate_Param
                0x00008b8c       0x78 ./Generated_Code/usb_dci_kinetis.o
 .text.USB_DCI_Prepare_Send_Data
                0x00008c04       0xfc ./Generated_Code/usb_dci_kinetis.o
 .text.USB_DCI_Init
                0x00008d00      0x184 ./Generated_Code/usb_dci_kinetis.o
                0x00008d00                USB_DCI_Init
 .text.USB_DCI_Init_EndPoint
                0x00008e84      0x35c ./Generated_Code/usb_dci_kinetis.o
                0x00008e84                USB_DCI_Init_EndPoint
 .text._usb_device_cancel_transfer
                0x000091e0       0xd0 ./Generated_Code/usb_dci_kinetis.o
                0x000091e0                _usb_device_cancel_transfer
 .text.USB_DCI_Deinit_EndPoint
                0x000092b0       0xdc ./Generated_Code/usb_dci_kinetis.o
                0x000092b0                USB_DCI_Deinit_EndPoint
 .text._usb_device_stall_endpoint
                0x0000938c       0xa0 ./Generated_Code/usb_dci_kinetis.o
                0x0000938c                _usb_device_stall_endpoint
 .text._usb_device_unstall_endpoint
                0x0000942c      0x120 ./Generated_Code/usb_dci_kinetis.o
                0x0000942c                _usb_device_unstall_endpoint
 .text._usb_device_clear_data0_endpoint
                0x0000954c       0x7c ./Generated_Code/usb_dci_kinetis.o
                0x0000954c                _usb_device_clear_data0_endpoint
 .text._usb_device_recv_data
                0x000095c8      0x294 ./Generated_Code/usb_dci_kinetis.o
                0x000095c8                _usb_device_recv_data
 .text._usb_device_send_data
                0x0000985c      0x168 ./Generated_Code/usb_dci_kinetis.o
                0x0000985c                _usb_device_send_data
 .text._usb_device_set_address
                0x000099c4       0x34 ./Generated_Code/usb_dci_kinetis.o
                0x000099c4                _usb_device_set_address
 .text._usb_device_assert_resume
                0x000099f8       0xd0 ./Generated_Code/usb_dci_kinetis.o
                0x000099f8                _usb_device_assert_resume
 .text.USB_Bus_Token_Cpl_Handler
                0x00009ac8      0x634 ./Generated_Code/usb_dci_kinetis.o
 .text.USB_ISR  0x0000a0fc      0x358 ./Generated_Code/usb_dci_kinetis.o
                0x0000a0fc                USB_ISR
 .text.Clear_Mem
                0x0000a454       0x28 ./Generated_Code/usb_dci_kinetis.o
                0x0000a454                Clear_Mem
 .text.USB_Desc_Get_Descriptor
                0x0000a47c      0x13c ./Generated_Code/usb_descriptor.o
                0x0000a47c                USB_Desc_Get_Descriptor
 .text.USB_Desc_Get_Interface
                0x0000a5b8       0x3c ./Generated_Code/usb_descriptor.o
                0x0000a5b8                USB_Desc_Get_Interface
 .text.USB_Desc_Set_Interface
                0x0000a5f4       0x38 ./Generated_Code/usb_descriptor.o
                0x0000a5f4                USB_Desc_Set_Interface
 .text.USB_Desc_Valid_Configation
                0x0000a62c       0x58 ./Generated_Code/usb_descriptor.o
                0x0000a62c                USB_Desc_Valid_Configation
 .text.USB_Desc_Remote_Wakeup
                0x0000a684       0x18 ./Generated_Code/usb_descriptor.o
                0x0000a684                USB_Desc_Remote_Wakeup
 .text.USB_Desc_Get_Endpoints
                0x0000a69c       0x1c ./Generated_Code/usb_descriptor.o
                0x0000a69c                USB_Desc_Get_Endpoints
 .text.USB_Desc_Get_Line_Coding
                0x0000a6b8       0x40 ./Generated_Code/usb_descriptor.o
                0x0000a6b8                USB_Desc_Get_Line_Coding
 .text.USB_Desc_Set_Line_Coding
                0x0000a6f8       0x78 ./Generated_Code/usb_descriptor.o
                0x0000a6f8                USB_Desc_Set_Line_Coding
 .text.USB_Desc_Get_Abstract_State
                0x0000a770       0x3c ./Generated_Code/usb_descriptor.o
                0x0000a770                USB_Desc_Get_Abstract_State
 .text.USB_Desc_Get_Country_Setting
                0x0000a7ac       0x3c ./Generated_Code/usb_descriptor.o
                0x0000a7ac                USB_Desc_Get_Country_Setting
 .text.USB_Desc_Set_Abstract_State
                0x0000a7e8       0x70 ./Generated_Code/usb_descriptor.o
                0x0000a7e8                USB_Desc_Set_Abstract_State
 .text.USB_Desc_Set_Country_Setting
                0x0000a858       0x70 ./Generated_Code/usb_descriptor.o
                0x0000a858                USB_Desc_Set_Country_Setting
 .text.USB_Device_Init_Params
                0x0000a8c8       0x74 ./Generated_Code/usb_driver.o
 .text._usb_device_init
                0x0000a93c       0x5c ./Generated_Code/usb_driver.o
                0x0000a93c                _usb_device_init
 .text._usb_device_init_endpoint
                0x0000a998       0xc8 ./Generated_Code/usb_driver.o
                0x0000a998                _usb_device_init_endpoint
 .text._usb_device_deinit_endpoint
                0x0000aa60       0x84 ./Generated_Code/usb_driver.o
                0x0000aa60                _usb_device_deinit_endpoint
 .text._usb_device_get_status
                0x0000aae4       0x84 ./Generated_Code/usb_driver.o
                0x0000aae4                _usb_device_get_status
 .text._usb_device_set_status
                0x0000ab68      0x10c ./Generated_Code/usb_driver.o
                0x0000ab68                _usb_device_set_status
 .text._usb_device_register_service
                0x0000ac74       0x20 ./Generated_Code/usb_driver.o
                0x0000ac74                _usb_device_register_service
 .text.USB_Device_Call_Service
                0x0000ac94       0x48 ./Generated_Code/usb_driver.o
                0x0000ac94                USB_Device_Call_Service
 .text.USB_NULL_CALLBACK
                0x0000acdc       0x10 ./Generated_Code/usb_driver.o
                0x0000acdc                USB_NULL_CALLBACK
 .text.USB_Framework_Init
                0x0000acec       0x5c ./Generated_Code/usb_framework.o
                0x0000acec                USB_Framework_Init
 .text.USB_Control_Service
                0x0000ad48      0x21c ./Generated_Code/usb_framework.o
                0x0000ad48                USB_Control_Service
 .text.USB_Control_Service_Handler
                0x0000af64       0x84 ./Generated_Code/usb_framework.o
 .text.USB_Strd_Req_Get_Status
                0x0000afe8      0x1c4 ./Generated_Code/usb_framework.o
 .text.USB_Strd_Req_Feature
                0x0000b1ac      0x208 ./Generated_Code/usb_framework.o
 .text.USB_Strd_Req_Set_Address
                0x0000b3b4       0x40 ./Generated_Code/usb_framework.o
 .text.USB_Strd_Req_Assign_Address
                0x0000b3f4       0x44 ./Generated_Code/usb_framework.o
 .text.USB_Strd_Req_Get_Config
                0x0000b438       0x54 ./Generated_Code/usb_framework.o
 .text.USB_Strd_Req_Set_Config
                0x0000b48c       0xdc ./Generated_Code/usb_framework.o
 .text.USB_Strd_Req_Get_Interface
                0x0000b568       0x64 ./Generated_Code/usb_framework.o
 .text.USB_Strd_Req_Set_Interface
                0x0000b5cc       0x5c ./Generated_Code/usb_framework.o
 .text.USB_Strd_Req_Sync_Frame
                0x0000b628       0x58 ./Generated_Code/usb_framework.o
 .text.USB_Strd_Req_Get_Descriptor
                0x0000b680       0x84 ./Generated_Code/usb_framework.o
 .text.Watchdog_Reset
                0x0000b704       0x1c ./Generated_Code/wdt_kinetis.o
                0x0000b704                Watchdog_Reset
 .text.exit     0x0000b720       0x2c c:/freescale/kds_3.0.0/toolchain/bin/../lib/gcc/arm-none-eabi/4.8.4/../../../../arm-none-eabi/lib/armv6-m\libg_s.a(lib_a-exit.o)
                0x0000b720                exit
 .text.__libc_init_array
                0x0000b74c       0x4c c:/freescale/kds_3.0.0/toolchain/bin/../lib/gcc/arm-none-eabi/4.8.4/../../../../arm-none-eabi/lib/armv6-m\libg_s.a(lib_a-init.o)
                0x0000b74c                __libc_init_array
 .text.memcpy   0x0000b798       0x12 c:/freescale/kds_3.0.0/toolchain/bin/../lib/gcc/arm-none-eabi/4.8.4/../../../../arm-none-eabi/lib/armv6-m\libg_s.a(lib_a-memcpy-stub.o)
                0x0000b798                memcpy
 .text.memset   0x0000b7aa       0x10 c:/freescale/kds_3.0.0/toolchain/bin/../lib/gcc/arm-none-eabi/4.8.4/../../../../arm-none-eabi/lib/armv6-m\libg_s.a(lib_a-memset.o)
                0x0000b7aa                memset
 *fill*         0x0000b7ba        0x2 
 .text.sprintf  0x0000b7bc       0x44 c:/freescale/kds_3.0.0/toolchain/bin/../lib/gcc/arm-none-eabi/4.8.4/../../../../arm-none-eabi/lib/armv6-m\libg_s.a(lib_a-sprintf.o)
                0x0000b7bc                siprintf
                0x0000b7bc                sprintf
 .text.strlen   0x0000b800        0xe c:/freescale/kds_3.0.0/toolchain/bin/../lib/gcc/arm-none-eabi/4.8.4/../../../../arm-none-eabi/lib/armv6-m\libg_s.a(lib_a-strlen.o)
                0x0000b800                strlen
 .text.strstr   0x0000b80e       0x32 c:/freescale/kds_3.0.0/toolchain/bin/../lib/gcc/arm-none-eabi/4.8.4/../../../../arm-none-eabi/lib/armv6-m\libg_s.a(lib_a-strstr.o)
                0x0000b80e                strstr
 .text._strtol_r
                0x0000b840      0x114 c:/freescale/kds_3.0.0/toolchain/bin/../lib/gcc/arm-none-eabi/4.8.4/../../../../arm-none-eabi/lib/armv6-m\libg_s.a(lib_a-strtol.o)
                0x0000b840                _strtol_r
 .text.strtol   0x0000b954       0x1c c:/freescale/kds_3.0.0/toolchain/bin/../lib/gcc/arm-none-eabi/4.8.4/../../../../arm-none-eabi/lib/armv6-m\libg_s.a(lib_a-strtol.o)
                0x0000b954                strtol
 .text._strtoul_r
                0x0000b970       0xf8 c:/freescale/kds_3.0.0/toolchain/bin/../lib/gcc/arm-none-eabi/4.8.4/../../../../arm-none-eabi/lib/armv6-m\libg_s.a(lib_a-strtoul.o)
                0x0000b970                _strtoul_r
 .text.strtoul  0x0000ba68       0x1c c:/freescale/kds_3.0.0/toolchain/bin/../lib/gcc/arm-none-eabi/4.8.4/../../../../arm-none-eabi/lib/armv6-m\libg_s.a(lib_a-strtoul.o)
                0x0000ba68                strtoul
 .text.__ssputs_r
                0x0000ba84       0xc0 c:/freescale/kds_3.0.0/toolchain/bin/../lib/gcc/arm-none-eabi/4.8.4/../../../../arm-none-eabi/lib/armv6-m\libg_s.a(lib_a-svfprintf.o)
                0x0000ba84                __ssputs_r
 .text._svfprintf_r
                0x0000bb44      0x1e0 c:/freescale/kds_3.0.0/toolchain/bin/../lib/gcc/arm-none-eabi/4.8.4/../../../../arm-none-eabi/lib/armv6-m\libg_s.a(lib_a-svfprintf.o)
                0x0000bb44                _svfiprintf_r
                0x0000bb44                _svfprintf_r
 *fill*         0x0000bd24        0x4 
 .text.__cvt    0x0000bd28       0xd0 c:/freescale/kds_3.0.0/toolchain/bin/../lib/gcc/arm-none-eabi/4.8.4/../../../../arm-none-eabi/lib/armv6-m\libg_s.a(lib_a-vfprintf_float.o)
                0x0000bd28                __cvt
 .text.__exponent
                0x0000bdf8       0x6a c:/freescale/kds_3.0.0/toolchain/bin/../lib/gcc/arm-none-eabi/4.8.4/../../../../arm-none-eabi/lib/armv6-m\libg_s.a(lib_a-vfprintf_float.o)
                0x0000bdf8                __exponent
 *fill*         0x0000be62        0x6 
 .text._printf_float
                0x0000be68      0x458 c:/freescale/kds_3.0.0/toolchain/bin/../lib/gcc/arm-none-eabi/4.8.4/../../../../arm-none-eabi/lib/armv6-m\libg_s.a(lib_a-vfprintf_float.o)
                0x0000be68                _printf_float
 .text._printf_common
                0x0000c2c0       0xe8 c:/freescale/kds_3.0.0/toolchain/bin/../lib/gcc/arm-none-eabi/4.8.4/../../../../arm-none-eabi/lib/armv6-m\libg_s.a(lib_a-vfprintf_i.o)
                0x0000c2c0                _printf_common
 .text._printf_i
                0x0000c3a8      0x22c c:/freescale/kds_3.0.0/toolchain/bin/../lib/gcc/arm-none-eabi/4.8.4/../../../../arm-none-eabi/lib/armv6-m\libg_s.a(lib_a-vfprintf_i.o)
                0x0000c3a8                _printf_i
 .text.quorem   0x0000c5d4      0x118 c:/freescale/kds_3.0.0/toolchain/bin/../lib/gcc/arm-none-eabi/4.8.4/../../../../arm-none-eabi/lib/armv6-m\libg_s.a(lib_a-dtoa.o)
 *fill*         0x0000c6ec        0x4 
 .text._dtoa_r  0x0000c6f0      0xbb8 c:/freescale/kds_3.0.0/toolchain/bin/../lib/gcc/arm-none-eabi/4.8.4/../../../../arm-none-eabi/lib/armv6-m\libg_s.a(lib_a-dtoa.o)
                0x0000c6f0                _dtoa_r
 .text._localeconv_r
                0x0000d2a8        0x8 c:/freescale/kds_3.0.0/toolchain/bin/../lib/gcc/arm-none-eabi/4.8.4/../../../../arm-none-eabi/lib/armv6-m\libg_s.a(lib_a-locale.o)
                0x0000d2a8                _localeconv_r
 .text.malloc   0x0000d2b0       0x14 c:/freescale/kds_3.0.0/toolchain/bin/../lib/gcc/arm-none-eabi/4.8.4/../../../../arm-none-eabi/lib/armv6-m\libg_s.a(lib_a-malloc.o)
                0x0000d2b0                malloc
 .text.memchr   0x0000d2c4       0x16 c:/freescale/kds_3.0.0/toolchain/bin/../lib/gcc/arm-none-eabi/4.8.4/../../../../arm-none-eabi/lib/armv6-m\libg_s.a(lib_a-memchr-stub.o)
                0x0000d2c4                memchr
 .text.memmove  0x0000d2da       0x32 c:/freescale/kds_3.0.0/toolchain/bin/../lib/gcc/arm-none-eabi/4.8.4/../../../../arm-none-eabi/lib/armv6-m\libg_s.a(lib_a-memmove.o)
                0x0000d2da                memmove
 .text._Balloc  0x0000d30c       0x70 c:/freescale/kds_3.0.0/toolchain/bin/../lib/gcc/arm-none-eabi/4.8.4/../../../../arm-none-eabi/lib/armv6-m\libg_s.a(lib_a-mprec.o)
                0x0000d30c                _Balloc
 .text._Bfree   0x0000d37c       0x32 c:/freescale/kds_3.0.0/toolchain/bin/../lib/gcc/arm-none-eabi/4.8.4/../../../../arm-none-eabi/lib/armv6-m\libg_s.a(lib_a-mprec.o)
                0x0000d37c                _Bfree
 .text.__multadd
                0x0000d3ae       0x7c c:/freescale/kds_3.0.0/toolchain/bin/../lib/gcc/arm-none-eabi/4.8.4/../../../../arm-none-eabi/lib/armv6-m\libg_s.a(lib_a-mprec.o)
                0x0000d3ae                __multadd
 .text.__hi0bits
                0x0000d42a       0x38 c:/freescale/kds_3.0.0/toolchain/bin/../lib/gcc/arm-none-eabi/4.8.4/../../../../arm-none-eabi/lib/armv6-m\libg_s.a(lib_a-mprec.o)
                0x0000d42a                __hi0bits
 .text.__lo0bits
                0x0000d462       0x5a c:/freescale/kds_3.0.0/toolchain/bin/../lib/gcc/arm-none-eabi/4.8.4/../../../../arm-none-eabi/lib/armv6-m\libg_s.a(lib_a-mprec.o)
                0x0000d462                __lo0bits
 .text.__i2b    0x0000d4bc       0x12 c:/freescale/kds_3.0.0/toolchain/bin/../lib/gcc/arm-none-eabi/4.8.4/../../../../arm-none-eabi/lib/armv6-m\libg_s.a(lib_a-mprec.o)
                0x0000d4bc                __i2b
 .text.__multiply
                0x0000d4ce      0x11e c:/freescale/kds_3.0.0/toolchain/bin/../lib/gcc/arm-none-eabi/4.8.4/../../../../arm-none-eabi/lib/armv6-m\libg_s.a(lib_a-mprec.o)
                0x0000d4ce                __multiply
 .text.__pow5mult
                0x0000d5ec       0xa4 c:/freescale/kds_3.0.0/toolchain/bin/../lib/gcc/arm-none-eabi/4.8.4/../../../../arm-none-eabi/lib/armv6-m\libg_s.a(lib_a-mprec.o)
                0x0000d5ec                __pow5mult
 .text.__lshift
                0x0000d690       0xa4 c:/freescale/kds_3.0.0/toolchain/bin/../lib/gcc/arm-none-eabi/4.8.4/../../../../arm-none-eabi/lib/armv6-m\libg_s.a(lib_a-mprec.o)
                0x0000d690                __lshift
 .text.__mcmp   0x0000d734       0x36 c:/freescale/kds_3.0.0/toolchain/bin/../lib/gcc/arm-none-eabi/4.8.4/../../../../arm-none-eabi/lib/armv6-m\libg_s.a(lib_a-mprec.o)
                0x0000d734                __mcmp
 .text.__mdiff  0x0000d76a       0xcc c:/freescale/kds_3.0.0/toolchain/bin/../lib/gcc/arm-none-eabi/4.8.4/../../../../arm-none-eabi/lib/armv6-m\libg_s.a(lib_a-mprec.o)
                0x0000d76a                __mdiff
 *fill*         0x0000d836        0x2 
 .text.__d2b    0x0000d838       0xb0 c:/freescale/kds_3.0.0/toolchain/bin/../lib/gcc/arm-none-eabi/4.8.4/../../../../arm-none-eabi/lib/armv6-m\libg_s.a(lib_a-mprec.o)
                0x0000d838                __d2b
 .text._calloc_r
                0x0000d8e8       0x1c c:/freescale/kds_3.0.0/toolchain/bin/../lib/gcc/arm-none-eabi/4.8.4/../../../../arm-none-eabi/lib/armv6-m\libg_s.a(lib_a-nano-callocr.o)
                0x0000d8e8                _calloc_r
 .text._free_r  0x0000d904       0x90 c:/freescale/kds_3.0.0/toolchain/bin/../lib/gcc/arm-none-eabi/4.8.4/../../../../arm-none-eabi/lib/armv6-m\libg_s.a(lib_a-nano-freer.o)
                0x0000d904                _free_r
 .text._malloc_r
                0x0000d994       0xa8 c:/freescale/kds_3.0.0/toolchain/bin/../lib/gcc/arm-none-eabi/4.8.4/../../../../arm-none-eabi/lib/armv6-m\libg_s.a(lib_a-nano-mallocr.o)
                0x0000d994                _malloc_r
 .text._realloc_r
                0x0000da3c       0x4c c:/freescale/kds_3.0.0/toolchain/bin/../lib/gcc/arm-none-eabi/4.8.4/../../../../arm-none-eabi/lib/armv6-m\libg_s.a(lib_a-nano-reallocr.o)
                0x0000da3c                _realloc_r
 .text.__fpclassifyd
                0x0000da88       0x54 c:/freescale/kds_3.0.0/toolchain/bin/../lib/gcc/arm-none-eabi/4.8.4/../../../../arm-none-eabi/lib/armv6-m\libg_s.a(lib_a-s_fpclassify.o)
                0x0000da88                __fpclassifyd
 .text._sbrk_r  0x0000dadc       0x24 c:/freescale/kds_3.0.0/toolchain/bin/../lib/gcc/arm-none-eabi/4.8.4/../../../../arm-none-eabi/lib/armv6-m\libg_s.a(lib_a-sbrkr.o)
                0x0000dadc                _sbrk_r
 .text._malloc_usable_size_r
                0x0000db00       0x12 c:/freescale/kds_3.0.0/toolchain/bin/../lib/gcc/arm-none-eabi/4.8.4/../../../../arm-none-eabi/lib/armv6-m\libg_s.a(lib_a-nano-msizer.o)
                0x0000db00                _malloc_usable_size_r
 *fill*         0x0000db12        0x2 
 .text._sbrk    0x0000db14       0x34 c:/freescale/kds_3.0.0/toolchain/bin/../lib/gcc/arm-none-eabi/4.8.4/../../../../arm-none-eabi/lib/armv6-m\libnosys.a(sbrk.o)
                0x0000db14                _sbrk
 .text._exit    0x0000db48        0x4 c:/freescale/kds_3.0.0/toolchain/bin/../lib/gcc/arm-none-eabi/4.8.4/../../../../arm-none-eabi/lib/armv6-m\libnosys.a(_exit.o)
                0x0000db48                _exit
 *(.rodata)
 .rodata        0x0000db4c       0x58 ./Sources/External/cc2500.o
 .rodata        0x0000dba4        0x4 ./Sources/Drivers/USB_Echo.o
 .rodata        0x0000dba8      0x200 ./Sources/App/Commands.o
 .rodata        0x0000dda8       0x3c ./Sources/App/RF_Control.o
 .rodata        0x0000dde4       0x1c ./Sources/App/Task_List.o
 .rodata        0x0000de00       0x24 ./Sources/main.o
 .rodata        0x0000de24        0x8 ./Generated_Code/usb_dci_kinetis.o
 .rodata        0x0000de2c       0x40 c:/freescale/kds_3.0.0/toolchain/bin/../lib/gcc/arm-none-eabi/4.8.4/armv6-m\libgcc.a(divdf3.o)
 .rodata        0x0000de6c       0x40 c:/freescale/kds_3.0.0/toolchain/bin/../lib/gcc/arm-none-eabi/4.8.4/armv6-m\libgcc.a(muldf3.o)
 *(.rodata*)
 .rodata.Define_GPIO
                0x0000deac       0x14 ./Sources/Drivers/GPIO.o
 .rodata.Toggle_Pin
                0x0000dec0       0x14 ./Sources/Drivers/GPIO.o
 .rodata.Set_Output_GPIO
                0x0000ded4       0x14 ./Sources/Drivers/GPIO.o
 .rodata.led_dutys2
                0x0000dee8      0x190 ./Sources/Drivers/LED_PWM.o
                0x0000dee8                led_dutys2
 .rodata.Get_PID_Gain
                0x0000e078       0x28 ./Sources/App/Commands.o
 .rodata.Set_PID_Gains
                0x0000e0a0       0x28 ./Sources/App/Commands.o
 .rodata.Parse_RF_Packet
                0x0000e0c8       0x34 ./Sources/App/IMU_Data.o
 .rodata.Format_PID_Gains
                0x0000e0fc       0x28 ./Sources/App/RF_Control.o
 .rodata.Handle_RF_Status
                0x0000e124       0x14 ./Sources/App/RF_Control.o
 *fill*         0x0000e138      0x2c8 
 .rodata.My_Saved_Settings
                0x0000e400      0x400 ./Sources/App/Saved_Settings.o
                0x0000e400                My_Saved_Settings
 .rodata.SafeRoutine
                0x0000e800       0x28 ./Generated_Code/IntFlashLdd1.o
 .rodata.USB_Other_Requests
                0x0000e828       0x90 ./Generated_Code/usb_cdc.o
 .rodata.usb_desc_ep
                0x0000e8b8       0x10 ./Generated_Code/usb_descriptor.o
                0x0000e8b8                usb_desc_ep
 .rodata.g_std_desc_size
                0x0000e8c8       0x10 ./Generated_Code/usb_descriptor.o
                0x0000e8c8                g_std_desc_size
 .rodata.g_std_descriptors
                0x0000e8d8       0x20 ./Generated_Code/usb_descriptor.o
                0x0000e8d8                g_std_descriptors
 .rodata.g_string_desc_size
                0x0000e8f8        0x4 ./Generated_Code/usb_descriptor.o
                0x0000e8f8                g_string_desc_size
 .rodata.g_string_descriptors
                0x0000e8fc       0x10 ./Generated_Code/usb_descriptor.o
                0x0000e8fc                g_string_descriptors
 .rodata.g_languages
                0x0000e90c       0x20 ./Generated_Code/usb_descriptor.o
                0x0000e90c                g_languages
 .rodata.g_valid_config_values
                0x0000e92c        0x4 ./Generated_Code/usb_descriptor.o
                0x0000e92c                g_valid_config_values
 .rodata.g_usb_CB
                0x0000e930       0x60 ./Generated_Code/usb_driver.o
 .rodata.g_validate_request
                0x0000e990       0x28 ./Generated_Code/usb_framework.o
                0x0000e990                g_validate_request
 .rodata.g_standard_request
                0x0000e9b8       0x34 ./Generated_Code/usb_framework.o
                0x0000e9b8                g_standard_request
 .rodata.str1.1
                0x0000e9ec        0x2 c:/freescale/kds_3.0.0/toolchain/bin/../lib/gcc/arm-none-eabi/4.8.4/../../../../arm-none-eabi/lib/armv6-m\libg_s.a(lib_a-impure.o)
 *fill*         0x0000e9ee        0x2 
 .rodata._global_impure_ptr
                0x0000e9f0        0x4 c:/freescale/kds_3.0.0/toolchain/bin/../lib/gcc/arm-none-eabi/4.8.4/../../../../arm-none-eabi/lib/armv6-m\libg_s.a(lib_a-impure.o)
                0x0000e9f0                _global_impure_ptr
 .rodata.str1.1
                0x0000e9f4       0x11 c:/freescale/kds_3.0.0/toolchain/bin/../lib/gcc/arm-none-eabi/4.8.4/../../../../arm-none-eabi/lib/armv6-m\libg_s.a(lib_a-svfprintf.o)
 .rodata.str1.1
                0x0000ea05       0x12 c:/freescale/kds_3.0.0/toolchain/bin/../lib/gcc/arm-none-eabi/4.8.4/../../../../arm-none-eabi/lib/armv6-m\libg_s.a(lib_a-vfprintf_float.o)
 .rodata.str1.1
                0x0000ea17       0x22 c:/freescale/kds_3.0.0/toolchain/bin/../lib/gcc/arm-none-eabi/4.8.4/../../../../arm-none-eabi/lib/armv6-m\libg_s.a(lib_a-vfprintf_i.o)
 .rodata._ctype_
                0x0000ea39      0x101 c:/freescale/kds_3.0.0/toolchain/bin/../lib/gcc/arm-none-eabi/4.8.4/../../../../arm-none-eabi/lib/armv6-m\libg_s.a(lib_a-ctype_.o)
                0x0000ea39                _ctype_
 .rodata.str1.1
                0x0000eb3a        0xd c:/freescale/kds_3.0.0/toolchain/bin/../lib/gcc/arm-none-eabi/4.8.4/../../../../arm-none-eabi/lib/armv6-m\libg_s.a(lib_a-dtoa.o)
                                  0xf (size before relaxing)
 .rodata.str1.1
                0x0000eb47        0x8 c:/freescale/kds_3.0.0/toolchain/bin/../lib/gcc/arm-none-eabi/4.8.4/../../../../arm-none-eabi/lib/armv6-m\libg_s.a(lib_a-locale.o)
                                  0xb (size before relaxing)
 *fill*         0x0000eb4f        0x1 
 .rodata.__mprec_tens
                0x0000eb50       0xc8 c:/freescale/kds_3.0.0/toolchain/bin/../lib/gcc/arm-none-eabi/4.8.4/../../../../arm-none-eabi/lib/armv6-m\libg_s.a(lib_a-mprec.o)
                0x0000eb50                __mprec_tens
 .rodata.__mprec_bigtens
                0x0000ec18       0x28 c:/freescale/kds_3.0.0/toolchain/bin/../lib/gcc/arm-none-eabi/4.8.4/../../../../arm-none-eabi/lib/armv6-m\libg_s.a(lib_a-mprec.o)
                0x0000ec18                __mprec_bigtens
 .rodata.p05.5281
                0x0000ec40        0xc c:/freescale/kds_3.0.0/toolchain/bin/../lib/gcc/arm-none-eabi/4.8.4/../../../../arm-none-eabi/lib/armv6-m\libg_s.a(lib_a-mprec.o)
 *(.glue_7)
 .glue_7        0x00000000        0x0 linker stubs
 *(.glue_7t)
 .glue_7t       0x00000000        0x0 linker stubs
 *(.eh_frame)
 .eh_frame      0x0000ec4c        0x0 c:/freescale/kds_3.0.0/toolchain/bin/../lib/gcc/arm-none-eabi/4.8.4/armv6-m/crtbegin.o
 *(.init)
 .init          0x0000ec4c        0x4 c:/freescale/kds_3.0.0/toolchain/bin/../lib/gcc/arm-none-eabi/4.8.4/armv6-m/crti.o
                0x0000ec4c                _init
 .init          0x0000ec50        0x8 c:/freescale/kds_3.0.0/toolchain/bin/../lib/gcc/arm-none-eabi/4.8.4/armv6-m/crtn.o
 *(.fini)
 .fini          0x0000ec58        0x4 c:/freescale/kds_3.0.0/toolchain/bin/../lib/gcc/arm-none-eabi/4.8.4/armv6-m/crti.o
                0x0000ec58                _fini
 .fini          0x0000ec5c        0x8 c:/freescale/kds_3.0.0/toolchain/bin/../lib/gcc/arm-none-eabi/4.8.4/armv6-m/crtn.o
                0x0000ec64                . = ALIGN (0x4)
                0x0000ec64                _etext = .

.vfp11_veneer   0x0000ec64        0x0
 .vfp11_veneer  0x00000000        0x0 linker stubs

.v4_bx          0x0000ec64        0x0
 .v4_bx         0x00000000        0x0 linker stubs

.iplt           0x0000ec64        0x0
 .iplt          0x00000000        0x0 c:/freescale/kds_3.0.0/toolchain/bin/../lib/gcc/arm-none-eabi/4.8.4/armv6-m/crtbegin.o

.ARM.extab
 *(.ARM.extab* .gnu.linkonce.armextab.*)

.ARM            0x0000ec64        0x8
                0x0000ec64                __exidx_start = .
 *(.ARM.exidx*)
 .ARM.exidx     0x0000ec64        0x8 c:/freescale/kds_3.0.0/toolchain/bin/../lib/gcc/arm-none-eabi/4.8.4/../../../../arm-none-eabi/lib/armv6-m/crt0.o
                0x0000ec6c                __exidx_end = .

.rel.dyn        0x0000ec6c        0x0
 .rel.iplt      0x00000000        0x0 c:/freescale/kds_3.0.0/toolchain/bin/../lib/gcc/arm-none-eabi/4.8.4/armv6-m/crtbegin.o

.ctors          0x0000ec6c        0x0
                0x0000ec6c                __CTOR_LIST__ = .
 *crtbegin.o(.ctors)
 *(EXCLUDE_FILE(*crtend.o) .ctors)
 *(SORT(.ctors.*))
 *(.ctors)
                0x0000ec6c                __CTOR_END__ = .

.dtors          0x0000ec6c        0x0
                0x0000ec6c                __DTOR_LIST__ = .
 *crtbegin.o(.dtors)
 *(EXCLUDE_FILE(*crtend.o) .dtors)
 *(SORT(.dtors.*))
 *(.dtors)
                0x0000ec6c                __DTOR_END__ = .

.preinit_array  0x0000ec6c        0x0
                0x0000ec6c                PROVIDE (__preinit_array_start, .)
 *(.preinit_array*)
                0x0000ec6c                PROVIDE (__preinit_array_end, .)

.init_array     0x0000ec6c        0x4
                0x0000ec6c                PROVIDE (__init_array_start, .)
 *(SORT(.init_array.*))
 *(.init_array*)
 .init_array    0x0000ec6c        0x4 c:/freescale/kds_3.0.0/toolchain/bin/../lib/gcc/arm-none-eabi/4.8.4/armv6-m/crtbegin.o
                0x0000ec70                PROVIDE (__init_array_end, .)

.fini_array     0x0000ec70        0x4
                0x0000ec70                PROVIDE (__fini_array_start, .)
 *(SORT(.fini_array.*))
 *(.fini_array*)
 .fini_array    0x0000ec70        0x4 c:/freescale/kds_3.0.0/toolchain/bin/../lib/gcc/arm-none-eabi/4.8.4/armv6-m/crtbegin.o
                0x0000ec74                PROVIDE (__fini_array_end, .)
                0x0000ec74                ___ROM_AT = .

.mtb            0x1ffff800        0x0
                0x1ffff800                . = ALIGN (0x8)
                0x1ffff800                _mtb_start = .
 *(.mtb_buf)
                0x1ffff800                . = ALIGN (0x8)
                0x1ffff800                _mtb_end = .

.data           0x1ffff800      0x278 load address 0x0000ec74
                0x1ffff800                . = ALIGN (0x4)
                0x1ffff800                _sdata = .
 *(.data)
 *(.data*)
 .data.GLED_STATES
                0x1ffff800        0x1 ./Sources/Drivers/LED_PWM.o
                0x1ffff800                GLED_STATES
 *fill*         0x1ffff801        0x3 
 .data.POWER_LED
                0x1ffff804        0xc ./Sources/Drivers/Remote.o
                0x1ffff804                POWER_LED
 .data.RED_LED  0x1ffff810        0xc ./Sources/Drivers/Remote.o
                0x1ffff810                RED_LED
 .data.BLUE_LED
                0x1ffff81c        0xc ./Sources/Drivers/Remote.o
                0x1ffff81c                BLUE_LED
 .data.CC_CS_PIN
                0x1ffff828        0xc ./Sources/Drivers/Remote.o
                0x1ffff828                CC_CS_PIN
 .data.CMD_Invalid_Str
                0x1ffff834        0x4 ./Sources/App/Commands.o
                0x1ffff834                CMD_Invalid_Str
 .data.CMD_Valid_Str
                0x1ffff838        0x4 ./Sources/App/Commands.o
                0x1ffff838                CMD_Valid_Str
 .data.GUI_Command_Set
                0x1ffff83c       0x64 ./Sources/App/Commands.o
                0x1ffff83c                GUI_Command_Set
 .data.IMU_Data
                0x1ffff8a0       0x30 ./Sources/App/IMU_Data.o
                0x1ffff8a0                IMU_Data
 .data.RF_Data_BUFF
                0x1ffff8d0        0x8 ./Sources/App/RF_Control.o
                0x1ffff8d0                RF_Data_BUFF
 .data.SS       0x1ffff8d8        0x4 ./Sources/App/Saved_Settings.o
                0x1ffff8d8                SS
 .data.g_serial_state_buf
                0x1ffff8dc        0xc ./Generated_Code/usb_cdc_pstn.o
 .data.g_trf_direction
                0x1ffff8e8        0x1 ./Generated_Code/usb_dci_kinetis.o
 *fill*         0x1ffff8e9        0x3 
 .data.g_device_descriptor
                0x1ffff8ec       0x14 ./Generated_Code/usb_descriptor.o
                0x1ffff8ec                g_device_descriptor
 .data.g_config_descriptor
                0x1ffff900       0x44 ./Generated_Code/usb_descriptor.o
                0x1ffff900                g_config_descriptor
 .data.USB_STR_0
                0x1ffff944        0x4 ./Generated_Code/usb_descriptor.o
                0x1ffff944                USB_STR_0
 .data.USB_STR_1
                0x1ffff948       0x3c ./Generated_Code/usb_descriptor.o
                0x1ffff948                USB_STR_1
 .data.USB_STR_2
                0x1ffff984       0x20 ./Generated_Code/usb_descriptor.o
                0x1ffff984                USB_STR_2
 .data.USB_STR_n
                0x1ffff9a4       0x24 ./Generated_Code/usb_descriptor.o
                0x1ffff9a4                USB_STR_n
 .data.g_line_coding
                0x1ffff9c8       0x10 ./Generated_Code/usb_descriptor.o
 .data.impure_data
                0x1ffff9d8       0x60 c:/freescale/kds_3.0.0/toolchain/bin/../lib/gcc/arm-none-eabi/4.8.4/../../../../arm-none-eabi/lib/armv6-m\libg_s.a(lib_a-impure.o)
 .data._impure_ptr
                0x1ffffa38        0x4 c:/freescale/kds_3.0.0/toolchain/bin/../lib/gcc/arm-none-eabi/4.8.4/../../../../arm-none-eabi/lib/armv6-m\libg_s.a(lib_a-impure.o)
                0x1ffffa38                _impure_ptr
 .data.__ctype_ptr__
                0x1ffffa3c        0x4 c:/freescale/kds_3.0.0/toolchain/bin/../lib/gcc/arm-none-eabi/4.8.4/../../../../arm-none-eabi/lib/armv6-m\libg_s.a(lib_a-ctype_.o)
                0x1ffffa3c                __ctype_ptr__
 .data.lconv    0x1ffffa40       0x38 c:/freescale/kds_3.0.0/toolchain/bin/../lib/gcc/arm-none-eabi/4.8.4/../../../../arm-none-eabi/lib/armv6-m\libg_s.a(lib_a-locale.o)
                0x1ffffa78                . = ALIGN (0x4)
                0x1ffffa78                _edata = .
                0x00000278                ___data_size = (_edata - _sdata)

.jcr            0x1ffffa78        0x0 load address 0x0000eeec
 .jcr           0x1ffffa78        0x0 c:/freescale/kds_3.0.0/toolchain/bin/../lib/gcc/arm-none-eabi/4.8.4/armv6-m/crtbegin.o

.igot.plt       0x1ffffa78        0x0 load address 0x0000eeec
 .igot.plt      0x00000000        0x0 c:/freescale/kds_3.0.0/toolchain/bin/../lib/gcc/arm-none-eabi/4.8.4/armv6-m/crtbegin.o
                0x1ffffa78                . = ALIGN (0x4)

.bss            0x1ffffc00     0x1404 load address 0x0000f200
                0x1ffffc00                __START_BSS = .
                0x1ffffc00                PROVIDE (__bss_start__, __START_BSS)
 *(.bss)
 .bss           0x1ffffc00       0x1c c:/freescale/kds_3.0.0/toolchain/bin/../lib/gcc/arm-none-eabi/4.8.4/armv6-m/crtbegin.o
 *(.bss*)
 .bss.RF_Keep_Alive
                0x1ffffc1c        0x1 ./Sources/External/cc2500.o
                0x1ffffc1c                RF_Keep_Alive
 *fill*         0x1ffffc1d        0x1 
 .bss.LED_CYCLE
                0x1ffffc1e        0x2 ./Sources/Drivers/LED_PWM.o
                0x1ffffc1e                LED_CYCLE
 .bss.RLED_STATES
                0x1ffffc20        0x1 ./Sources/Drivers/LED_PWM.o
                0x1ffffc20                RLED_STATES
 .bss.System_Tick
                0x1ffffc21        0x1 ./Sources/Drivers/Timer.o
 *fill*         0x1ffffc22        0x2 
 .bss.CPU_Tick  0x1ffffc24        0x4 ./Sources/Drivers/Timer.o
                0x1ffffc24                CPU_Tick
 .bss.CPU_USAGE
                0x1ffffc28        0x4 ./Sources/Drivers/Timer.o
                0x1ffffc28                CPU_USAGE
 .bss.USB_INIT  0x1ffffc2c        0x1 ./Sources/Drivers/USB_Echo.o
                0x1ffffc2c                USB_INIT
 *fill*         0x1ffffc2d        0x1 
 .bss.CMD_Index
                0x1ffffc2e        0x2 ./Sources/Drivers/USB_Echo.o
                0x1ffffc2e                CMD_Index
 .bss.Buffer_Overflow
                0x1ffffc30        0x1 ./Sources/Drivers/USB_Echo.o
                0x1ffffc30                Buffer_Overflow
 .bss.Command_Recieved
                0x1ffffc31        0x1 ./Sources/Drivers/USB_Echo.o
                0x1ffffc31                Command_Recieved
 .bss.Pitch_P   0x1ffffc32        0x2 ./Sources/App/Commands.o
                0x1ffffc32                Pitch_P
 .bss.Pitch_I   0x1ffffc34        0x2 ./Sources/App/Commands.o
                0x1ffffc34                Pitch_I
 .bss.Pitch_D   0x1ffffc36        0x2 ./Sources/App/Commands.o
                0x1ffffc36                Pitch_D
 .bss.Roll_P    0x1ffffc38        0x2 ./Sources/App/Commands.o
                0x1ffffc38                Roll_P
 .bss.Roll_I    0x1ffffc3a        0x2 ./Sources/App/Commands.o
                0x1ffffc3a                Roll_I
 .bss.Roll_D    0x1ffffc3c        0x2 ./Sources/App/Commands.o
                0x1ffffc3c                Roll_D
 .bss.Yaw_P     0x1ffffc3e        0x2 ./Sources/App/Commands.o
                0x1ffffc3e                Yaw_P
 .bss.Yaw_I     0x1ffffc40        0x2 ./Sources/App/Commands.o
                0x1ffffc40                Yaw_I
 .bss.Yaw_D     0x1ffffc42        0x2 ./Sources/App/Commands.o
                0x1ffffc42                Yaw_D
 .bss.TRANSMIT_PID_GAINS
                0x1ffffc44        0x1 ./Sources/App/Commands.o
                0x1ffffc44                TRANSMIT_PID_GAINS
 *fill*         0x1ffffc45        0x1 
 .bss.Pitch_PR  0x1ffffc46        0x2 ./Sources/App/IMU_Data.o
                0x1ffffc46                Pitch_PR
 .bss.Pitch_IR  0x1ffffc48        0x2 ./Sources/App/IMU_Data.o
                0x1ffffc48                Pitch_IR
 .bss.Pitch_DR  0x1ffffc4a        0x2 ./Sources/App/IMU_Data.o
                0x1ffffc4a                Pitch_DR
 .bss.Roll_PR   0x1ffffc4c        0x2 ./Sources/App/IMU_Data.o
                0x1ffffc4c                Roll_PR
 .bss.Roll_IR   0x1ffffc4e        0x2 ./Sources/App/IMU_Data.o
                0x1ffffc4e                Roll_IR
 .bss.Roll_DR   0x1ffffc50        0x2 ./Sources/App/IMU_Data.o
                0x1ffffc50                Roll_DR
 .bss.Yaw_PR    0x1ffffc52        0x2 ./Sources/App/IMU_Data.o
                0x1ffffc52                Yaw_PR
 .bss.Yaw_IR    0x1ffffc54        0x2 ./Sources/App/IMU_Data.o
                0x1ffffc54                Yaw_IR
 .bss.Yaw_DR    0x1ffffc56        0x2 ./Sources/App/IMU_Data.o
                0x1ffffc56                Yaw_DR
 .bss.MotorSpeeds
                0x1ffffc58        0x8 ./Sources/App/IMU_Data.o
                0x1ffffc58                MotorSpeeds
 .bss.packet_recieved
                0x1ffffc60        0x1 ./Sources/App/IMU_Data.o
                0x1ffffc60                packet_recieved
 .bss.RF_PACKET_STATE
                0x1ffffc61        0x1 ./Sources/App/IMU_Data.o
                0x1ffffc61                RF_PACKET_STATE
 .bss.Packet_Counter
                0x1ffffc62        0x2 ./Sources/App/IMU_Data.o
                0x1ffffc62                Packet_Counter
 .bss.Packet_Info
                0x1ffffc64        0x4 ./Sources/App/IMU_Data.o
                0x1ffffc64                Packet_Info
 .bss.External_Flight_State
                0x1ffffc68        0x1 ./Sources/App/IMU_Data.o
                0x1ffffc68                External_Flight_State
 .bss.Index.6846
                0x1ffffc69        0x1 ./Sources/App/IMU_Data.o
 .bss.Float_Index.6845
                0x1ffffc6a        0x1 ./Sources/App/IMU_Data.o
 .bss.POT_Min_Max_Cal
                0x1ffffc6b        0x1 ./Sources/App/Joystick.o
                0x1ffffc6b                POT_Min_Max_Cal
 .bss.POT_Mid_Cal
                0x1ffffc6c        0x1 ./Sources/App/Joystick.o
                0x1ffffc6c                POT_Mid_Cal
 *fill*         0x1ffffc6d        0x1 
 .bss.Roll_Offset
                0x1ffffc6e        0x2 ./Sources/App/Joystick.o
                0x1ffffc6e                Roll_Offset
 .bss.Pitch_Offset
                0x1ffffc70        0x2 ./Sources/App/Joystick.o
                0x1ffffc70                Pitch_Offset
 .bss.B3_UP     0x1ffffc72        0x1 ./Sources/App/Joystick.o
 .bss.B4_UP     0x1ffffc73        0x1 ./Sources/App/Joystick.o
 .bss.B5_UP     0x1ffffc74        0x1 ./Sources/App/Joystick.o
 .bss.B6_UP     0x1ffffc75        0x1 ./Sources/App/Joystick.o
 .bss.ADC_Channel_Selected.6378
                0x1ffffc76        0x1 ./Sources/App/Joystick.o
 .bss.Global_Flight_Mode
                0x1ffffc77        0x1 ./Sources/App/RF_Control.o
                0x1ffffc77                Global_Flight_Mode
 .bss.Manual_Motor_Speeds
                0x1ffffc78        0x8 ./Sources/App/RF_Control.o
                0x1ffffc78                Manual_Motor_Speeds
 .bss.Packet_Rate
                0x1ffffc80        0x2 ./Sources/App/RF_Control.o
                0x1ffffc80                Packet_Rate
 .bss.i.6897    0x1ffffc82        0x1 ./Sources/App/RF_Control.o
 .bss.i.6912    0x1ffffc83        0x1 ./Sources/App/RF_Control.o
 .bss.previous_ticks.4001
                0x1ffffc84        0x1 ./Sources/App/Scheduler.o
 *fill*         0x1ffffc85        0x3 
 .bss.rBuff     0x1ffffc88       0x3c ./Sources/App/Task_List.o
                0x1ffffc88                rBuff
 .bss.spi_initialized
                0x1ffffcc4        0x1 ./Sources/main.o
                0x1ffffcc4                spi_initialized
 *fill*         0x1ffffcc5        0x3 
 .bss.cdc_buffer
                0x1ffffcc8       0x40 ./Sources/main.o
 .bss.start_app
                0x1ffffd08        0x1 ./Generated_Code/CDC1.o
 .bss.start_transactions
                0x1ffffd09        0x1 ./Generated_Code/CDC1.o
 .bss.transactionOngoing
                0x1ffffd0a        0x1 ./Generated_Code/CDC1.o
 *fill*         0x1ffffd0b        0x1 
 .bss.txBuf.6917
                0x1ffffd0c       0x40 ./Generated_Code/CDC1.o
 .bss.txBuf.6927
                0x1ffffd4c       0x40 ./Generated_Code/CDC1.o
 .bss.SR_lock   0x1ffffd8c        0x1 ./Generated_Code/Cpu.o
                0x1ffffd8c                SR_lock
 *fill*         0x1ffffd8d        0x3 
 .bss.IFsh1_CurrentCommand
                0x1ffffd90        0x4 ./Generated_Code/IFsh1.o
 .bss.IFsh1_CmdResult
                0x1ffffd94        0x1 ./Generated_Code/IFsh1.o
 .bss.IFsh1_CmdPending
                0x1ffffd95        0x1 ./Generated_Code/IFsh1.o
 .bss.IFsh1_EnEvent
                0x1ffffd96        0x1 ./Generated_Code/IFsh1.o
 *fill*         0x1ffffd97        0x1 
 .bss.IntFlashLdd1_DevDataPtr
                0x1ffffd98        0x4 ./Generated_Code/IFsh1.o
 .bss.IFsh1_CurrentDataAddress
                0x1ffffd9c        0x4 ./Generated_Code/IFsh1.o
 .bss.IFsh1_CurrentDataSize
                0x1ffffda0        0x4 ./Generated_Code/IFsh1.o
 .bss.IFsh1_FlashAddress
                0x1ffffda4        0x4 ./Generated_Code/IFsh1.o
 .bss.IFsh1_NextSrcDataAddress
                0x1ffffda8        0x4 ./Generated_Code/IFsh1.o
 .bss.IFsh1_RemainingDataSize
                0x1ffffdac        0x4 ./Generated_Code/IFsh1.o
 .bss.tmpSector
                0x1ffffdb0      0x400 ./Generated_Code/IFsh1.o
 .bss.DeviceDataPrv__DEFAULT_RTOS_ALLOC
                0x200001b0       0x18 ./Generated_Code/IntFlashLdd1.o
 .bss.PE_LDD_DeviceDataList
                0x200001c8        0x4 ./Generated_Code/PE_LDD.o
                0x200001c8                PE_LDD_DeviceDataList
 .bss.RNG1_buffer
                0x200001cc       0x34 ./Generated_Code/RNG1.o
 .bss.RNG1_inIdx
                0x20000200        0x1 ./Generated_Code/RNG1.o
 .bss.RNG1_outIdx
                0x20000201        0x1 ./Generated_Code/RNG1.o
 .bss.RNG1_inSize
                0x20000202        0x1 ./Generated_Code/RNG1.o
 *fill*         0x20000203        0x1 
 .bss.Rx1_buffer
                0x20000204       0x28 ./Generated_Code/Rx1.o
 .bss.Rx1_inIdx
                0x2000022c        0x1 ./Generated_Code/Rx1.o
 .bss.Rx1_outIdx
                0x2000022d        0x1 ./Generated_Code/Rx1.o
 .bss.Rx1_inSize
                0x2000022e        0x1 ./Generated_Code/Rx1.o
 *fill*         0x2000022f        0x1 
 .bss.Tx1_buffer
                0x20000230       0x28 ./Generated_Code/Tx1.o
 .bss.Tx1_inIdx
                0x20000258        0x1 ./Generated_Code/Tx1.o
 .bss.Tx1_outIdx
                0x20000259        0x1 ./Generated_Code/Tx1.o
 .bss.Tx1_inSize
                0x2000025a        0x1 ./Generated_Code/Tx1.o
 *fill*         0x2000025b        0x1 
 .bss.g_cdc_class_callback
                0x2000025c        0x4 ./Generated_Code/usb_cdc.o
 .bss.g_vendor_req_callback
                0x20000260        0x4 ./Generated_Code/usb_cdc.o
 .bss.g_cdc_ep  0x20000264       0x9c ./Generated_Code/usb_cdc.o
 .bss.g_pstn_callback
                0x20000300        0x4 ./Generated_Code/usb_cdc_pstn.o
 .bss.g_dte_present
                0x20000304        0x1 ./Generated_Code/usb_cdc_pstn.o
 .bss.g_dte_status
                0x20000305        0x1 ./Generated_Code/usb_cdc_pstn.o
 .bss.g_break_duration
                0x20000306        0x2 ./Generated_Code/usb_cdc_pstn.o
 .bss.g_current_interface
                0x20000308        0x1 ./Generated_Code/usb_cdc_pstn.o
 *fill*         0x20000309        0x3 
 .bss.g_uart_bitmap
                0x2000030c        0x4 ./Generated_Code/usb_cdc_pstn.o
 .bss.g_class_callback
                0x20000310        0x4 ./Generated_Code/usb_class.o
 .bss.g_device_state_before_suspend
                0x20000314        0x1 ./Generated_Code/usb_class.o
 *fill*         0x20000315        0x3 
 .bss.g_bdtmap  0x20000318        0x4 ./Generated_Code/usb_dci_kinetis.o
                0x20000318                g_bdtmap
 .bss.g_bdt_elem
                0x2000031c      0x240 ./Generated_Code/usb_dci_kinetis.o
 .bss.g_dci_controller_Id
                0x2000055c        0x1 ./Generated_Code/usb_dci_kinetis.o
 *fill*         0x2000055d        0x3 
 .bss.g_bdt_address
                0x20000560        0x4 ./Generated_Code/usb_dci_kinetis.o
 .bss.g_abstract_state
                0x20000564        0x4 ./Generated_Code/usb_descriptor.o
 .bss.g_country_code
                0x20000568        0x4 ./Generated_Code/usb_descriptor.o
 .bss.g_alternate_interface
                0x2000056c        0x4 ./Generated_Code/usb_descriptor.o
 .bss.g_usb_component_status
                0x20000570        0x8 ./Generated_Code/usb_driver.o
 .bss.g_usb_ep_status
                0x20000578        0x8 ./Generated_Code/usb_driver.o
 .bss.g_EPn     0x20000580        0x1 ./Generated_Code/usb_driver.o
 .bss.g_EPn_max
                0x20000581        0x1 ./Generated_Code/usb_driver.o
 *fill*         0x20000582        0x2 
 .bss.g_setup_pkt
                0x20000584        0x8 ./Generated_Code/usb_framework.o
 .bss.g_std_framework_data
                0x2000058c        0x2 ./Generated_Code/usb_framework.o
 .bss.g_assigned_address
                0x2000058e        0x1 ./Generated_Code/usb_framework.o
 *fill*         0x2000058f        0x1 
 .bss.g_framework_callback
                0x20000590        0x4 ./Generated_Code/usb_framework.o
 .bss.g_other_req_callback
                0x20000594        0x4 ./Generated_Code/usb_framework.o
 .bss.ext_req_to_host
                0x20000598       0x28 ./Generated_Code/usb_framework.o
 .bss.__malloc_sbrk_start
                0x200005c0        0x4 c:/freescale/kds_3.0.0/toolchain/bin/../lib/gcc/arm-none-eabi/4.8.4/../../../../arm-none-eabi/lib/armv6-m\libg_s.a(lib_a-nano-mallocr.o)
                0x200005c0                __malloc_sbrk_start
 .bss.__malloc_free_list
                0x200005c4        0x4 c:/freescale/kds_3.0.0/toolchain/bin/../lib/gcc/arm-none-eabi/4.8.4/../../../../arm-none-eabi/lib/armv6-m\libg_s.a(lib_a-nano-mallocr.o)
                0x200005c4                __malloc_free_list
 .bss.heap_end.4246
                0x200005c8        0x4 c:/freescale/kds_3.0.0/toolchain/bin/../lib/gcc/arm-none-eabi/4.8.4/../../../../arm-none-eabi/lib/armv6-m\libnosys.a(sbrk.o)
 *(COMMON)
 COMMON         0x200005cc       0x2e ./Sources/Drivers/USB_Echo.o
                0x200005cc                USB_RDY
                0x200005d0                CMD_String_Buffer
                0x200005f0                localBuffer
 *fill*         0x200005fa        0x2 
 COMMON         0x200005fc       0x32 ./Sources/App/Commands.o
                0x200005fc                PrintBuffer
 *fill*         0x2000062e        0x2 
 COMMON         0x20000630       0x30 ./Sources/App/IMU_Data.o
                0x20000630                gy
                0x20000634                az
                0x20000638                my
                0x2000063c                ax
                0x20000640                gz
                0x20000644                mz
                0x20000648                yaw
                0x2000064c                pitch
                0x20000650                roll
                0x20000654                gx
                0x20000658                ay
                0x2000065c                mx
 COMMON         0x20000660      0x400 ./Sources/App/Saved_Settings.o
                0x20000660                My_Saved_Settings_RAM
 COMMON         0x20000a60        0x1 ./Generated_Code/Cpu.o
                0x20000a60                SR_reg
 *fill*         0x20000a61      0x19f 
 COMMON         0x20000c00      0x400 ./Generated_Code/usb_dci_kinetis.o
                0x20000c00                g_Mem
 COMMON         0x20001000        0x4 c:/freescale/kds_3.0.0/toolchain/bin/../lib/gcc/arm-none-eabi/4.8.4/../../../../arm-none-eabi/lib/armv6-m\libg_s.a(lib_a-reent.o)
                0x20001000                errno
                0x20001004                . = ALIGN (0x4)
                0x20001004                __END_BSS = .
                0x20001004                PROVIDE (__bss_end__, __END_BSS)
                0x0000eeec                _romp_at = (___ROM_AT + SIZEOF (.data))

.romp           0x20001004       0x18 load address 0x0000eeec
                0x0000eeec                __S_romp = _romp_at
                0x20001004        0x4 LONG 0xec74 ___ROM_AT
                0x20001008        0x4 LONG 0x1ffff800 _sdata
                0x2000100c        0x4 LONG 0x278 ___data_size
                0x20001010        0x4 LONG 0x0
                0x20001014        0x4 LONG 0x0
                0x20001018        0x4 LONG 0x0
                0x00010000                text_end = (ORIGIN (m_text) + 0xfbf0)
                0x0000ef04                data_init_end = ((___ROM_AT + SIZEOF (.data)) + SIZEOF (.romp))
                0x00000001                ASSERT ((data_init_end <= text_end), region m_text overflowed with text and data)

._user_heap_stack
                0x2000101c      0x100 load address 0x0000ef04
                0x2000101c                . = ALIGN (0x4)
                0x2000101c                PROVIDE (end, .)
                0x2000101c                PROVIDE (_end, .)
                0x2000101c                PROVIDE (__end__, .)
                0x2000101c                __heap_addr = .
                0x2000101c                __HeapBase = .
                0x2000101c                . = (. + __heap_size)
                0x2000101c                __HeapLimit = .
                0x2000111c                . = (. + __stack_size)
 *fill*         0x2000101c      0x100 
                0x2000111c                . = ALIGN (0x4)

.ARM.attributes
                0x00000000       0x28
 *(.ARM.attributes)
 .ARM.attributes
                0x00000000       0x1e c:/freescale/kds_3.0.0/toolchain/bin/../lib/gcc/arm-none-eabi/4.8.4/armv6-m/crti.o
 .ARM.attributes
                0x0000001e       0x2c c:/freescale/kds_3.0.0/toolchain/bin/../lib/gcc/arm-none-eabi/4.8.4/armv6-m/crtbegin.o
 .ARM.attributes
                0x0000004a       0x1b c:/freescale/kds_3.0.0/toolchain/bin/../lib/gcc/arm-none-eabi/4.8.4/../../../../arm-none-eabi/lib/armv6-m/crt0.o
 .ARM.attributes
                0x00000065       0x32 ./Sources/External/cc.o
 .ARM.attributes
                0x00000097       0x32 ./Sources/External/cc2500.o
 .ARM.attributes
                0x000000c9       0x32 ./Sources/Drivers/ADC.o
 .ARM.attributes
                0x000000fb       0x32 ./Sources/Drivers/GPIO.o
 .ARM.attributes
                0x0000012d       0x32 ./Sources/Drivers/LED_PWM.o
 .ARM.attributes
                0x0000015f       0x32 ./Sources/Drivers/PWM.o
 .ARM.attributes
                0x00000191       0x32 ./Sources/Drivers/Remote.o
 .ARM.attributes
                0x000001c3       0x32 ./Sources/Drivers/SPI.o
 .ARM.attributes
                0x000001f5       0x32 ./Sources/Drivers/Timer.o
 .ARM.attributes
                0x00000227       0x32 ./Sources/Drivers/USB_Echo.o
 .ARM.attributes
                0x00000259       0x32 ./Sources/App/Commands.o
 .ARM.attributes
                0x0000028b       0x32 ./Sources/App/IMU_Data.o
 .ARM.attributes
                0x000002bd       0x32 ./Sources/App/Joystick.o
 .ARM.attributes
                0x000002ef       0x32 ./Sources/App/RF_Control.o
 .ARM.attributes
                0x00000321       0x32 ./Sources/App/Saved_Settings.o
 .ARM.attributes
                0x00000353       0x32 ./Sources/App/Scheduler.o
 .ARM.attributes
                0x00000385       0x32 ./Sources/App/Task_List.o
 .ARM.attributes
                0x000003b7       0x32 ./Sources/Events.o
 .ARM.attributes
                0x000003e9       0x32 ./Sources/main.o
 .ARM.attributes
                0x0000041b       0x32 ./Project_Settings/Startup_Code/startup.o
 .ARM.attributes
                0x0000044d       0x32 ./Generated_Code/ADC0.o
 .ARM.attributes
                0x0000047f       0x32 ./Generated_Code/CDC1.o
 .ARM.attributes
                0x000004b1       0x32 ./Generated_Code/Cpu.o
 .ARM.attributes
                0x000004e3       0x32 ./Generated_Code/IFsh1.o
 .ARM.attributes
                0x00000515       0x32 ./Generated_Code/IntFlashLdd1.o
 .ARM.attributes
                0x00000547       0x32 ./Generated_Code/PE_LDD.o
 .ARM.attributes
                0x00000579       0x32 ./Generated_Code/PTC.o
 .ARM.attributes
                0x000005ab       0x32 ./Generated_Code/PTD.o
 .ARM.attributes
                0x000005dd       0x32 ./Generated_Code/RNG1.o
 .ARM.attributes
                0x0000060f       0x32 ./Generated_Code/Rx1.o
 .ARM.attributes
                0x00000641       0x32 ./Generated_Code/SPI0.o
 .ARM.attributes
                0x00000673       0x32 ./Generated_Code/TPM1.o
 .ARM.attributes
                0x000006a5       0x32 ./Generated_Code/TPM2.o
 .ARM.attributes
                0x000006d7       0x32 ./Generated_Code/Tx1.o
 .ARM.attributes
                0x00000709       0x32 ./Generated_Code/USB0.o
 .ARM.attributes
                0x0000073b       0x32 ./Generated_Code/USB1.o
 .ARM.attributes
                0x0000076d       0x32 ./Generated_Code/Vectors.o
 .ARM.attributes
                0x0000079f       0x32 ./Generated_Code/WAIT1.o
 .ARM.attributes
                0x000007d1       0x32 ./Generated_Code/usb_cdc.o
 .ARM.attributes
                0x00000803       0x32 ./Generated_Code/usb_cdc_pstn.o
 .ARM.attributes
                0x00000835       0x32 ./Generated_Code/usb_class.o
 .ARM.attributes
                0x00000867       0x32 ./Generated_Code/usb_dci_kinetis.o
 .ARM.attributes
                0x00000899       0x32 ./Generated_Code/usb_descriptor.o
 .ARM.attributes
                0x000008cb       0x32 ./Generated_Code/usb_driver.o
 .ARM.attributes
                0x000008fd       0x32 ./Generated_Code/usb_framework.o
 .ARM.attributes
                0x0000092f       0x32 ./Generated_Code/wdt_kinetis.o
 .ARM.attributes
                0x00000961       0x1e c:/freescale/kds_3.0.0/toolchain/bin/../lib/gcc/arm-none-eabi/4.8.4/armv6-m\libgcc.a(_udivsi3.o)
 .ARM.attributes
                0x0000097f       0x1e c:/freescale/kds_3.0.0/toolchain/bin/../lib/gcc/arm-none-eabi/4.8.4/armv6-m\libgcc.a(_divsi3.o)
 .ARM.attributes
                0x0000099d       0x1e c:/freescale/kds_3.0.0/toolchain/bin/../lib/gcc/arm-none-eabi/4.8.4/armv6-m\libgcc.a(_dvmd_tls.o)
 .ARM.attributes
                0x000009bb       0x1e c:/freescale/kds_3.0.0/toolchain/bin/../lib/gcc/arm-none-eabi/4.8.4/armv6-m\libgcc.a(_arm_cmpdf2.o)
 .ARM.attributes
                0x000009d9       0x1e c:/freescale/kds_3.0.0/toolchain/bin/../lib/gcc/arm-none-eabi/4.8.4/armv6-m\libgcc.a(_arm_cmpsf2.o)
 .ARM.attributes
                0x000009f7       0x2c c:/freescale/kds_3.0.0/toolchain/bin/../lib/gcc/arm-none-eabi/4.8.4/armv6-m\libgcc.a(_fixunsdfsi.o)
 .ARM.attributes