Archive member included because of file (symbol)

c:/freescale/kds_3.0.0/toolchain/bin/../lib/gcc/arm-none-eabi/4.8.4/../../../../arm-none-eabi/lib/armv7e-m/fpu\libm.a(lib_a-s_atan.o)
                              ./Sources/Drivers/External/MPU9250.o (atan)
c:/freescale/kds_3.0.0/toolchain/bin/../lib/gcc/arm-none-eabi/4.8.4/../../../../arm-none-eabi/lib/armv7e-m/fpu\libm.a(lib_a-s_cos.o)
                              ./Sources/Drivers/External/MPU9250.o (cos)
c:/freescale/kds_3.0.0/toolchain/bin/../lib/gcc/arm-none-eabi/4.8.4/../../../../arm-none-eabi/lib/armv7e-m/fpu\libm.a(lib_a-s_fabs.o)
                              c:/freescale/kds_3.0.0/toolchain/bin/../lib/gcc/arm-none-eabi/4.8.4/../../../../arm-none-eabi/lib/armv7e-m/fpu\libm.a(lib_a-s_atan.o) (fabs)
c:/freescale/kds_3.0.0/toolchain/bin/../lib/gcc/arm-none-eabi/4.8.4/../../../../arm-none-eabi/lib/armv7e-m/fpu\libm.a(lib_a-s_sin.o)
                              ./Sources/Drivers/External/MPU9250.o (sin)
c:/freescale/kds_3.0.0/toolchain/bin/../lib/gcc/arm-none-eabi/4.8.4/../../../../arm-none-eabi/lib/armv7e-m/fpu\libm.a(lib_a-sf_cos.o)
                              ./Sources/Drivers/External/MPU9250.o (cosf)
c:/freescale/kds_3.0.0/toolchain/bin/../lib/gcc/arm-none-eabi/4.8.4/../../../../arm-none-eabi/lib/armv7e-m/fpu\libm.a(lib_a-sf_sin.o)
                              ./Sources/Drivers/External/MPU9250.o (sinf)
c:/freescale/kds_3.0.0/toolchain/bin/../lib/gcc/arm-none-eabi/4.8.4/../../../../arm-none-eabi/lib/armv7e-m/fpu\libm.a(lib_a-w_atan2.o)
                              ./Sources/Drivers/External/MPU9250.o (atan2)
c:/freescale/kds_3.0.0/toolchain/bin/../lib/gcc/arm-none-eabi/4.8.4/../../../../arm-none-eabi/lib/armv7e-m/fpu\libm.a(lib_a-w_pow.o)
                              ./Sources/Drivers/External/MPU9250.o (pow)
c:/freescale/kds_3.0.0/toolchain/bin/../lib/gcc/arm-none-eabi/4.8.4/../../../../arm-none-eabi/lib/armv7e-m/fpu\libm.a(lib_a-w_sqrt.o)
                              ./Sources/Drivers/External/MPU9250.o (sqrt)
c:/freescale/kds_3.0.0/toolchain/bin/../lib/gcc/arm-none-eabi/4.8.4/../../../../arm-none-eabi/lib/armv7e-m/fpu\libm.a(lib_a-wf_atan2.o)
                              ./Sources/Drivers/External/MPU9250.o (atan2f)
c:/freescale/kds_3.0.0/toolchain/bin/../lib/gcc/arm-none-eabi/4.8.4/../../../../arm-none-eabi/lib/armv7e-m/fpu\libm.a(lib_a-e_atan2.o)
                              c:/freescale/kds_3.0.0/toolchain/bin/../lib/gcc/arm-none-eabi/4.8.4/../../../../arm-none-eabi/lib/armv7e-m/fpu\libm.a(lib_a-w_atan2.o) (__ieee754_atan2)
c:/freescale/kds_3.0.0/toolchain/bin/../lib/gcc/arm-none-eabi/4.8.4/../../../../arm-none-eabi/lib/armv7e-m/fpu\libm.a(lib_a-e_pow.o)
                              c:/freescale/kds_3.0.0/toolchain/bin/../lib/gcc/arm-none-eabi/4.8.4/../../../../arm-none-eabi/lib/armv7e-m/fpu\libm.a(lib_a-w_pow.o) (__ieee754_pow)
c:/freescale/kds_3.0.0/toolchain/bin/../lib/gcc/arm-none-eabi/4.8.4/../../../../arm-none-eabi/lib/armv7e-m/fpu\libm.a(lib_a-e_rem_pio2.o)
                              c:/freescale/kds_3.0.0/toolchain/bin/../lib/gcc/arm-none-eabi/4.8.4/../../../../arm-none-eabi/lib/armv7e-m/fpu\libm.a(lib_a-s_cos.o) (__ieee754_rem_pio2)
c:/freescale/kds_3.0.0/toolchain/bin/../lib/gcc/arm-none-eabi/4.8.4/../../../../arm-none-eabi/lib/armv7e-m/fpu\libm.a(lib_a-e_sqrt.o)
                              c:/freescale/kds_3.0.0/toolchain/bin/../lib/gcc/arm-none-eabi/4.8.4/../../../../arm-none-eabi/lib/armv7e-m/fpu\libm.a(lib_a-w_sqrt.o) (__ieee754_sqrt)
c:/freescale/kds_3.0.0/toolchain/bin/../lib/gcc/arm-none-eabi/4.8.4/../../../../arm-none-eabi/lib/armv7e-m/fpu\libm.a(lib_a-ef_atan2.o)
                              c:/freescale/kds_3.0.0/toolchain/bin/../lib/gcc/arm-none-eabi/4.8.4/../../../../arm-none-eabi/lib/armv7e-m/fpu\libm.a(lib_a-wf_atan2.o) (__ieee754_atan2f)
c:/freescale/kds_3.0.0/toolchain/bin/../lib/gcc/arm-none-eabi/4.8.4/../../../../arm-none-eabi/lib/armv7e-m/fpu\libm.a(lib_a-ef_rem_pio2.o)
                              c:/freescale/kds_3.0.0/toolchain/bin/../lib/gcc/arm-none-eabi/4.8.4/../../../../arm-none-eabi/lib/armv7e-m/fpu\libm.a(lib_a-sf_cos.o) (__ieee754_rem_pio2f)
c:/freescale/kds_3.0.0/toolchain/bin/../lib/gcc/arm-none-eabi/4.8.4/../../../../arm-none-eabi/lib/armv7e-m/fpu\libm.a(lib_a-k_cos.o)
                              c:/freescale/kds_3.0.0/toolchain/bin/../lib/gcc/arm-none-eabi/4.8.4/../../../../arm-none-eabi/lib/armv7e-m/fpu\libm.a(lib_a-s_cos.o) (__kernel_cos)
c:/freescale/kds_3.0.0/toolchain/bin/../lib/gcc/arm-none-eabi/4.8.4/../../../../arm-none-eabi/lib/armv7e-m/fpu\libm.a(lib_a-k_rem_pio2.o)
                              c:/freescale/kds_3.0.0/toolchain/bin/../lib/gcc/arm-none-eabi/4.8.4/../../../../arm-none-eabi/lib/armv7e-m/fpu\libm.a(lib_a-e_rem_pio2.o) (__kernel_rem_pio2)
c:/freescale/kds_3.0.0/toolchain/bin/../lib/gcc/arm-none-eabi/4.8.4/../../../../arm-none-eabi/lib/armv7e-m/fpu\libm.a(lib_a-k_sin.o)
[...]
Memory Configuration

Name             Origin             Length             Attributes
m_interrupts     0x00000000         0x00000198         xr
m_text           0x00000410         0x0007fbf0         xr
m_data           0x1fff0000         0x00010000         rw
m_data_20000000  0x20000000         0x00010000         rw
m_cfmprotrom     0x00000400         0x00000010         xr
*default*        0x00000000         0xffffffff

Linker script and memory map

LOAD c:/freescale/kds_3.0.0/toolchain/bin/../lib/gcc/arm-none-eabi/4.8.4/armv7e-m/fpu/crti.o
LOAD c:/freescale/kds_3.0.0/toolchain/bin/../lib/gcc/arm-none-eabi/4.8.4/armv7e-m/fpu/crtbegin.o
LOAD c:/freescale/kds_3.0.0/toolchain/bin/../lib/gcc/arm-none-eabi/4.8.4/../../../../arm-none-eabi/lib/armv7e-m/fpu/crt0.o
LOAD ./Static_Code/System/CPU_Init.o
LOAD ./Static_Code/System/Peripherals_Init.o
LOAD ./Static_Code/System/Vectors.o
LOAD ./Static_Code/Peripherals/ADC0_Init.o
LOAD ./Static_Code/Peripherals/FTM0_Init.o
LOAD ./Static_Code/Peripherals/FTM1_Init.o
LOAD ./Static_Code/Peripherals/FTM2_Init.o
LOAD ./Static_Code/Peripherals/FTM3_Init.o
LOAD ./Static_Code/Peripherals/PTC_Init.o
LOAD ./Static_Code/Peripherals/PTD_Init.o
LOAD ./Static_Code/Peripherals/SPI0_Init.o
LOAD ./Static_Code/Peripherals/SPI1_Init.o
LOAD ./Static_Code/Peripherals/UART0_Init.o
LOAD ./Static_Code/Peripherals/USB0_Init.o
LOAD ./Sources/Schedule/Scheduler.o
LOAD ./Sources/Schedule/Task_List.o
LOAD ./Sources/Drivers/External/MPU9250.o
LOAD ./Sources/Drivers/External/Mag_Filter.o
LOAD ./Sources/Drivers/External/cc.o
LOAD ./Sources/Drivers/External/cc2500.o
LOAD ./Sources/Drivers/ADC.o
LOAD ./Sources/Drivers/FC.o
LOAD ./Sources/Drivers/GPIO.o
LOAD ./Sources/Drivers/LED_PWM.o
LOAD ./Sources/Drivers/PWM.o
LOAD ./Sources/Drivers/SPI.o
LOAD ./Sources/Drivers/TPM0.o
LOAD ./Sources/Drivers/serial.o
LOAD ./Sources/Application/Commands.o
LOAD ./Sources/Application/Flight.o
LOAD ./Sources/Application/ICL.o
LOAD ./Sources/Application/ICL_Test.o
LOAD ./Sources/Application/RF.o
LOAD ./Sources/Application/Saved_Settings.o
LOAD ./Sources/Application/USB.o
LOAD ./Sources/Events.o
LOAD ./Sources/main.o
LOAD ./Project_Settings/Startup_Code/startup.o
LOAD ./Generated_Code/CDC1.o
LOAD ./Generated_Code/CS1.o
LOAD ./Generated_Code/Cpu.o
LOAD ./Generated_Code/IFsh1.o
LOAD ./Generated_Code/IntFlashLdd1.o
LOAD ./Generated_Code/PE_LDD.o
LOAD ./Generated_Code/Pins1.o
LOAD ./Generated_Code/RNG1.o
LOAD ./Generated_Code/Rx1.o
LOAD ./Generated_Code/Tx1.o
LOAD ./Generated_Code/USB1.o
LOAD ./Generated_Code/UTIL1.o
LOAD ./Generated_Code/WAIT1.o
LOAD ./Generated_Code/usb_cdc.o
LOAD ./Generated_Code/usb_cdc_pstn.o
LOAD ./Generated_Code/usb_class.o
LOAD ./Generated_Code/usb_dci_kinetis.o
LOAD ./Generated_Code/usb_descriptor.o
LOAD ./Generated_Code/usb_driver.o
LOAD ./Generated_Code/usb_framework.o
LOAD ./Generated_Code/wdt_kinetis.o
LOAD c:/freescale/kds_3.0.0/toolchain/bin/../lib/gcc/arm-none-eabi/4.8.4/../../../../arm-none-eabi/lib/armv7e-m/fpu\libstdc++_s.a
LOAD c:/freescale/kds_3.0.0/toolchain/bin/../lib/gcc/arm-none-eabi/4.8.4/../../../../arm-none-eabi/lib/armv7e-m/fpu\libm.a
START GROUP
LOAD c:/freescale/kds_3.0.0/toolchain/bin/../lib/gcc/arm-none-eabi/4.8.4/armv7e-m/fpu\libgcc.a
LOAD c:/freescale/kds_3.0.0/toolchain/bin/../lib/gcc/arm-none-eabi/4.8.4/../../../../arm-none-eabi/lib/armv7e-m/fpu\libg_s.a
LOAD c:/freescale/kds_3.0.0/toolchain/bin/../lib/gcc/arm-none-eabi/4.8.4/../../../../arm-none-eabi/lib/armv7e-m/fpu\libc_s.a
END GROUP
START GROUP
LOAD c:/freescale/kds_3.0.0/toolchain/bin/../lib/gcc/arm-none-eabi/4.8.4/armv7e-m/fpu\libgcc.a
LOAD c:/freescale/kds_3.0.0/toolchain/bin/../lib/gcc/arm-none-eabi/4.8.4/../../../../arm-none-eabi/lib/armv7e-m/fpu\libc_s.a
LOAD c:/freescale/kds_3.0.0/toolchain/bin/../lib/gcc/arm-none-eabi/4.8.4/../../../../arm-none-eabi/lib/armv7e-m/fpu\libnosys.a
END GROUP
START GROUP
LOAD c:/freescale/kds_3.0.0/toolchain/bin/../lib/gcc/arm-none-eabi/4.8.4/armv7e-m/fpu\libgcc.a
LOAD c:/freescale/kds_3.0.0/toolchain/bin/../lib/gcc/arm-none-eabi/4.8.4/../../../../arm-none-eabi/lib/armv7e-m/fpu\libc_s.a
LOAD c:/freescale/kds_3.0.0/toolchain/bin/../lib/gcc/arm-none-eabi/4.8.4/../../../../arm-none-eabi/lib/armv7e-m/fpu\libnosys.a
END GROUP
LOAD c:/freescale/kds_3.0.0/toolchain/bin/../lib/gcc/arm-none-eabi/4.8.4/armv7e-m/fpu/crtend.o
LOAD c:/freescale/kds_3.0.0/toolchain/bin/../lib/gcc/arm-none-eabi/4.8.4/armv7e-m/fpu/crtn.o
                0x20000000                _estack = 0x20000000
                0x20000000                __SP_INIT = _estack
                0x20000000                __stack = _estack
                0x00000400                __heap_size = 0x400
                0x00000400                __stack_size = 0x400

.interrupts     0x00000000      0x198
                0x00000000                __vector_table = .
                0x00000000                . = ALIGN (0x4)
 *(.vectortable)
 .vectortable   0x00000000      0x198 ./Static_Code/System/Vectors.o
                0x00000000                __vect_table
                0x00000198                . = ALIGN (0x4)

.cfmprotect     0x00000400       0x10
                0x00000400                . = ALIGN (0x4)
 *(.cfmconfig)
 .cfmconfig     0x00000400       0x10 ./Static_Code/System/CPU_Init.o
                0x00000400                _cfm
                0x00000410                . = ALIGN (0x4)

.text           0x00000800    0x12a3c
                0x00000800                . = ALIGN (0x4)
 *(.text)
 .text          0x00000800       0x54 c:/freescale/kds_3.0.0/toolchain/bin/../lib/gcc/arm-none-eabi/4.8.4/armv7e-m/fpu/crtbegin.o
 .text          0x00000854       0x74 c:/freescale/kds_3.0.0/toolchain/bin/../lib/gcc/arm-none-eabi/4.8.4/../../../../arm-none-eabi/lib/armv7e-m/fpu/crt0.o
                0x00000854                _start
                0x00000854                _mainCRTStartup
 .text          0x000008c8      0x370 c:/freescale/kds_3.0.0/toolchain/bin/../lib/gcc/arm-none-eabi/4.8.4/armv7e-m/fpu\libgcc.a(_arm_addsubdf3.o)
                0x000008c8                __aeabi_drsub
                0x000008d0                __aeabi_dsub
                0x000008d0                __subdf3
                0x000008d4                __aeabi_dadd
                0x000008d4                __adddf3
                0x00000b4c                __floatunsidf
                0x00000b4c                __aeabi_ui2d
                0x00000b6c                __floatsidf
                0x00000b6c                __aeabi_i2d
                0x00000b90                __aeabi_f2d
                0x00000b90                __extendsfdf2
                0x00000bcc                __floatundidf
                0x00000bcc                __aeabi_ul2d
                0x00000bdc                __floatdidf
                0x00000bdc                __aeabi_l2d
 .text          0x00000c38      0x424 c:/freescale/kds_3.0.0/toolchain/bin/../lib/gcc/arm-none-eabi/4.8.4/armv7e-m/fpu\libgcc.a(_arm_muldivdf3.o)
                0x00000c38                __aeabi_dmul
                0x00000c38                __muldf3
                0x00000e8c                __divdf3
                0x00000e8c                __aeabi_ddiv
 .text          0x0000105c      0x110 c:/freescale/kds_3.0.0/toolchain/bin/../lib/gcc/arm-none-eabi/4.8.4/armv7e-m/fpu\libgcc.a(_arm_cmpdf2.o)
                0x0000105c                __gtdf2
                0x0000105c                __gedf2
                0x00001064                __ltdf2
                0x00001064                __ledf2
                0x0000106c                __nedf2
                0x0000106c                __eqdf2
                0x0000106c                __cmpdf2
                0x000010e8                __aeabi_cdrcmple
                0x000010f8                __aeabi_cdcmpeq
                0x000010f8                __aeabi_cdcmple
                0x00001108                __aeabi_dcmpeq
                0x0000111c                __aeabi_dcmplt
                0x00001130                __aeabi_dcmple
                0x00001144                __aeabi_dcmpge
                0x00001158                __aeabi_dcmpgt
 .text          0x0000116c       0x50 c:/freescale/kds_3.0.0/toolchain/bin/../lib/gcc/arm-none-eabi/4.8.4/armv7e-m/fpu\libgcc.a(_arm_fixdfsi.o)
                0x0000116c                __aeabi_d2iz
                0x0000116c                __fixdfsi
 .text          0x000011bc       0xa0 c:/freescale/kds_3.0.0/toolchain/bin/../lib/gcc/arm-none-eabi/4.8.4/armv7e-m/fpu\libgcc.a(_arm_truncdfsf2.o)
                0x000011bc                __truncdfsf2
                0x000011bc                __aeabi_d2f
 *(.text*)
 .text.CPU_SetBASEPRI
                0x0000125c       0x18 ./Static_Code/System/CPU_Init.o
                0x0000125c                CPU_SetBASEPRI
 .text.__init_hardware
                0x00001274       0xb8 ./Static_Code/System/CPU_Init.o
                0x00001274                __init_hardware
 .text.PE_low_level_init
                0x0000132c       0x18 ./Static_Code/System/CPU_Init.o
                0x0000132c                PE_low_level_init
 .text.CPU_GetClockGenMode
                0x00001344       0x90 ./Static_Code/System/CPU_Init.o
                0x00001344                CPU_GetClockGenMode
 .text.CPU_SetClockConfigGenMode
                0x000013d4      0x54c ./Static_Code/System/CPU_Init.o
                0x000013d4                CPU_SetClockConfigGenMode
 .text.Peripherals_Init
                0x00001920       0x34 ./Static_Code/System/Peripherals_Init.o
                0x00001920                Peripherals_Init
 .text.UnhandledInterrupt
                0x00001954       0x18 ./Static_Code/System/Vectors.o
                0x00001954                UnhandledInterrupt
 .text.ADC0_Init
                0x0000196c       0x48 ./Static_Code/Peripherals/ADC0_Init.o
                0x0000196c                ADC0_Init
 .text.FTM0_Init
                0x000019b4      0x250 ./Static_Code/Peripherals/FTM0_Init.o
                0x000019b4                FTM0_Init
 .text.FTM1_Init
                0x00001c04      0x1a8 ./Static_Code/Peripherals/FTM1_Init.o
                0x00001c04                FTM1_Init
 .text.FTM2_Init
                0x00001dac      0x168 ./Static_Code/Peripherals/FTM2_Init.o
                0x00001dac                FTM2_Init
 .text.FTM3_Init
                0x00001f14      0x1ec ./Static_Code/Peripherals/FTM3_Init.o
                0x00001f14                FTM3_Init
 .text.PTC_Init
                0x00002100       0x34 ./Static_Code/Peripherals/PTC_Init.o
                0x00002100                PTC_Init
 .text.PTD_Init
                0x00002134       0x34 ./Static_Code/Peripherals/PTD_Init.o
                0x00002134                PTD_Init
 .text.SPI0_Init
                0x00002168       0x60 ./Static_Code/Peripherals/SPI0_Init.o
                0x00002168                SPI0_Init
 .text.SPI1_Init
                0x000021c8       0x5c ./Static_Code/Peripherals/SPI1_Init.o
                0x000021c8                SPI1_Init
 .text.UART0_Init
                0x00002224       0xe8 ./Static_Code/Peripherals/UART0_Init.o
                0x00002224                UART0_Init
 .text.USB0_Init
                0x0000230c      0x174 ./Static_Code/Peripherals/USB0_Init.o
                0x0000230c                USB0_Init
 .text.run_scheduler
                0x00002480       0x8c ./Sources/Schedule/Scheduler.o
                0x00002480                run_scheduler
 .text.Check_Scheduler
                0x0000250c       0x3c ./Sources/Schedule/Scheduler.o
                0x0000250c                Check_Scheduler
 .text.Start_Scheduler
                0x00002548        0xc ./Sources/Schedule/Scheduler.o
                0x00002548                Start_Scheduler
 .text.Run_Default_Task
                0x00002554        0xc ./Sources/Schedule/Task_List.o
                0x00002554                Run_Default_Task
 .text.Run_5MS_Task
                0x00002560        0xc ./Sources/Schedule/Task_List.o
                0x00002560                Run_5MS_Task
 .text.Run_10MS_Task
                0x0000256c        0xc ./Sources/Schedule/Task_List.o
                0x0000256c                Run_10MS_Task
 .text.Run_20MS_Task
                0x00002578        0xc ./Sources/Schedule/Task_List.o
                0x00002578                Run_20MS_Task
 .text.Run_40MS_Task
                0x00002584        0xc ./Sources/Schedule/Task_List.o
                0x00002584                Run_40MS_Task
 .text.Run_80MS_Task
                0x00002590       0x24 ./Sources/Schedule/Task_List.o
                0x00002590                Run_80MS_Task
 .text.Run_160MS_Task
                0x000025b4        0xc ./Sources/Schedule/Task_List.o
                0x000025b4                Run_160MS_Task
 .text.Run_320MS_Task
                0x000025c0        0xc ./Sources/Schedule/Task_List.o
                0x000025c0                Run_320MS_Task
 .text.Run_640MS_Task
                0x000025cc        0xc ./Sources/Schedule/Task_List.o
                0x000025cc                Run_640MS_Task
 .text.Run_1280MS_Task
                0x000025d8        0xc ./Sources/Schedule/Task_List.o
                0x000025d8                Run_1280MS_Task
 .text.Read_MPU92500_Reg
                0x000025e4       0x4c ./Sources/Drivers/External/MPU9250.o
                0x000025e4                Read_MPU92500_Reg
 .text.Read_MPU92500_Regs
                0x00002630       0x68 ./Sources/Drivers/External/MPU9250.o
                0x00002630                Read_MPU92500_Regs
 .text.Write_MPU9250_Write
                0x00002698       0x44 ./Sources/Drivers/External/MPU9250.o
                0x00002698                Write_MPU9250_Write
 .text.Write_MPU9250_Mag_Reg
                0x000026dc       0x68 ./Sources/Drivers/External/MPU9250.o
                0x000026dc                Write_MPU9250_Mag_Reg
 .text.Read_MPU9250_Mag_Reg
                0x00002744       0x7c ./Sources/Drivers/External/MPU9250.o
                0x00002744                Read_MPU9250_Mag_Reg
 .text.MPU_Test_ID
                0x000027c0       0x2c ./Sources/Drivers/External/MPU9250.o
                0x000027c0                MPU_Test_ID
 .text.writeByte
                0x000027ec       0x3c ./Sources/Drivers/External/MPU9250.o
                0x000027ec                writeByte
 .text.readBytes
                0x00002828       0x64 ./Sources/Drivers/External/MPU9250.o
                0x00002828                readBytes
 .text.delay    0x0000288c       0x18 ./Sources/Drivers/External/MPU9250.o
                0x0000288c                delay
 .text.readByte
                0x000028a4       0x40 ./Sources/Drivers/External/MPU9250.o
                0x000028a4                readByte
 *fill*         0x000028e4        0x4 
 .text.MPU9250SelfTest
                0x000028e8      0x7d0 ./Sources/Drivers/External/MPU9250.o
                0x000028e8                MPU9250SelfTest
 .text.calibrateMPU9250
                0x000030b8      0x56c ./Sources/Drivers/External/MPU9250.o
                0x000030b8                calibrateMPU9250
 .text.initMPU9250
                0x00003624       0xa0 ./Sources/Drivers/External/MPU9250.o
                0x00003624                initMPU9250
 .text.initAK8963
                0x000036c4      0x1e8 ./Sources/Drivers/External/MPU9250.o
                0x000036c4                initAK8963
 .text.getMres  0x000038ac       0x3c ./Sources/Drivers/External/MPU9250.o
                0x000038ac                getMres
 .text.getGres  0x000038e8       0x64 ./Sources/Drivers/External/MPU9250.o
                0x000038e8                getGres
 .text.getAres  0x0000394c       0x5c ./Sources/Drivers/External/MPU9250.o
                0x0000394c                getAres
 .text.magScale
                0x000039a8       0x60 ./Sources/Drivers/External/MPU9250.o
                0x000039a8                magScale
 .text.magCalibrate
                0x00003a08       0xf0 ./Sources/Drivers/External/MPU9250.o
                0x00003a08                magCalibrate
 .text.Save_Mag_Calbration
                0x00003af8       0x5c ./Sources/Drivers/External/MPU9250.o
                0x00003af8                Save_Mag_Calbration
 .text.handleMag
                0x00003b54       0x8c ./Sources/Drivers/External/MPU9250.o
                0x00003b54                handleMag
 .text.tryGetIMUData
                0x00003be0      0xba8 ./Sources/Drivers/External/MPU9250.o
                0x00003be0                tryGetIMUData
 .text.Get_Angle
                0x00004788       0x7c ./Sources/Drivers/External/MPU9250.o
                0x00004788                Get_Angle
 .text.Init_MPU
                0x00004804       0x98 ./Sources/Drivers/External/MPU9250.o
                0x00004804                Init_MPU
 .text.wait_cycles
                0x0000489c       0x24 ./Sources/Drivers/External/cc.o
                0x0000489c                wait_cycles
 .text.cc_write_reg
                0x000048c0       0x38 ./Sources/Drivers/External/cc.o
                0x000048c0                cc_write_reg
 .text.cc_write_burst_reg
                0x000048f8       0x5c ./Sources/Drivers/External/cc.o
                0x000048f8                cc_write_burst_reg
 .text.cc_read_reg
                0x00004954       0x40 ./Sources/Drivers/External/cc.o
                0x00004954                cc_read_reg
 .text.cc_read_burst_reg
                0x00004994       0x5c ./Sources/Drivers/External/cc.o
                0x00004994                cc_read_burst_reg
 .text.cc_read_status
                0x000049f0       0x40 ./Sources/Drivers/External/cc.o
                0x000049f0                cc_read_status
 .text.cc_strobe
                0x00004a30       0x2c ./Sources/Drivers/External/cc.o
                0x00004a30                cc_strobe
 .text.cc_powerup_reset
                0x00004a5c       0xac ./Sources/Drivers/External/cc.o
                0x00004a5c                cc_powerup_reset
 .text.setup_cc2500
                0x00004b08       0x84 ./Sources/Drivers/External/cc2500.o
                0x00004b08                setup_cc2500
 .text.cc2500_tx
                0x00004b8c       0x24 ./Sources/Drivers/External/cc2500.o
                0x00004b8c                cc2500_tx
 .text.receive_packet_fixed_length
                0x00004bb0       0x5c ./Sources/Drivers/External/cc2500.o
                0x00004bb0                receive_packet_fixed_length
 .text.writeRFSettings
                0x00004c0c      0x17c ./Sources/Drivers/External/cc2500.o
                0x00004c0c                writeRFSettings
 .text.Quick_Reset_Core
                0x00004d88       0x38 ./Sources/Drivers/External/cc2500.o
                0x00004d88                Quick_Reset_Core
 .text.Set_Channel
                0x00004dc0       0x28 ./Sources/Drivers/ADC.o
                0x00004dc0                Set_Channel
 .text.Init_ADC
                0x00004de8        0xc ./Sources/Drivers/ADC.o
                0x00004de8                Init_ADC
 .text.Get_ADC_Value
                0x00004df4       0x24 ./Sources/Drivers/ADC.o
                0x00004df4                Get_ADC_Value
 .text.Init_FC_IO
                0x00004e18       0x4c ./Sources/Drivers/FC.o
                0x00004e18                Init_FC_IO
 .text.GPIO_Enable_All_Ports
                0x00004e64       0x28 ./Sources/Drivers/GPIO.o
                0x00004e64                GPIO_Enable_All_Ports
 .text.Define_GPIO
                0x00004e8c      0x194 ./Sources/Drivers/GPIO.o
                0x00004e8c                Define_GPIO
 .text.Setup_Pin
                0x00005020       0x34 ./Sources/Drivers/GPIO.o
                0x00005020                Setup_Pin
 .text.Set_Pin  0x00005054       0x24 ./Sources/Drivers/GPIO.o
                0x00005054                Set_Pin
 .text.Toggle_Pin
                0x00005078       0x9c ./Sources/Drivers/GPIO.o
                0x00005078                Toggle_Pin
 .text.Set_Output_GPIO
                0x00005114       0xfc ./Sources/Drivers/GPIO.o
                0x00005114                Set_Output_GPIO
 .text.GLED_Sequence
                0x00005210       0x64 ./Sources/Drivers/LED_PWM.o
                0x00005210                GLED_Sequence
 .text.RLED_Sequence
                0x00005274       0x64 ./Sources/Drivers/LED_PWM.o
                0x00005274                RLED_Sequence
 .text.Handle_Fade
                0x000052d8       0x2c ./Sources/Drivers/LED_PWM.o
                0x000052d8                Handle_Fade
 .text.Handle_LED_Fade
                0x00005304       0x14 ./Sources/Drivers/LED_PWM.o
                0x00005304                Handle_LED_Fade
 .text.Set_PWM_Reg
                0x00005318       0x5c ./Sources/Drivers/PWM.o
                0x00005318                Set_PWM_Reg
 .text.Set_PPM_Reg
                0x00005374       0x78 ./Sources/Drivers/PWM.o
                0x00005374                Set_PPM_Reg
 .text.spi_send_recv
                0x000053ec       0x40 ./Sources/Drivers/SPI.o
                0x000053ec                spi_send_recv
 .text.spi_send_recv_CC
                0x0000542c       0x40 ./Sources/Drivers/SPI.o
                0x0000542c                spi_send_recv_CC
 .text.Get_System_Tick
                0x0000546c       0x18 ./Sources/Drivers/TPM0.o
                0x0000546c                Get_System_Tick
 .text.FT1      0x00005484       0x24 ./Sources/Drivers/TPM0.o
                0x00005484                FT1
 .text.Pull_ESC_Outputs_Low
                0x000054a8       0x48 ./Sources/Drivers/TPM0.o
                0x000054a8                Pull_ESC_Outputs_Low
 .text.FTM_ISR  0x000054f0       0x68 ./Sources/Drivers/TPM0.o
                0x000054f0                FTM_ISR
 .text.FT2      0x00005558       0x34 ./Sources/Drivers/TPM0.o
                0x00005558                FT2
 .text.Enable_ESC_Outputs
                0x0000558c       0x30 ./Sources/Drivers/TPM0.o
                0x0000558c                Enable_ESC_Outputs
 .text.FT3      0x000055bc       0x50 ./Sources/Drivers/TPM0.o
                0x000055bc                FT3
 .text.Get_GUI_Command
                0x0000560c       0x88 ./Sources/Application/Commands.o
                0x0000560c                Get_GUI_Command
 .text.Write_CDC_String
                0x00005694       0x14 ./Sources/Application/Commands.o
                0x00005694                Write_CDC_String
 .text.Get_Hex_Value
                0x000056a8       0x3c ./Sources/Application/Commands.o
                0x000056a8                Get_Hex_Value
 .text.Who_Am_I_Message
                0x000056e4       0x10 ./Sources/Application/Commands.o
                0x000056e4                Who_Am_I_Message
 .text.Get_Acc  0x000056f4       0x68 ./Sources/Application/Commands.o
                0x000056f4                Get_Acc
 .text.Get_Gyro
                0x0000575c       0x68 ./Sources/Application/Commands.o
                0x0000575c                Get_Gyro
 .text.Get_Mag  0x000057c4       0x68 ./Sources/Application/Commands.o
                0x000057c4                Get_Mag
 .text.Get_Kinematics
                0x0000582c       0x68 ./Sources/Application/Commands.o
                0x0000582c                Get_Kinematics
 .text.Set_Mag_Cal_State
                0x00005894       0x38 ./Sources/Application/Commands.o
                0x00005894                Set_Mag_Cal_State
 .text.Set_Motor
                0x000058cc       0x40 ./Sources/Application/Commands.o
                0x000058cc                Set_Motor
 .text.Get_Mag_Cal_State
                0x0000590c       0x3c ./Sources/Application/Commands.o
                0x0000590c                Get_Mag_Cal_State
 .text.Enable_Fast_Data
                0x00005948       0x38 ./Sources/Application/Commands.o
                0x00005948                Enable_Fast_Data
 .text.Get_Data
                0x00005980      0x168 ./Sources/Application/Commands.o
                0x00005980                Get_Data
 .text.Recalibrate_IMU
                0x00005ae8       0x14 ./Sources/Application/Commands.o
                0x00005ae8                Recalibrate_IMU
 .text.Run_GUI_Command
                0x00005afc       0xc0 ./Sources/Application/Commands.o
                0x00005afc                Run_GUI_Command
 .text.Handle_Command
                0x00005bbc       0x2c ./Sources/Application/Commands.o
                0x00005bbc                Handle_Command
 .text.applyThrottle
                0x00005be8       0x84 ./Sources/Application/Flight.o
                0x00005be8                applyThrottle
 .text.applyPitch
                0x00005c6c       0x6c ./Sources/Application/Flight.o
                0x00005c6c                applyPitch
 .text.applyRoll
                0x00005cd8       0x6c ./Sources/Application/Flight.o
                0x00005cd8                applyRoll
 .text.applyYaw
                0x00005d44       0x6c ./Sources/Application/Flight.o
                0x00005d44                applyYaw
 .text.SetMotorSpeeds
                0x00005db0       0x74 ./Sources/Application/Flight.o
                0x00005db0                SetMotorSpeeds
 .text.motorsOff
                0x00005e24       0x68 ./Sources/Application/Flight.o
                0x00005e24                motorsOff
 *fill*         0x00005e8c        0x4 
 .text.Get_PID_Result
                0x00005e90      0x170 ./Sources/Application/Flight.o
                0x00005e90                Get_PID_Result
 .text.Get_Control_Values
                0x00006000       0xa4 ./Sources/Application/Flight.o
                0x00006000                Get_Control_Values
 .text.applyLimits
                0x000060a4       0x9c ./Sources/Application/Flight.o
                0x000060a4                applyLimits
 .text.updateMotorSpeeds
                0x00006140       0x24 ./Sources/Application/Flight.o
                0x00006140                updateMotorSpeeds
 .text.updateManualMotorSpeeds
                0x00006164       0x4c ./Sources/Application/Flight.o
                0x00006164                updateManualMotorSpeeds
 .text.updateQuadControl
                0x000061b0       0x50 ./Sources/Application/Flight.o
                0x000061b0                updateQuadControl
 .text.handleRFKeepAlive
                0x00006200       0x78 ./Sources/Application/RF.o
                0x00006200                handleRFKeepAlive
 .text.handleRadioCore
                0x00006278       0x9c ./Sources/Application/RF.o
                0x00006278                handleRadioCore
 .text.Format_Outing_Meta_Data
                0x00006314      0x398 ./Sources/Application/RF.o
                0x00006314                Format_Outing_Meta_Data
 .text.formatFloat
                0x000066ac       0x64 ./Sources/Application/RF.o
                0x000066ac                formatFloat
 .text.formatFloatF
                0x00006710       0x54 ./Sources/Application/RF.o
                0x00006710                formatFloatF
 .text.formatMotorSpeed
                0x00006764       0xb0 ./Sources/Application/RF.o
                0x00006764                formatMotorSpeed
 .text.TX_IMU_Data
                0x00006814      0x110 ./Sources/Application/RF.o
                0x00006814                TX_IMU_Data
 .text.Handle_Manual_Motor_State
                0x00006924       0x6c ./Sources/Application/RF.o
                0x00006924                Handle_Manual_Motor_State
 .text.Handle_Flight_State_Change
                0x00006990       0x78 ./Sources/Application/RF.o
                0x00006990                Handle_Flight_State_Change
 .text.Handle_Flight_YRPT_Control_Data
                0x00006a08       0x88 ./Sources/Application/RF.o
                0x00006a08                Handle_Flight_YRPT_Control_Data
 .text.Handle_PID_Gain_Data
                0x00006a90       0xf4 ./Sources/Application/RF.o
                0x00006a90                Handle_PID_Gain_Data
 .text.Parse_RF_Packet
                0x00006b84       0x58 ./Sources/Application/RF.o
                0x00006b84                Parse_RF_Packet
 .text.Packet_State
                0x00006bdc       0xd4 ./Sources/Application/RF.o
                0x00006bdc                Packet_State
 .text.Fill_Ring_Buffer
                0x00006cb0       0x34 ./Sources/Application/RF.o
                0x00006cb0                Fill_Ring_Buffer
 .text.Handle_Incoming_Packets
                0x00006ce4       0xf0 ./Sources/Application/RF.o
                0x00006ce4                Handle_Incoming_Packets
 .text.InitRFData
                0x00006dd4       0x88 ./Sources/Application/RF.o
                0x00006dd4                InitRFData
 .text.isSettings_Saved
                0x00006e5c       0x24 ./Sources/Application/Saved_Settings.o
                0x00006e5c                isSettings_Saved
 .text.Sector_Write
                0x00006e80       0x54 ./Sources/Application/Saved_Settings.o
                0x00006e80                Sector_Write
 .text.Save_Settings
                0x00006ed4       0x24 ./Sources/Application/Saved_Settings.o
                0x00006ed4                Save_Settings
 .text.Init_RAM_Settings
                0x00006ef8       0x4c ./Sources/Application/Saved_Settings.o
                0x00006ef8                Init_RAM_Settings
 .text.CheckArrow
                0x00006f44       0xa8 ./Sources/Application/USB.o
                0x00006f44                CheckArrow
 .text.Handle_USB_Read
                0x00006fec      0x10c ./Sources/Application/USB.o
                0x00006fec                Handle_USB_Read
 .text.Handle_USB
                0x000070f8       0x40 ./Sources/Application/USB.o
                0x000070f8                Handle_USB
 .text.PTC_ISR  0x00007138       0x48 ./Sources/Events.o
                0x00007138                PTC_ISR
 .text.PTD_ISR  0x00007180       0x50 ./Sources/Events.o
                0x00007180                PTD_ISR
 .text.ParseLidarPacket
                0x000071d0       0xb8 ./Sources/Events.o
                0x000071d0                ParseLidarPacket
 .text.PointStateMachine
                0x00007288       0x60 ./Sources/Events.o
                0x00007288                PointStateMachine
 .text.UARTRX   0x000072e8       0x64 ./Sources/Events.o
                0x000072e8                UARTRX
 .text.Cpu_OnNMI
                0x0000734c        0xc ./Sources/Events.o
                0x0000734c                Cpu_OnNMI
 .text.IFsh1_OnWriteEnd
                0x00007358        0xc ./Sources/Events.o
                0x00007358                IFsh1_OnWriteEnd
 .text.main     0x00007364      0x120 ./Sources/main.o
                0x00007364                main
 .text.__copy_rom_section
                0x00007484       0xe4 ./Project_Settings/Startup_Code/startup.o
                0x00007484                __copy_rom_section
 .text.__copy_rom_sections_to_ram
                0x00007568       0x9c ./Project_Settings/Startup_Code/startup.o
                0x00007568                __copy_rom_sections_to_ram
 .text.__init_registers
                0x00007604       0x20 ./Project_Settings/Startup_Code/startup.o
                0x00007604                __init_registers
 .text.__init_user
                0x00007624        0xc ./Project_Settings/Startup_Code/startup.o
                0x00007624                __init_user
 .text.__thumb_startup
                0x00007630       0x34 ./Project_Settings/Startup_Code/startup.o
                0x00007630                __thumb_startup
 .text.CDC1_GetCharsInRxBuf
                0x00007664       0x1c ./Generated_Code/CDC1.o
                0x00007664                CDC1_GetCharsInRxBuf
 .text.CDC1_SendChar
                0x00007680       0x54 ./Generated_Code/CDC1.o
                0x00007680                CDC1_SendChar
 .text.CDC1_SendString
                0x000076d4       0x3c ./Generated_Code/CDC1.o
                0x000076d4                CDC1_SendString
 .text.CDC1_App_Callback
                0x00007710       0xc8 ./Generated_Code/CDC1.o
                0x00007710                CDC1_App_Callback
 .text.CDC1_Notify_Callback
                0x000077d8       0x4c ./Generated_Code/CDC1.o
                0x000077d8                CDC1_Notify_Callback
 .text.CDC1_RunUsbEngine
                0x00007824        0xc ./Generated_Code/CDC1.o
                0x00007824                CDC1_RunUsbEngine
 .text.CDC1_SendDataBlock
                0x00007830       0x50 ./Generated_Code/CDC1.o
                0x00007830                CDC1_SendDataBlock
 .text.CDC1_App_Task
                0x00007880       0xa8 ./Generated_Code/CDC1.o
                0x00007880                CDC1_App_Task
 .text.CDC1_Init
                0x00007928       0x5c ./Generated_Code/CDC1.o
                0x00007928                CDC1_Init
 .text.Common_Init
                0x00007984      0x2fc ./Generated_Code/Cpu.o
                0x00007984                Common_Init
 .text.Components_Init
                0x00007c80       0x18 ./Generated_Code/Cpu.o
                0x00007c80                Components_Init
 .text.Cpu_INT_NMIInterrupt
                0x00007c98       0x1c ./Generated_Code/Cpu.o
                0x00007c98                Cpu_INT_NMIInterrupt
 .text.IFsh1_SetFlash
                0x00007cb4      0x110 ./Generated_Code/IFsh1.o
                0x00007cb4                IFsh1_SetFlash
 .text.IFsh1_Init
                0x00007dc4       0x2c ./Generated_Code/IFsh1.o
                0x00007dc4                IFsh1_Init
 .text.IFsh1_EraseSector
                0x00007df0       0x80 ./Generated_Code/IFsh1.o
                0x00007df0                IFsh1_EraseSector
 .text.IFsh1_SetBlockFlash
                0x00007e70       0x24 ./Generated_Code/IFsh1.o
                0x00007e70                IFsh1_SetBlockFlash
 .text.IntFlashLdd1_OnOperationComplete
                0x00007e94       0x94 ./Generated_Code/IFsh1.o
                0x00007e94                IntFlashLdd1_OnOperationComplete
 .text.IntFlashLdd1_OnError
                0x00007f28       0x54 ./Generated_Code/IFsh1.o
                0x00007f28                IntFlashLdd1_OnError
 .text.IntFlashLdd1_Init
                0x00007f7c       0xa4 ./Generated_Code/IntFlashLdd1.o
                0x00007f7c                IntFlashLdd1_Init
 .text.IntFlashLdd1_Write
                0x00008020       0x94 ./Generated_Code/IntFlashLdd1.o
                0x00008020                IntFlashLdd1_Write
 .text.IntFlashLdd1_Erase
                0x000080b4       0xb0 ./Generated_Code/IntFlashLdd1.o
                0x000080b4                IntFlashLdd1_Erase
 .text.IntFlashLdd1_CommandCompleteInterrupt
                0x00008164      0x254 ./Generated_Code/IntFlashLdd1.o
                0x00008164                IntFlashLdd1_CommandCompleteInterrupt
 .text.IntFlashLdd1_GetError
                0x000083b8       0x90 ./Generated_Code/IntFlashLdd1.o
                0x000083b8                IntFlashLdd1_GetError
 .text.RangeCheck
                0x00008448       0x38 ./Generated_Code/IntFlashLdd1.o
 .text.SafeRoutineCaller
                0x00008480       0x94 ./Generated_Code/IntFlashLdd1.o
 .text.RNG1_Put
                0x00008514       0x74 ./Generated_Code/RNG1.o
                0x00008514                RNG1_Put
 .text.RNG1_Get
                0x00008588       0x74 ./Generated_Code/RNG1.o
                0x00008588                RNG1_Get
 .text.RNG1_NofElements
                0x000085fc       0x18 ./Generated_Code/RNG1.o
                0x000085fc                RNG1_NofElements
 .text.RNG1_Init
                0x00008614       0x2c ./Generated_Code/RNG1.o
                0x00008614                RNG1_Init
 .text.Rx1_Put  0x00008640       0x74 ./Generated_Code/Rx1.o
                0x00008640                Rx1_Put
 .text.Rx1_Get  0x000086b4       0x74 ./Generated_Code/Rx1.o
                0x000086b4                Rx1_Get
 .text.Rx1_NofElements
                0x00008728       0x18 ./Generated_Code/Rx1.o
                0x00008728                Rx1_NofElements
 .text.Rx1_Init
                0x00008740       0x2c ./Generated_Code/Rx1.o
                0x00008740                Rx1_Init
 .text.Tx1_Put  0x0000876c       0x74 ./Generated_Code/Tx1.o
                0x0000876c                Tx1_Put
 .text.Tx1_Get  0x000087e0       0x74 ./Generated_Code/Tx1.o
                0x000087e0                Tx1_Get
 .text.Tx1_NofElements
                0x00008854       0x18 ./Generated_Code/Tx1.o
                0x00008854                Tx1_NofElements
 .text.Tx1_Init
                0x0000886c       0x2c ./Generated_Code/Tx1.o
                0x0000886c                Tx1_Init
 .text.USB1_usb_int_en
                0x00008898       0x24 ./Generated_Code/USB1.o
                0x00008898                USB1_usb_int_en
 .text.USB1_Init
                0x000088bc       0x28 ./Generated_Code/USB1.o
                0x000088bc                USB1_Init
 .text.WAIT1_Wait10Cycles
                0x000088e4        0x8 ./Generated_Code/WAIT1.o
                0x000088e4                WAIT1_Wait10Cycles
 .text.WAIT1_Wait100Cycles
                0x000088ec       0x1c ./Generated_Code/WAIT1.o
                0x000088ec                WAIT1_Wait100Cycles
 .text.WAIT1_WaitCycles
                0x00008908       0x34 ./Generated_Code/WAIT1.o
                0x00008908                WAIT1_WaitCycles
 .text.WAIT1_WaitLongCycles
                0x0000893c       0x38 ./Generated_Code/WAIT1.o
                0x0000893c                WAIT1_WaitLongCycles
 .text.WAIT1_Waitms
                0x00008974       0x2c ./Generated_Code/WAIT1.o
                0x00008974                WAIT1_Waitms
 .text.USB_Class_CDC_Service_Cic_Notify
                0x000089a0       0xfc ./Generated_Code/usb_cdc.o
                0x000089a0                USB_Class_CDC_Service_Cic_Notify
 .text.USB_Class_CDC_Service_Dic_Bulk_In
                0x00008a9c      0x12c ./Generated_Code/usb_cdc.o
                0x00008a9c                USB_Class_CDC_Service_Dic_Bulk_In
 .text.USB_Class_CDC_Service_Dic_Bulk_Out
                0x00008bc8       0x58 ./Generated_Code/usb_cdc.o
                0x00008bc8                USB_Class_CDC_Service_Dic_Bulk_Out
 .text.USB_Class_CDC_Event
                0x00008c20      0x164 ./Generated_Code/usb_cdc.o
                0x00008c20                USB_Class_CDC_Event
 .text.USB_Other_Requests
                0x00008d84      0x1c4 ./Generated_Code/usb_cdc.o
 .text.USB_Class_CDC_Init
                0x00008f48       0xfc ./Generated_Code/usb_cdc.o
                0x00008f48                USB_Class_CDC_Init
 .text.USB_Class_CDC_Send_Data
                0x00009044      0x13c ./Generated_Code/usb_cdc.o
                0x00009044                USB_Class_CDC_Send_Data
 .text.USB_Class_CDC_Pstn_Init
                0x00009180       0x28 ./Generated_Code/usb_cdc_pstn.o
                0x00009180                USB_Class_CDC_Pstn_Init
 .text.USB_Class_CDC_PSTN_Get_Line_Coding
                0x000091a8       0x3c ./Generated_Code/usb_cdc_pstn.o
                0x000091a8                USB_Class_CDC_PSTN_Get_Line_Coding
 .text.USB_Class_CDC_PSTN_Set_Line_Coding
                0x000091e4       0x48 ./Generated_Code/usb_cdc_pstn.o
                0x000091e4                USB_Class_CDC_PSTN_Set_Line_Coding
 .text.USB_Class_CDC_PSTN_Set_Ctrl_Line_State
                0x0000922c       0xc0 ./Generated_Code/usb_cdc_pstn.o
                0x0000922c                USB_Class_CDC_PSTN_Set_Ctrl_Line_State
 .text.USB_Class_CDC_PSTN_Send_Break
                0x000092ec       0x30 ./Generated_Code/usb_cdc_pstn.o
                0x000092ec                USB_Class_CDC_PSTN_Send_Break
 .text.USB_Class_CDC_PSTN_Get_Comm_Feature
                0x0000931c       0x74 ./Generated_Code/usb_cdc_pstn.o
                0x0000931c                USB_Class_CDC_PSTN_Get_Comm_Feature
 .text.USB_Class_CDC_PSTN_Set_Comm_Feature
                0x00009390       0x74 ./Generated_Code/usb_cdc_pstn.o
                0x00009390                USB_Class_CDC_PSTN_Set_Comm_Feature
 .text.USB_Class_CDC_PSTN_Send_Serial_State
                0x00009404       0x3c ./Generated_Code/usb_cdc_pstn.o
                0x00009404                USB_Class_CDC_PSTN_Send_Serial_State
 .text.USB_Suspend_Service
                0x00009440       0x40 ./Generated_Code/usb_class.o
                0x00009440                USB_Suspend_Service
 .text.USB_Resume_Service
                0x00009480       0x50 ./Generated_Code/usb_class.o
                0x00009480                USB_Resume_Service
 .text.USB_Stall_Service
                0x000094d0       0x34 ./Generated_Code/usb_class.o
                0x000094d0                USB_Stall_Service
 .text.USB_Sof_Service
                0x00009504       0x40 ./Generated_Code/usb_class.o
                0x00009504                USB_Sof_Service
 .text.USB_Reset_Service
                0x00009544       0xbc ./Generated_Code/usb_class.o
                0x00009544                USB_Reset_Service
 .text.USB_Error_Service
                0x00009600       0x28 ./Generated_Code/usb_class.o
                0x00009600                USB_Error_Service
 .text.USB_Class_Init
                0x00009628       0xec ./Generated_Code/usb_class.o
                0x00009628                USB_Class_Init
 .text.USB_Class_Initiate_Resume
                0x00009714       0x70 ./Generated_Code/usb_class.o
                0x00009714                USB_Class_Initiate_Resume
 .text.USB_Class_Send_Data
                0x00009784       0x48 ./Generated_Code/usb_class.o
                0x00009784                USB_Class_Send_Data
 .text.USB_Class_Periodic_Task
                0x000097cc        0xc ./Generated_Code/usb_class.o
                0x000097cc                USB_Class_Periodic_Task
 .text.USB_Bus_Reset_Handler
                0x000097d8       0xc0 ./Generated_Code/usb_dci_kinetis.o
 .text.USB_DCI_Get_BDT_Index
                0x00009898       0x44 ./Generated_Code/usb_dci_kinetis.o
 .text.USB_DCI_Validate_Param
                0x000098dc       0x5c ./Generated_Code/usb_dci_kinetis.o
 .text.USB_DCI_Prepare_Send_Data
                0x00009938       0x6c ./Generated_Code/usb_dci_kinetis.o
 .text.USB_DCI_Init
                0x000099a4      0x160 ./Generated_Code/usb_dci_kinetis.o
                0x000099a4                USB_DCI_Init
 .text.USB_DCI_Init_EndPoint
                0x00009b04      0x20c ./Generated_Code/usb_dci_kinetis.o
                0x00009b04                USB_DCI_Init_EndPoint
 .text._usb_device_cancel_transfer
                0x00009d10       0xa4 ./Generated_Code/usb_dci_kinetis.o
                0x00009d10                _usb_device_cancel_transfer
 .text.USB_DCI_Deinit_EndPoint
                0x00009db4       0xb0 ./Generated_Code/usb_dci_kinetis.o
                0x00009db4                USB_DCI_Deinit_EndPoint
 .text._usb_device_stall_endpoint
                0x00009e64       0x7c ./Generated_Code/usb_dci_kinetis.o
                0x00009e64                _usb_device_stall_endpoint
 .text._usb_device_unstall_endpoint
                0x00009ee0       0xe4 ./Generated_Code/usb_dci_kinetis.o
                0x00009ee0                _usb_device_unstall_endpoint
 .text._usb_device_clear_data0_endpoint
                0x00009fc4       0x60 ./Generated_Code/usb_dci_kinetis.o
                0x00009fc4                _usb_device_clear_data0_endpoint
 .text._usb_device_recv_data
                0x0000a024      0x138 ./Generated_Code/usb_dci_kinetis.o
                0x0000a024                _usb_device_recv_data
 .text._usb_device_send_data
                0x0000a15c       0xe0 ./Generated_Code/usb_dci_kinetis.o
                0x0000a15c                _usb_device_send_data
 .text._usb_device_set_address
                0x0000a23c       0x30 ./Generated_Code/usb_dci_kinetis.o
                0x0000a23c                _usb_device_set_address
 .text._usb_device_assert_resume
                0x0000a26c       0xb8 ./Generated_Code/usb_dci_kinetis.o
                0x0000a26c                _usb_device_assert_resume
 .text.USB_Bus_Token_Cpl_Handler
                0x0000a324      0x328 ./Generated_Code/usb_dci_kinetis.o
 .text.USB_ISR  0x0000a64c      0x2a4 ./Generated_Code/usb_dci_kinetis.o
                0x0000a64c                USB_ISR
 .text.Clear_Mem
                0x0000a8f0       0x24 ./Generated_Code/usb_dci_kinetis.o
                0x0000a8f0                Clear_Mem
 .text.USB_Desc_Get_Descriptor
                0x0000a914       0xf4 ./Generated_Code/usb_descriptor.o
                0x0000a914                USB_Desc_Get_Descriptor
 .text.USB_Desc_Get_Interface
                0x0000aa08       0x38 ./Generated_Code/usb_descriptor.o
                0x0000aa08                USB_Desc_Get_Interface
 .text.USB_Desc_Set_Interface
                0x0000aa40       0x38 ./Generated_Code/usb_descriptor.o
                0x0000aa40                USB_Desc_Set_Interface
 .text.USB_Desc_Valid_Configation
                0x0000aa78       0x44 ./Generated_Code/usb_descriptor.o
                0x0000aa78                USB_Desc_Valid_Configation
 .text.USB_Desc_Remote_Wakeup
                0x0000aabc       0x18 ./Generated_Code/usb_descriptor.o
                0x0000aabc                USB_Desc_Remote_Wakeup
 .text.USB_Desc_Get_Endpoints
                0x0000aad4       0x1c ./Generated_Code/usb_descriptor.o
                0x0000aad4                USB_Desc_Get_Endpoints
 .text.USB_Desc_Get_Line_Coding
                0x0000aaf0       0x3c ./Generated_Code/usb_descriptor.o
                0x0000aaf0                USB_Desc_Get_Line_Coding
 .text.USB_Desc_Set_Line_Coding
                0x0000ab2c       0x5c ./Generated_Code/usb_descriptor.o
                0x0000ab2c                USB_Desc_Set_Line_Coding
 .text.USB_Desc_Get_Abstract_State
                0x0000ab88       0x38 ./Generated_Code/usb_descriptor.o
                0x0000ab88                USB_Desc_Get_Abstract_State
 .text.USB_Desc_Get_Country_Setting
                0x0000abc0       0x38 ./Generated_Code/usb_descriptor.o
                0x0000abc0                USB_Desc_Get_Country_Setting
 .text.USB_Desc_Set_Abstract_State
                0x0000abf8       0x58 ./Generated_Code/usb_descriptor.o
                0x0000abf8                USB_Desc_Set_Abstract_State
 .text.USB_Desc_Set_Country_Setting
                0x0000ac50       0x58 ./Generated_Code/usb_descriptor.o
                0x0000ac50                USB_Desc_Set_Country_Setting
 .text.USB_Device_Init_Params
                0x0000aca8       0x60 ./Generated_Code/usb_driver.o
 .text._usb_device_init
                0x0000ad08       0x48 ./Generated_Code/usb_driver.o
                0x0000ad08                _usb_device_init
 .text._usb_device_init_endpoint
                0x0000ad50       0x74 ./Generated_Code/usb_driver.o
                0x0000ad50                _usb_device_init_endpoint
 .text._usb_device_deinit_endpoint
                0x0000adc4       0x6c ./Generated_Code/usb_driver.o
                0x0000adc4                _usb_device_deinit_endpoint
 .text._usb_device_get_status
                0x0000ae30       0x68 ./Generated_Code/usb_driver.o
                0x0000ae30                _usb_device_get_status
 .text._usb_device_set_status
                0x0000ae98       0xbc ./Generated_Code/usb_driver.o
                0x0000ae98                _usb_device_set_status
 .text._usb_device_register_service
                0x0000af54       0x20 ./Generated_Code/usb_driver.o
                0x0000af54                _usb_device_register_service
 .text.USB_Device_Call_Service
                0x0000af74       0x3c ./Generated_Code/usb_driver.o
                0x0000af74                USB_Device_Call_Service
 .text.USB_NULL_CALLBACK
                0x0000afb0       0x14 ./Generated_Code/usb_driver.o
                0x0000afb0                USB_NULL_CALLBACK
 .text.USB_Framework_Init
                0x0000afc4       0x44 ./Generated_Code/usb_framework.o
                0x0000afc4                USB_Framework_Init
 .text.USB_Control_Service
                0x0000b008      0x1dc ./Generated_Code/usb_framework.o
                0x0000b008                USB_Control_Service
 .text.USB_Control_Service_Handler
                0x0000b1e4       0x74 ./Generated_Code/usb_framework.o
 .text.USB_Strd_Req_Get_Status
                0x0000b258      0x170 ./Generated_Code/usb_framework.o
 .text.USB_Strd_Req_Feature
                0x0000b3c8      0x174 ./Generated_Code/usb_framework.o
 .text.USB_Strd_Req_Set_Address
                0x0000b53c       0x3c ./Generated_Code/usb_framework.o
 .text.USB_Strd_Req_Assign_Address
                0x0000b578       0x44 ./Generated_Code/usb_framework.o
 .text.USB_Strd_Req_Get_Config
                0x0000b5bc       0x4c ./Generated_Code/usb_framework.o
 .text.USB_Strd_Req_Set_Config
                0x0000b608       0x9c ./Generated_Code/usb_framework.o
 .text.USB_Strd_Req_Get_Interface
                0x0000b6a4       0x50 ./Generated_Code/usb_framework.o
 .text.USB_Strd_Req_Set_Interface
                0x0000b6f4       0x4c ./Generated_Code/usb_framework.o
 .text.USB_Strd_Req_Sync_Frame
                0x0000b740       0x48 ./Generated_Code/usb_framework.o
 .text.USB_Strd_Req_Get_Descriptor
                0x0000b788       0x54 ./Generated_Code/usb_framework.o
 .text.Watchdog_Reset
                0x0000b7dc       0x20 ./Generated_Code/wdt_kinetis.o
                0x0000b7dc                Watchdog_Reset
 *fill*         0x0000b7fc        0x4 
 .text.atan     0x0000b800      0x378 c:/freescale/kds_3.0.0/toolchain/bin/../lib/gcc/arm-none-eabi/4.8.4/../../../../arm-none-eabi/lib/armv7e-m/fpu\libm.a(lib_a-s_atan.o)
                0x0000b800                atan
 .text.cos      0x0000bb78       0xa8 c:/freescale/kds_3.0.0/toolchain/bin/../lib/gcc/arm-none-eabi/4.8.4/../../../../arm-none-eabi/lib/armv7e-m/fpu\libm.a(lib_a-s_cos.o)
                0x0000bb78                cos
 .text.fabs     0x0000bc20       0x14 c:/freescale/kds_3.0.0/toolchain/bin/../lib/gcc/arm-none-eabi/4.8.4/../../../../arm-none-eabi/lib/armv7e-m/fpu\libm.a(lib_a-s_fabs.o)
                0x0000bc20                fabs
 *fill*         0x0000bc34        0x4 
 .text.sin      0x0000bc38       0xb0 c:/freescale/kds_3.0.0/toolchain/bin/../lib/gcc/arm-none-eabi/4.8.4/../../../../arm-none-eabi/lib/armv7e-m/fpu\libm.a(lib_a-s_sin.o)
                0x0000bc38                sin
 .text.cosf     0x0000bce8       0x78 c:/freescale/kds_3.0.0/toolchain/bin/../lib/gcc/arm-none-eabi/4.8.4/../../../../arm-none-eabi/lib/armv7e-m/fpu\libm.a(lib_a-sf_cos.o)
                0x0000bce8                cosf
 .text.sinf     0x0000bd60       0x7c c:/freescale/kds_3.0.0/toolchain/bin/../lib/gcc/arm-none-eabi/4.8.4/../../../../arm-none-eabi/lib/armv7e-m/fpu\libm.a(lib_a-sf_sin.o)
                0x0000bd60                sinf
 .text.atan2    0x0000bddc        0x4 c:/freescale/kds_3.0.0/toolchain/bin/../lib/gcc/arm-none-eabi/4.8.4/../../../../arm-none-eabi/lib/armv7e-m/fpu\libm.a(lib_a-w_atan2.o)
                0x0000bddc                atan2
 .text.pow      0x0000bde0      0x340 c:/freescale/kds_3.0.0/toolchain/bin/../lib/gcc/arm-none-eabi/4.8.4/../../../../arm-none-eabi/lib/armv7e-m/fpu\libm.a(lib_a-w_pow.o)
                0x0000bde0                pow
 .text.sqrt     0x0000c120       0xbc c:/freescale/kds_3.0.0/toolchain/bin/../lib/gcc/arm-none-eabi/4.8.4/../../../../arm-none-eabi/lib/armv7e-m/fpu\libm.a(lib_a-w_sqrt.o)
                0x0000c120                sqrt
 .text.atan2f   0x0000c1dc        0x4 c:/freescale/kds_3.0.0/toolchain/bin/../lib/gcc/arm-none-eabi/4.8.4/../../../../arm-none-eabi/lib/armv7e-m/fpu\libm.a(lib_a-wf_atan2.o)
                0x0000c1dc                atan2f
 .text.__ieee754_atan2
                0x0000c1e0      0x1e8 c:/freescale/kds_3.0.0/toolchain/bin/../lib/gcc/arm-none-eabi/4.8.4/../../../../arm-none-eabi/lib/armv7e-m/fpu\libm.a(lib_a-e_atan2.o)
                0x0000c1e0                __ieee754_atan2
 .text.__ieee754_pow
                0x0000c3c8      0xae8 c:/freescale/kds_3.0.0/toolchain/bin/../lib/gcc/arm-none-eabi/4.8.4/../../../../arm-none-eabi/lib/armv7e-m/fpu\libm.a(lib_a-e_pow.o)
                0x0000c3c8                __ieee754_pow
 .text.__ieee754_rem_pio2
                0x0000ceb0      0x450 c:/freescale/kds_3.0.0/toolchain/bin/../lib/gcc/arm-none-eabi/4.8.4/../../../../arm-none-eabi/lib/armv7e-m/fpu\libm.a(lib_a-e_rem_pio2.o)
                0x0000ceb0                __ieee754_rem_pio2
 .text.__ieee754_sqrt
                0x0000d300      0x198 c:/freescale/kds_3.0.0/toolchain/bin/../lib/gcc/arm-none-eabi/4.8.4/../../../../arm-none-eabi/lib/armv7e-m/fpu\libm.a(lib_a-e_sqrt.o)
                0x0000d300                __ieee754_sqrt
 .text.__ieee754_atan2f
                0x0000d498      0x164 c:/freescale/kds_3.0.0/toolchain/bin/../lib/gcc/arm-none-eabi/4.8.4/../../../../arm-none-eabi/lib/armv7e-m/fpu\libm.a(lib_a-ef_atan2.o)
                0x0000d498                __ieee754_atan2f
 .text.__ieee754_rem_pio2f
                0x0000d5fc      0x28c c:/freescale/kds_3.0.0/toolchain/bin/../lib/gcc/arm-none-eabi/4.8.4/../../../../arm-none-eabi/lib/armv7e-m/fpu\libm.a(lib_a-ef_rem_pio2.o)
                0x0000d5fc                __ieee754_rem_pio2f
 .text.__kernel_cos
                0x0000d888      0x280 c:/freescale/kds_3.0.0/toolchain/bin/../lib/gcc/arm-none-eabi/4.8.4/../../../../arm-none-eabi/lib/armv7e-m/fpu\libm.a(lib_a-k_cos.o)
                0x0000d888                __kernel_cos
 .text.__kernel_rem_pio2
                0x0000db08      0x798 c:/freescale/kds_3.0.0/toolchain/bin/../lib/gcc/arm-none-eabi/4.8.4/../../../../arm-none-eabi/lib/armv7e-m/fpu\libm.a(lib_a-k_rem_pio2.o)
                0x0000db08                __kernel_rem_pio2
 .text.__kernel_sin
                0x0000e2a0      0x190 c:/freescale/kds_3.0.0/toolchain/bin/../lib/gcc/arm-none-eabi/4.8.4/../../../../arm-none-eabi/lib/armv7e-m/fpu\libm.a(lib_a-k_sin.o)
                0x0000e2a0                __kernel_sin
 .text.__kernel_cosf
                0x0000e430      0x104 c:/freescale/kds_3.0.0/toolchain/bin/../lib/gcc/arm-none-eabi/4.8.4/../../../../arm-none-eabi/lib/armv7e-m/fpu\libm.a(lib_a-kf_cos.o)
                0x0000e430                __kernel_cosf
 .text.__kernel_rem_pio2f
                0x0000e534      0x5cc c:/freescale/kds_3.0.0/toolchain/bin/../lib/gcc/arm-none-eabi/4.8.4/../../../../arm-none-eabi/lib/armv7e-m/fpu\libm.a(lib_a-kf_rem_pio2.o)
                0x0000e534                __kernel_rem_pio2f
 .text.__kernel_sinf
                0x0000eb00       0x90 c:/freescale/kds_3.0.0/toolchain/bin/../lib/gcc/arm-none-eabi/4.8.4/../../../../arm-none-eabi/lib/armv7e-m/fpu\libm.a(lib_a-kf_sin.o)
                0x0000eb00                __kernel_sinf
 .text.finite   0x0000eb90       0x10 c:/freescale/kds_3.0.0/toolchain/bin/../lib/gcc/arm-none-eabi/4.8.4/../../../../arm-none-eabi/lib/armv7e-m/fpu\libm.a(lib_a-s_finite.o)
                0x0000eb90                finite
 .text.floor    0x0000eba0      0x138 c:/freescale/kds_3.0.0/toolchain/bin/../lib/gcc/arm-none-eabi/4.8.4/../../../../arm-none-eabi/lib/armv7e-m/fpu\libm.a(lib_a-s_floor.o)
                0x0000eba0                floor
 .text.__fpclassifyd
                0x0000ecd8       0x54 c:/freescale/kds_3.0.0/toolchain/bin/../lib/gcc/arm-none-eabi/4.8.4/../../../../arm-none-eabi/lib/armv7e-m/fpu\libm.a(lib_a-s_fpclassify.o)
                0x0000ecd8                __fpclassifyd
 .text.matherr  0x0000ed2c        0x4 c:/freescale/kds_3.0.0/toolchain/bin/../lib/gcc/arm-none-eabi/4.8.4/../../../../arm-none-eabi/lib/armv7e-m/fpu\libm.a(lib_a-s_matherr.o)
                0x0000ed2c                matherr
 .text.nan      0x0000ed30       0x10 c:/freescale/kds_3.0.0/toolchain/bin/../lib/gcc/arm-none-eabi/4.8.4/../../../../arm-none-eabi/lib/armv7e-m/fpu\libm.a(lib_a-s_nan.o)
                0x0000ed30                nan
 .text.rint     0x0000ed40      0x120 c:/freescale/kds_3.0.0/toolchain/bin/../lib/gcc/arm-none-eabi/4.8.4/../../../../arm-none-eabi/lib/armv7e-m/fpu\libm.a(lib_a-s_rint.o)
                0x0000ed40                rint
 .text.scalbn   0x0000ee60      0x120 c:/freescale/kds_3.0.0/toolchain/bin/../lib/gcc/arm-none-eabi/4.8.4/../../../../arm-none-eabi/lib/armv7e-m/fpu\libm.a(lib_a-s_scalbn.o)
                0x0000ee60                scalbn
 .text.atanf    0x0000ef80      0x1b0 c:/freescale/kds_3.0.0/toolchain/bin/../lib/gcc/arm-none-eabi/4.8.4/../../../../arm-none-eabi/lib/armv7e-m/fpu\libm.a(lib_a-sf_atan.o)
                0x0000ef80                atanf
 .text.fabsf    0x0000f130       0x10 c:/freescale/kds_3.0.0/toolchain/bin/../lib/gcc/arm-none-eabi/4.8.4/../../../../arm-none-eabi/lib/armv7e-m/fpu\libm.a(lib_a-sf_fabs.o)
                0x0000f130                fabsf
 .text.floorf   0x0000f140       0xa0 c:/freescale/kds_3.0.0/toolchain/bin/../lib/gcc/arm-none-eabi/4.8.4/../../../../arm-none-eabi/lib/armv7e-m/fpu\libm.a(lib_a-sf_floor.o)
                0x0000f140                floorf
 .text.scalbnf  0x0000f1e0       0xd8 c:/freescale/kds_3.0.0/toolchain/bin/../lib/gcc/arm-none-eabi/4.8.4/../../../../arm-none-eabi/lib/armv7e-m/fpu\libm.a(lib_a-sf_scalbn.o)
                0x0000f1e0                scalbnf
 .text.copysign
                0x0000f2b8       0x24 c:/freescale/kds_3.0.0/toolchain/bin/../lib/gcc/arm-none-eabi/4.8.4/../../../../arm-none-eabi/lib/armv7e-m/fpu\libm.a(lib_a-s_copysign.o)
                0x0000f2b8                copysign
 .text.copysignf
                0x0000f2dc       0x18 c:/freescale/kds_3.0.0/toolchain/bin/../lib/gcc/arm-none-eabi/4.8.4/../../../../arm-none-eabi/lib/armv7e-m/fpu\libm.a(lib_a-sf_copysign.o)
                0x0000f2dc                copysignf
 .text.__errno  0x0000f2f4        0xc c:/freescale/kds_3.0.0/toolchain/bin/../lib/gcc/arm-none-eabi/4.8.4/../../../../arm-none-eabi/lib/armv7e-m/fpu\libg_s.a(lib_a-errno.o)
                0x0000f2f4                __errno
 .text.exit     0x0000f300       0x28 c:/freescale/kds_3.0.0/toolchain/bin/../lib/gcc/arm-none-eabi/4.8.4/../../../../arm-none-eabi/lib/armv7e-m/fpu\libg_s.a(lib_a-exit.o)
                0x0000f300                exit
 .text.__libc_init_array
                0x0000f328       0x4c c:/freescale/kds_3.0.0/toolchain/bin/../lib/gcc/arm-none-eabi/4.8.4/../../../../arm-none-eabi/lib/armv7e-m/fpu\libg_s.a(lib_a-init.o)
                0x0000f328                __libc_init_array
 .text.memcpy   0x0000f374       0x12 c:/freescale/kds_3.0.0/toolchain/bin/../lib/gcc/arm-none-eabi/4.8.4/../../../../arm-none-eabi/lib/armv7e-m/fpu\libg_s.a(lib_a-memcpy-stub.o)
                0x0000f374                memcpy
 .text.memset   0x0000f386       0x10 c:/freescale/kds_3.0.0/toolchain/bin/../lib/gcc/arm-none-eabi/4.8.4/../../../../arm-none-eabi/lib/armv7e-m/fpu\libg_s.a(lib_a-memset.o)
                0x0000f386                memset
 *fill*         0x0000f396        0x2 
 .text.sprintf  0x0000f398       0x48 c:/freescale/kds_3.0.0/toolchain/bin/../lib/gcc/arm-none-eabi/4.8.4/../../../../arm-none-eabi/lib/armv7e-m/fpu\libg_s.a(lib_a-sprintf.o)
                0x0000f398                siprintf
                0x0000f398                sprintf
 .text.strlen   0x0000f3e0       0x10 c:/freescale/kds_3.0.0/toolchain/bin/../lib/gcc/arm-none-eabi/4.8.4/../../../../arm-none-eabi/lib/armv7e-m/fpu\libg_s.a(lib_a-strlen.o)
                0x0000f3e0                strlen
 .text.strstr   0x0000f3f0       0x32 c:/freescale/kds_3.0.0/toolchain/bin/../lib/gcc/arm-none-eabi/4.8.4/../../../../arm-none-eabi/lib/armv7e-m/fpu\libg_s.a(lib_a-strstr.o)
                0x0000f3f0                strstr
 *fill*         0x0000f422        0x2 
 .text._strtoul_r
                0x0000f424       0xf0 c:/freescale/kds_3.0.0/toolchain/bin/../lib/gcc/arm-none-eabi/4.8.4/../../../../arm-none-eabi/lib/armv7e-m/fpu\libg_s.a(lib_a-strtoul.o)
                0x0000f424                _strtoul_r
 .text.strtoul  0x0000f514       0x1c c:/freescale/kds_3.0.0/toolchain/bin/../lib/gcc/arm-none-eabi/4.8.4/../../../../arm-none-eabi/lib/armv7e-m/fpu\libg_s.a(lib_a-strtoul.o)
                0x0000f514                strtoul
 .text.__ssputs_r
                0x0000f530       0xb8 c:/freescale/kds_3.0.0/toolchain/bin/../lib/gcc/arm-none-eabi/4.8.4/../../../../arm-none-eabi/lib/armv7e-m/fpu\libg_s.a(lib_a-svfprintf.o)
                0x0000f530                __ssputs_r
 .text._svfprintf_r
                0x0000f5e8      0x1dc c:/freescale/kds_3.0.0/toolchain/bin/../lib/gcc/arm-none-eabi/4.8.4/../../../../arm-none-eabi/lib/armv7e-m/fpu\libg_s.a(lib_a-svfprintf.o)
                0x0000f5e8                _svfiprintf_r
                0x0000f5e8                _svfprintf_r
 .text.__cvt    0x0000f7c4       0xc0 c:/freescale/kds_3.0.0/toolchain/bin/../lib/gcc/arm-none-eabi/4.8.4/../../../../arm-none-eabi/lib/armv7e-m/fpu\libg_s.a(lib_a-vfprintf_float.o)
                0x0000f7c4                __cvt
 .text.__exponent
                0x0000f884       0x66 c:/freescale/kds_3.0.0/toolchain/bin/../lib/gcc/arm-none-eabi/4.8.4/../../../../arm-none-eabi/lib/armv7e-m/fpu\libg_s.a(lib_a-vfprintf_float.o)
                0x0000f884                __exponent
 *fill*         0x0000f8ea        0x2 
 .text._printf_float
                0x0000f8ec      0x420 c:/freescale/kds_3.0.0/toolchain/bin/../lib/gcc/arm-none-eabi/4.8.4/../../../../arm-none-eabi/lib/armv7e-m/fpu\libg_s.a(lib_a-vfprintf_float.o)
                0x0000f8ec                _printf_float
 .text._printf_common
                0x0000fd0c       0xe4 c:/freescale/kds_3.0.0/toolchain/bin/../lib/gcc/arm-none-eabi/4.8.4/../../../../arm-none-eabi/lib/armv7e-m/fpu\libg_s.a(lib_a-vfprintf_i.o)
                0x0000fd0c                _printf_common
 .text._printf_i
                0x0000fdf0      0x228 c:/freescale/kds_3.0.0/toolchain/bin/../lib/gcc/arm-none-eabi/4.8.4/../../../../arm-none-eabi/lib/armv7e-m/fpu\libg_s.a(lib_a-vfprintf_i.o)
                0x0000fdf0                _printf_i
 .text.quorem   0x00010018      0x11a c:/freescale/kds_3.0.0/toolchain/bin/../lib/gcc/arm-none-eabi/4.8.4/../../../../arm-none-eabi/lib/armv7e-m/fpu\libg_s.a(lib_a-dtoa.o)
 *fill*         0x00010132        0x6 
 .text._dtoa_r  0x00010138      0xb70 c:/freescale/kds_3.0.0/toolchain/bin/../lib/gcc/arm-none-eabi/4.8.4/../../../../arm-none-eabi/lib/armv7e-m/fpu\libg_s.a(lib_a-dtoa.o)
                0x00010138                _dtoa_r
 .text._localeconv_r
                0x00010ca8        0x8 c:/freescale/kds_3.0.0/toolchain/bin/../lib/gcc/arm-none-eabi/4.8.4/../../../../arm-none-eabi/lib/armv7e-m/fpu\libg_s.a(lib_a-locale.o)
                0x00010ca8                _localeconv_r
 .text.malloc   0x00010cb0       0x10 c:/freescale/kds_3.0.0/toolchain/bin/../lib/gcc/arm-none-eabi/4.8.4/../../../../arm-none-eabi/lib/armv7e-m/fpu\libg_s.a(lib_a-malloc.o)
                0x00010cb0                malloc
 .text.memchr   0x00010cc0       0x1e c:/freescale/kds_3.0.0/toolchain/bin/../lib/gcc/arm-none-eabi/4.8.4/../../../../arm-none-eabi/lib/armv7e-m/fpu\libg_s.a(lib_a-memchr-stub.o)
                0x00010cc0                memchr
 .text.memmove  0x00010cde       0x36 c:/freescale/kds_3.0.0/toolchain/bin/../lib/gcc/arm-none-eabi/4.8.4/../../../../arm-none-eabi/lib/armv7e-m/fpu\libg_s.a(lib_a-memmove.o)
                0x00010cde                memmove
 .text._Balloc  0x00010d14       0x6a c:/freescale/kds_3.0.0/toolchain/bin/../lib/gcc/arm-none-eabi/4.8.4/../../../../arm-none-eabi/lib/armv7e-m/fpu\libg_s.a(lib_a-mprec.o)
                0x00010d14                _Balloc
 .text._Bfree   0x00010d7e       0x2e c:/freescale/kds_3.0.0/toolchain/bin/../lib/gcc/arm-none-eabi/4.8.4/../../../../arm-none-eabi/lib/armv7e-m/fpu\libg_s.a(lib_a-mprec.o)
                0x00010d7e                _Bfree
 .text.__multadd
                0x00010dac       0x74 c:/freescale/kds_3.0.0/toolchain/bin/../lib/gcc/arm-none-eabi/4.8.4/../../../../arm-none-eabi/lib/armv7e-m/fpu\libg_s.a(lib_a-mprec.o)
                0x00010dac                __multadd
 .text.__hi0bits
                0x00010e20       0x40 c:/freescale/kds_3.0.0/toolchain/bin/../lib/gcc/arm-none-eabi/4.8.4/../../../../arm-none-eabi/lib/armv7e-m/fpu\libg_s.a(lib_a-mprec.o)
                0x00010e20                __hi0bits
 .text.__lo0bits
                0x00010e60       0x5a c:/freescale/kds_3.0.0/toolchain/bin/../lib/gcc/arm-none-eabi/4.8.4/../../../../arm-none-eabi/lib/armv7e-m/fpu\libg_s.a(lib_a-mprec.o)
                0x00010e60                __lo0bits
 .text.__i2b    0x00010eba       0x12 c:/freescale/kds_3.0.0/toolchain/bin/../lib/gcc/arm-none-eabi/4.8.4/../../../../arm-none-eabi/lib/armv7e-m/fpu\libg_s.a(lib_a-mprec.o)
                0x00010eba                __i2b
 .text.__multiply
                0x00010ecc      0x130 c:/freescale/kds_3.0.0/toolchain/bin/../lib/gcc/arm-none-eabi/4.8.4/../../../../arm-none-eabi/lib/armv7e-m/fpu\libg_s.a(lib_a-mprec.o)
                0x00010ecc                __multiply
 .text.__pow5mult
                0x00010ffc       0x9c c:/freescale/kds_3.0.0/toolchain/bin/../lib/gcc/arm-none-eabi/4.8.4/../../../../arm-none-eabi/lib/armv7e-m/fpu\libg_s.a(lib_a-mprec.o)
                0x00010ffc                __pow5mult
 .text.__lshift
                0x00011098       0xa6 c:/freescale/kds_3.0.0/toolchain/bin/../lib/gcc/arm-none-eabi/4.8.4/../../../../arm-none-eabi/lib/armv7e-m/fpu\libg_s.a(lib_a-mprec.o)
                0x00011098                __lshift
 .text.__mcmp   0x0001113e       0x3a c:/freescale/kds_3.0.0/toolchain/bin/../lib/gcc/arm-none-eabi/4.8.4/../../../../arm-none-eabi/lib/armv7e-m/fpu\libg_s.a(lib_a-mprec.o)
                0x0001113e                __mcmp
 .text.__mdiff  0x00011178       0xbc c:/freescale/kds_3.0.0/toolchain/bin/../lib/gcc/arm-none-eabi/4.8.4/../../../../arm-none-eabi/lib/armv7e-m/fpu\libg_s.a(lib_a-mprec.o)
                0x00011178                __mdiff
 .text.__d2b    0x00011234       0xa0 c:/freescale/kds_3.0.0/toolchain/bin/../lib/gcc/arm-none-eabi/4.8.4/../../../../arm-none-eabi/lib/armv7e-m/fpu\libg_s.a(lib_a-mprec.o)
                0x00011234                __d2b
 .text._calloc_r
                0x000112d4       0x1c c:/freescale/kds_3.0.0/toolchain/bin/../lib/gcc/arm-none-eabi/4.8.4/../../../../arm-none-eabi/lib/armv7e-m/fpu\libg_s.a(lib_a-nano-callocr.o)
                0x000112d4                _calloc_r
 .text._free_r  0x000112f0       0x88 c:/freescale/kds_3.0.0/toolchain/bin/../lib/gcc/arm-none-eabi/4.8.4/../../../../arm-none-eabi/lib/armv7e-m/fpu\libg_s.a(lib_a-nano-freer.o)
                0x000112f0                _free_r
 .text._malloc_r
                0x00011378       0xa8 c:/freescale/kds_3.0.0/toolchain/bin/../lib/gcc/arm-none-eabi/4.8.4/../../../../arm-none-eabi/lib/armv7e-m/fpu\libg_s.a(lib_a-nano-mallocr.o)
                0x00011378                _malloc_r
 .text._realloc_r
                0x00011420       0x4c c:/freescale/kds_3.0.0/toolchain/bin/../lib/gcc/arm-none-eabi/4.8.4/../../../../arm-none-eabi/lib/armv7e-m/fpu\libg_s.a(lib_a-nano-reallocr.o)
                0x00011420                _realloc_r
 .text._sbrk_r  0x0001146c       0x20 c:/freescale/kds_3.0.0/toolchain/bin/../lib/gcc/arm-none-eabi/4.8.4/../../../../arm-none-eabi/lib/armv7e-m/fpu\libg_s.a(lib_a-sbrkr.o)
                0x0001146c                _sbrk_r
 .text._malloc_usable_size_r
                0x0001148c       0x12 c:/freescale/kds_3.0.0/toolchain/bin/../lib/gcc/arm-none-eabi/4.8.4/../../../../arm-none-eabi/lib/armv7e-m/fpu\libg_s.a(lib_a-nano-msizer.o)
                0x0001148c                _malloc_usable_size_r
 *fill*         0x0001149e        0x2 
 .text._sbrk    0x000114a0       0x34 c:/freescale/kds_3.0.0/toolchain/bin/../lib/gcc/arm-none-eabi/4.8.4/../../../../arm-none-eabi/lib/armv7e-m/fpu\libnosys.a(sbrk.o)
                0x000114a0                _sbrk
 .text._exit    0x000114d4        0x4 c:/freescale/kds_3.0.0/toolchain/bin/../lib/gcc/arm-none-eabi/4.8.4/../../../../arm-none-eabi/lib/armv7e-m/fpu\libnosys.a(_exit.o)
                0x000114d4                _exit
 *(.rodata)
 .rodata        0x000114d8      0x19c ./Sources/Application/Commands.o
 .rodata        0x00011674        0x4 ./Sources/Application/USB.o
 .rodata        0x00011678        0x8 ./Generated_Code/usb_dci_kinetis.o
 *(.rodata*)
 .rodata.ClockGenModeMatrix
                0x00011680       0x80 ./Static_Code/System/CPU_Init.o
 .rodata.CPU_ClockConfigDescriptors
                0x00011700       0x1c ./Static_Code/System/CPU_Init.o
 .rodata.CPU_DefaultFEI
                0x0001171c        0x8 ./Static_Code/System/CPU_Init.o
 .rodata.CPU_DefaultFBI
                0x00011724        0x8 ./Static_Code/System/CPU_Init.o
 .rodata.CPU_DefaultBLPI
                0x0001172c        0x8 ./Static_Code/System/CPU_Init.o
 .rodata.CPU_DefaultFEE
                0x00011734        0x8 ./Static_Code/System/CPU_Init.o
 .rodata.CPU_DefaultFBE
                0x0001173c        0x8 ./Static_Code/System/CPU_Init.o
 .rodata.CPU_DefaultBLPE
                0x00011744        0x8 ./Static_Code/System/CPU_Init.o
 .rodata.CPU_DefaultPBE
                0x0001174c        0x8 ./Static_Code/System/CPU_Init.o
 .rodata.CPU_DefaultPEE
                0x00011754        0x8 ./Static_Code/System/CPU_Init.o
 .rodata.CPU_ClockGenModeRegs
                0x0001175c       0x20 ./Static_Code/System/CPU_Init.o
 .rodata.led_dutys2
                0x0001177c      0x190 ./Sources/Drivers/LED_PWM.o
                0x0001177c                led_dutys2
 *fill*         0x0001190c      0x6f4 
 .rodata.My_Saved_Settings
                0x00012000      0x800 ./Sources/Application/Saved_Settings.o
                0x00012000                My_Saved_Settings
 .rodata.SafeRoutine
                0x00012800       0x30 ./Generated_Code/IntFlashLdd1.o
 .rodata.usb_desc_ep
                0x00012830       0x10 ./Generated_Code/usb_descriptor.o
                0x00012830                usb_desc_ep
 .rodata.g_std_desc_size
                0x00012840       0x10 ./Generated_Code/usb_descriptor.o
                0x00012840                g_std_desc_size
 .rodata.g_std_descriptors
                0x00012850       0x20 ./Generated_Code/usb_descriptor.o
                0x00012850                g_std_descriptors
 .rodata.g_string_desc_size
                0x00012870        0x4 ./Generated_Code/usb_descriptor.o
                0x00012870                g_string_desc_size
 .rodata.g_string_descriptors
                0x00012874       0x10 ./Generated_Code/usb_descriptor.o
                0x00012874                g_string_descriptors
 .rodata.g_languages
                0x00012884       0x20 ./Generated_Code/usb_descriptor.o
                0x00012884                g_languages
 .rodata.g_valid_config_values
                0x000128a4        0x4 ./Generated_Code/usb_descriptor.o
                0x000128a4                g_valid_config_values
 .rodata.g_usb_CB
                0x000128a8       0x60 ./Generated_Code/usb_driver.o
 .rodata.g_validate_request
                0x00012908       0x28 ./Generated_Code/usb_framework.o
                0x00012908                g_validate_request
 .rodata.g_standard_request
                0x00012930       0x34 ./Generated_Code/usb_framework.o
                0x00012930                g_standard_request
 *fill*         0x00012964        0x4 
 .rodata.atanlo
                0x00012968       0x20 c:/freescale/kds_3.0.0/toolchain/bin/../lib/gcc/arm-none-eabi/4.8.4/../../../../arm-none-eabi/lib/armv7e-m/fpu\libm.a(lib_a-s_atan.o)
 .rodata.atanhi
                0x00012988       0x20 c:/freescale/kds_3.0.0/toolchain/bin/../lib/gcc/arm-none-eabi/4.8.4/../../../../arm-none-eabi/lib/armv7e-m/fpu\libm.a(lib_a-s_atan.o)
 .rodata.str1.4
                0x000129a8        0x4 c:/freescale/kds_3.0.0/toolchain/bin/../lib/gcc/arm-none-eabi/4.8.4/../../../../arm-none-eabi/lib/armv7e-m/fpu\libm.a(lib_a-w_pow.o)
 .rodata.str1.4
                0x000129ac        0x5 c:/freescale/kds_3.0.0/toolchain/bin/../lib/gcc/arm-none-eabi/4.8.4/../../../../arm-none-eabi/lib/armv7e-m/fpu\libm.a(lib_a-w_sqrt.o)
                                  0x8 (size before relaxing)
 *fill*         0x000129b1        0x7 
 .rodata.dp_h   0x000129b8       0x10 c:/freescale/kds_3.0.0/toolchain/bin/../lib/gcc/arm-none-eabi/4.8.4/../../../../arm-none-eabi/lib/armv7e-m/fpu\libm.a(lib_a-e_pow.o)
 .rodata.dp_l   0x000129c8       0x10 c:/freescale/kds_3.0.0/toolchain/bin/../lib/gcc/arm-none-eabi/4.8.4/../../../../arm-none-eabi/lib/armv7e-m/fpu\libm.a(lib_a-e_pow.o)
 .rodata.bp     0x000129d8       0x10 c:/freescale/kds_3.0.0/toolchain/bin/../lib/gcc/arm-none-eabi/4.8.4/../../../../arm-none-eabi/lib/armv7e-m/fpu\libm.a(lib_a-e_pow.o)
 .rodata.str1.4
                0x00000000        0x8 c:/freescale/kds_3.0.0/toolchain/bin/../lib/gcc/arm-none-eabi/4.8.4/../../../../arm-none-eabi/lib/armv7e-m/fpu\libm.a(lib_a-e_pow.o)
                                  0x4 (size before relaxing)
 .rodata.npio2_hw
                0x000129e8       0x80 c:/freescale/kds_3.0.0/toolchain/bin/../lib/gcc/arm-none-eabi/4.8.4/../../../../arm-none-eabi/lib/armv7e-m/fpu\libm.a(lib_a-e_rem_pio2.o)
 .rodata.two_over_pi
                0x00012a68      0x108 c:/freescale/kds_3.0.0/toolchain/bin/../lib/gcc/arm-none-eabi/4.8.4/../../../../arm-none-eabi/lib/armv7e-m/fpu\libm.a(lib_a-e_rem_pio2.o)
 .rodata.npio2_hw
                0x00012b70       0x80 c:/freescale/kds_3.0.0/toolchain/bin/../lib/gcc/arm-none-eabi/4.8.4/../../../../arm-none-eabi/lib/armv7e-m/fpu\libm.a(lib_a-ef_rem_pio2.o)
 .rodata.two_over_pi
                0x00012bf0      0x318 c:/freescale/kds_3.0.0/toolchain/bin/../lib/gcc/arm-none-eabi/4.8.4/../../../../arm-none-eabi/lib/armv7e-m/fpu\libm.a(lib_a-ef_rem_pio2.o)
 .rodata.init_jk
                0x00012f08       0x10 c:/freescale/kds_3.0.0/toolchain/bin/../lib/gcc/arm-none-eabi/4.8.4/../../../../arm-none-eabi/lib/armv7e-m/fpu\libm.a(lib_a-k_rem_pio2.o)
 .rodata.PIo2   0x00012f18       0x40 c:/freescale/kds_3.0.0/toolchain/bin/../lib/gcc/arm-none-eabi/4.8.4/../../../../arm-none-eabi/lib/armv7e-m/fpu\libm.a(lib_a-k_rem_pio2.o)
 .rodata.init_jk
                0x00012f58        0xc c:/freescale/kds_3.0.0/toolchain/bin/../lib/gcc/arm-none-eabi/4.8.4/../../../../arm-none-eabi/lib/armv7e-m/fpu\libm.a(lib_a-kf_rem_pio2.o)
 .rodata.PIo2   0x00012f64       0x2c c:/freescale/kds_3.0.0/toolchain/bin/../lib/gcc/arm-none-eabi/4.8.4/../../../../arm-none-eabi/lib/armv7e-m/fpu\libm.a(lib_a-kf_rem_pio2.o)
 .rodata.TWO52  0x00012f90       0x10 c:/freescale/kds_3.0.0/toolchain/bin/../lib/gcc/arm-none-eabi/4.8.4/../../../../arm-none-eabi/lib/armv7e-m/fpu\libm.a(lib_a-s_rint.o)
 .rodata.atanlo
                0x00012fa0       0x10 c:/freescale/kds_3.0.0/toolchain/bin/../lib/gcc/arm-none-eabi/4.8.4/../../../../arm-none-eabi/lib/armv7e-m/fpu\libm.a(lib_a-sf_atan.o)
 .rodata.atanhi
                0x00012fb0       0x10 c:/freescale/kds_3.0.0/toolchain/bin/../lib/gcc/arm-none-eabi/4.8.4/../../../../arm-none-eabi/lib/armv7e-m/fpu\libm.a(lib_a-sf_atan.o)
 .rodata.str1.1
                0x00012fc0        0x2 c:/freescale/kds_3.0.0/toolchain/bin/../lib/gcc/arm-none-eabi/4.8.4/../../../../arm-none-eabi/lib/armv7e-m/fpu\libg_s.a(lib_a-impure.o)
 *fill*         0x00012fc2        0x2 
 .rodata._global_impure_ptr
                0x00012fc4        0x4 c:/freescale/kds_3.0.0/toolchain/bin/../lib/gcc/arm-none-eabi/4.8.4/../../../../arm-none-eabi/lib/armv7e-m/fpu\libg_s.a(lib_a-impure.o)
                0x00012fc4                _global_impure_ptr
 .rodata.str1.1
                0x00012fc8       0x11 c:/freescale/kds_3.0.0/toolchain/bin/../lib/gcc/arm-none-eabi/4.8.4/../../../../arm-none-eabi/lib/armv7e-m/fpu\libg_s.a(lib_a-svfprintf.o)
 .rodata.str1.1
                0x00012fd9       0x12 c:/freescale/kds_3.0.0/toolchain/bin/../lib/gcc/arm-none-eabi/4.8.4/../../../../arm-none-eabi/lib/armv7e-m/fpu\libg_s.a(lib_a-vfprintf_float.o)
 .rodata.str1.1
                0x00012feb       0x22 c:/freescale/kds_3.0.0/toolchain/bin/../lib/gcc/arm-none-eabi/4.8.4/../../../../arm-none-eabi/lib/armv7e-m/fpu\libg_s.a(lib_a-vfprintf_i.o)
 .rodata._ctype_
                0x0001300d      0x101 c:/freescale/kds_3.0.0/toolchain/bin/../lib/gcc/arm-none-eabi/4.8.4/../../../../arm-none-eabi/lib/armv7e-m/fpu\libg_s.a(lib_a-ctype_.o)
                0x0001300d                _ctype_
 .rodata.str1.1
                0x0001310e        0xd c:/freescale/kds_3.0.0/toolchain/bin/../lib/gcc/arm-none-eabi/4.8.4/../../../../arm-none-eabi/lib/armv7e-m/fpu\libg_s.a(lib_a-dtoa.o)
                                  0xf (size before relaxing)
 .rodata.str1.1
                0x0001311b        0x8 c:/freescale/kds_3.0.0/toolchain/bin/../lib/gcc/arm-none-eabi/4.8.4/../../../../arm-none-eabi/lib/armv7e-m/fpu\libg_s.a(lib_a-locale.o)
                                  0xb (size before relaxing)
 *fill*         0x00013123        0x5 
 .rodata.__mprec_tens
                0x00013128       0xc8 c:/freescale/kds_3.0.0/toolchain/bin/../lib/gcc/arm-none-eabi/4.8.4/../../../../arm-none-eabi/lib/armv7e-m/fpu\libg_s.a(lib_a-mprec.o)
                0x00013128                __mprec_tens
 .rodata.__mprec_bigtens
                0x000131f0       0x28 c:/freescale/kds_3.0.0/toolchain/bin/../lib/gcc/arm-none-eabi/4.8.4/../../../../arm-none-eabi/lib/armv7e-m/fpu\libg_s.a(lib_a-mprec.o)
                0x000131f0                __mprec_bigtens
 .rodata.p05.5281
                0x00013218        0xc c:/freescale/kds_3.0.0/toolchain/bin/../lib/gcc/arm-none-eabi/4.8.4/../../../../arm-none-eabi/lib/armv7e-m/fpu\libg_s.a(lib_a-mprec.o)
 *(.glue_7)
 .glue_7        0x00000000        0x0 linker stubs
 *(.glue_7t)
 .glue_7t       0x00000000        0x0 linker stubs
 *(.eh_frame)
 .eh_frame      0x00013224        0x0 c:/freescale/kds_3.0.0/toolchain/bin/../lib/gcc/arm-none-eabi/4.8.4/armv7e-m/fpu/crtbegin.o
 *(.init)
 .init          0x00013224        0x4 c:/freescale/kds_3.0.0/toolchain/bin/../lib/gcc/arm-none-eabi/4.8.4/armv7e-m/fpu/crti.o
                0x00013224                _init
 .init          0x00013228        0x8 c:/freescale/kds_3.0.0/toolchain/bin/../lib/gcc/arm-none-eabi/4.8.4/armv7e-m/fpu/crtn.o
 *(.fini)
 .fini          0x00013230        0x4 c:/freescale/kds_3.0.0/toolchain/bin/../lib/gcc/arm-none-eabi/4.8.4/armv7e-m/fpu/crti.o
                0x00013230                _fini
 .fini          0x00013234        0x8 c:/freescale/kds_3.0.0/toolchain/bin/../lib/gcc/arm-none-eabi/4.8.4/armv7e-m/fpu/crtn.o
                0x0001323c                . = ALIGN (0x4)
                0x0001323c                _etext = .

.vfp11_veneer   0x0001323c        0x0
 .vfp11_veneer  0x00000000        0x0 linker stubs

.v4_bx          0x0001323c        0x0
 .v4_bx         0x00000000        0x0 linker stubs

.iplt           0x0001323c        0x0
 .iplt          0x00000000        0x0 c:/freescale/kds_3.0.0/toolchain/bin/../lib/gcc/arm-none-eabi/4.8.4/armv7e-m/fpu/crtbegin.o

.ARM.extab
 *(.ARM.extab* .gnu.linkonce.armextab.*)

.ARM            0x0001323c        0x8
                0x0001323c                __exidx_start = .
 *(.ARM.exidx*)
 .ARM.exidx     0x0001323c        0x8 c:/freescale/kds_3.0.0/toolchain/bin/../lib/gcc/arm-none-eabi/4.8.4/../../../../arm-none-eabi/lib/armv7e-m/fpu/crt0.o
                0x00013244                __exidx_end = .

.rel.dyn        0x00013244        0x0
 .rel.iplt      0x00000000        0x0 c:/freescale/kds_3.0.0/toolchain/bin/../lib/gcc/arm-none-eabi/4.8.4/armv7e-m/fpu/crtbegin.o

.ctors          0x00013244        0x0
                0x00013244                __CTOR_LIST__ = .
 *crtbegin.o(.ctors)
 *(EXCLUDE_FILE(*crtend.o) .ctors)
 *(SORT(.ctors.*))
 *(.ctors)
                0x00013244                __CTOR_END__ = .

.dtors          0x00013244        0x0
                0x00013244                __DTOR_LIST__ = .
 *crtbegin.o(.dtors)
 *(EXCLUDE_FILE(*crtend.o) .dtors)
 *(SORT(.dtors.*))
 *(.dtors)
                0x00013244                __DTOR_END__ = .

.preinit_array  0x00013244        0x0
                0x00013244                PROVIDE (__preinit_array_start, .)
 *(.preinit_array*)
                0x00013244                PROVIDE (__preinit_array_end, .)

.init_array     0x00013244        0x4
                0x00013244                PROVIDE (__init_array_start, .)
 *(SORT(.init_array.*))
 *(.init_array*)
 .init_array    0x00013244        0x4 c:/freescale/kds_3.0.0/toolchain/bin/../lib/gcc/arm-none-eabi/4.8.4/armv7e-m/fpu/crtbegin.o
                0x00013248                PROVIDE (__init_array_end, .)

.fini_array     0x00013248        0x4
                0x00013248                PROVIDE (__fini_array_start, .)
 *(SORT(.fini_array.*))
 *(.fini_array*)
 .fini_array    0x00013248        0x4 c:/freescale/kds_3.0.0/toolchain/bin/../lib/gcc/arm-none-eabi/4.8.4/armv7e-m/fpu/crtbegin.o
                0x0001324c                PROVIDE (__fini_array_end, .)
                0x0001324c                ___ROM_AT = .

.data           0x1fff0000      0x2b0 load address 0x0001324c
                0x1fff0000                . = ALIGN (0x4)
                0x1fff0000                _sdata = .
 *(.data)
 *(.data*)
 .data.Gscale   0x1fff0000        0x1 ./Sources/Drivers/External/MPU9250.o
                0x1fff0000                Gscale
 .data.Ascale   0x1fff0001        0x1 ./Sources/Drivers/External/MPU9250.o
                0x1fff0001                Ascale
 .data.Mscale   0x1fff0002        0x1 ./Sources/Drivers/External/MPU9250.o
                0x1fff0002                Mscale
 .data.Mmode    0x1fff0003        0x1 ./Sources/Drivers/External/MPU9250.o
                0x1fff0003                Mmode
 .data.M_Calibration_State
                0x1fff0004        0x1 ./Sources/Drivers/External/MPU9250.o
                0x1fff0004                M_Calibration_State
 *fill*         0x1fff0005        0x3 
 .data.mag_max_x
                0x1fff0008        0x4 ./Sources/Drivers/External/MPU9250.o
                0x1fff0008                mag_max_x
 .data.mag_max_y
                0x1fff000c        0x4 ./Sources/Drivers/External/MPU9250.o
                0x1fff000c                mag_max_y
 .data.mag_max_z
                0x1fff0010        0x4 ./Sources/Drivers/External/MPU9250.o
                0x1fff0010                mag_max_z
 .data.mag_min_x
                0x1fff0014        0x4 ./Sources/Drivers/External/MPU9250.o
                0x1fff0014                mag_min_x
 .data.mag_min_y
                0x1fff0018        0x4 ./Sources/Drivers/External/MPU9250.o
                0x1fff0018                mag_min_y
 .data.mag_min_z
                0x1fff001c        0x4 ./Sources/Drivers/External/MPU9250.o
                0x1fff001c                mag_min_z
 .data.BLUE_PIN
                0x1fff0020        0xc ./Sources/Drivers/FC.o
                0x1fff0020                BLUE_PIN
 .data.MPU9250_CS
                0x1fff002c        0xc ./Sources/Drivers/FC.o
                0x1fff002c                MPU9250_CS
 .data.CC_CS_PIN
                0x1fff0038        0xc ./Sources/Drivers/FC.o
                0x1fff0038                CC_CS_PIN
 .data.A1       0x1fff0044        0xc ./Sources/Drivers/FC.o
                0x1fff0044                A1
 .data.GLED_STATES
                0x1fff0050        0x1 ./Sources/Drivers/LED_PWM.o
                0x1fff0050                GLED_STATES
 *fill*         0x1fff0051        0x3 
 .data.CMD_Invalid_Str
                0x1fff0054        0x4 ./Sources/Application/Commands.o
                0x1fff0054                CMD_Invalid_Str
 .data.CMD_Valid_Str
                0x1fff0058        0x4 ./Sources/Application/Commands.o
                0x1fff0058                CMD_Valid_Str
 .data.GUI_Command_Set
                0x1fff005c       0x38 ./Sources/Application/Commands.o
                0x1fff005c                GUI_Command_Set
 .data.Roll_PID
                0x1fff0094       0x14 ./Sources/Application/Flight.o
                0x1fff0094                Roll_PID
 .data.Pitch_PID
                0x1fff00a8       0x14 ./Sources/Application/Flight.o
                0x1fff00a8                Pitch_PID
 .data.Yaw_PID  0x1fff00bc       0x14 ./Sources/Application/Flight.o
                0x1fff00bc                Yaw_PID
 .data.tBuff    0x1fff00d0        0x8 ./Sources/Application/RF.o
                0x1fff00d0                tBuff
 .data.IMU_Data
                0x1fff00d8       0x30 ./Sources/Application/RF.o
                0x1fff00d8                IMU_Data
 .data.Index.6388
                0x1fff0108        0x1 ./Sources/Application/RF.o
 *fill*         0x1fff0109        0x3 
 .data.SS       0x1fff010c        0x4 ./Sources/Application/Saved_Settings.o
                0x1fff010c                SS
 .data.g_serial_state_buf
                0x1fff0110        0xc ./Generated_Code/usb_cdc_pstn.o
 .data.g_trf_direction
                0x1fff011c        0x1 ./Generated_Code/usb_dci_kinetis.o
 *fill*         0x1fff011d        0x3 
 .data.g_device_descriptor
                0x1fff0120       0x14 ./Generated_Code/usb_descriptor.o
                0x1fff0120                g_device_descriptor
 .data.g_config_descriptor
                0x1fff0134       0x44 ./Generated_Code/usb_descriptor.o
                0x1fff0134                g_config_descriptor
 .data.USB_STR_0
                0x1fff0178        0x4 ./Generated_Code/usb_descriptor.o
                0x1fff0178                USB_STR_0
 .data.USB_STR_1
                0x1fff017c       0x3c ./Generated_Code/usb_descriptor.o
                0x1fff017c                USB_STR_1
 .data.USB_STR_2
                0x1fff01b8       0x20 ./Generated_Code/usb_descriptor.o
                0x1fff01b8                USB_STR_2
 .data.USB_STR_n
                0x1fff01d8       0x24 ./Generated_Code/usb_descriptor.o
                0x1fff01d8                USB_STR_n
 .data.g_line_coding
                0x1fff01fc       0x10 ./Generated_Code/usb_descriptor.o
 .data.__fdlib_version
                0x1fff020c        0x1 c:/freescale/kds_3.0.0/toolchain/bin/../lib/gcc/arm-none-eabi/4.8.4/../../../../arm-none-eabi/lib/armv7e-m/fpu\libm.a(lib_a-s_lib_ver.o)
                0x1fff020c                __fdlib_version
 *fill*         0x1fff020d        0x3 
 .data.impure_data
                0x1fff0210       0x60 c:/freescale/kds_3.0.0/toolchain/bin/../lib/gcc/arm-none-eabi/4.8.4/../../../../arm-none-eabi/lib/armv7e-m/fpu\libg_s.a(lib_a-impure.o)
 .data._impure_ptr
                0x1fff0270        0x4 c:/freescale/kds_3.0.0/toolchain/bin/../lib/gcc/arm-none-eabi/4.8.4/../../../../arm-none-eabi/lib/armv7e-m/fpu\libg_s.a(lib_a-impure.o)
                0x1fff0270                _impure_ptr
 .data.__ctype_ptr__
                0x1fff0274        0x4 c:/freescale/kds_3.0.0/toolchain/bin/../lib/gcc/arm-none-eabi/4.8.4/../../../../arm-none-eabi/lib/armv7e-m/fpu\libg_s.a(lib_a-ctype_.o)
                0x1fff0274                __ctype_ptr__
 .data.lconv    0x1fff0278       0x38 c:/freescale/kds_3.0.0/toolchain/bin/../lib/gcc/arm-none-eabi/4.8.4/../../../../arm-none-eabi/lib/armv7e-m/fpu\libg_s.a(lib_a-locale.o)
                0x1fff02b0                . = ALIGN (0x4)
                0x1fff02b0                _edata = .
                0x000002b0                ___data_size = (_edata - _sdata)
                0x000134fc                ___m_data_20000000_ROMStart = (___ROM_AT + SIZEOF (.data))

.jcr            0x1fff02b0        0x0 load address 0x000134fc
 .jcr           0x1fff02b0        0x0 c:/freescale/kds_3.0.0/toolchain/bin/../lib/gcc/arm-none-eabi/4.8.4/armv7e-m/fpu/crtbegin.o

.igot.plt       0x1fff02b0        0x0 load address 0x000134fc
 .igot.plt      0x00000000        0x0 c:/freescale/kds_3.0.0/toolchain/bin/../lib/gcc/arm-none-eabi/4.8.4/armv7e-m/fpu/crtbegin.o

.m_data_20000000
                0x20000000        0x0 load address 0x000134fc
                0x20000000                . = ALIGN (0x4)
                0x20000000                ___m_data_20000000_RAMStart = .
 *(.m_data_20000000)
                0x20000000                ___m_data_20000000_RAMEnd = .
                0x20000000                . = ALIGN (0x4)
                0x00000000                ___m_data_20000000_ROMSize = (___m_data_20000000_RAMEnd - ___m_data_20000000_RAMStart)
                0x20000000                . = ALIGN (0x4)

.bss            0x1fff0400     0x1804 load address 0x00013800
                0x1fff0400                __START_BSS = .
                0x1fff0400                PROVIDE (__bss_start__, __START_BSS)
 *(.bss)
 .bss           0x1fff0400       0x1c c:/freescale/kds_3.0.0/toolchain/bin/../lib/gcc/arm-none-eabi/4.8.4/armv7e-m/fpu/crtbegin.o
 *(.bss*)
 .bss.SR_lock   0x1fff041c        0x1 ./Static_Code/System/CPU_Init.o
                0x1fff041c                SR_lock
 .bss.previous_ticks.7484
                0x1fff041d        0x1 ./Sources/Schedule/Scheduler.o
 *fill*         0x1fff041e        0x2 
 .bss.magCalibration
                0x1fff0420        0xc ./Sources/Drivers/External/MPU9250.o
                0x1fff0420                magCalibration
 .bss.magbias   0x1fff042c        0xc ./Sources/Drivers/External/MPU9250.o
                0x1fff042c                magbias
 .bss.gyroBias  0x1fff0438        0xc ./Sources/Drivers/External/MPU9250.o
                0x1fff0438                gyroBias
 .bss.accelBias
                0x1fff0444        0xc ./Sources/Drivers/External/MPU9250.o
                0x1fff0444                accelBias
 .bss.Initial_Yaw
                0x1fff0450        0x4 ./Sources/Drivers/External/MPU9250.o
                0x1fff0450                Initial_Yaw
 .bss.Ax_F      0x1fff0454        0x4 ./Sources/Drivers/External/MPU9250.o
                0x1fff0454                Ax_F
 .bss.Ay_F      0x1fff0458        0x4 ./Sources/Drivers/External/MPU9250.o
                0x1fff0458                Ay_F
 .bss.Az_F      0x1fff045c        0x4 ./Sources/Drivers/External/MPU9250.o
                0x1fff045c                Az_F
 .bss.mmx       0x1fff0460        0x4 ./Sources/Drivers/External/MPU9250.o
                0x1fff0460                mmx
 .bss.mmy       0x1fff0464        0x4 ./Sources/Drivers/External/MPU9250.o
                0x1fff0464                mmy
 .bss.mmz       0x1fff0468        0x4 ./Sources/Drivers/External/MPU9250.o
                0x1fff0468                mmz
 .bss.GYRO_ONLY
                0x1fff046c        0x1 ./Sources/Drivers/External/MPU9250.o
                0x1fff046c                GYRO_ONLY
 *fill*         0x1fff046d        0x3 
 .bss.Previous_Mag_Cal_State.7693
                0x1fff0470        0x4 ./Sources/Drivers/External/MPU9250.o
 .bss.CC_2500_SETUP_DONE
                0x1fff0474        0x1 ./Sources/Drivers/External/cc2500.o
                0x1fff0474                CC_2500_SETUP_DONE
 *fill*         0x1fff0475        0x1 
 .bss.ADC_Value
                0x1fff0476        0x2 ./Sources/Drivers/ADC.o
                0x1fff0476                ADC_Value
 .bss.USB_RDY   0x1fff0478        0x1 ./Sources/Drivers/FC.o
                0x1fff0478                USB_RDY
 *fill*         0x1fff0479        0x1 
 .bss.LED_CYCLE
                0x1fff047a        0x2 ./Sources/Drivers/LED_PWM.o
                0x1fff047a                LED_CYCLE
 .bss.RLED_STATES
                0x1fff047c        0x1 ./Sources/Drivers/LED_PWM.o
                0x1fff047c                RLED_STATES
 *fill*         0x1fff047d        0x3 
 .bss.tenuS     0x1fff0480        0x4 ./Sources/Drivers/TPM0.o
                0x1fff0480                tenuS
 .bss.SystemTick
                0x1fff0484        0x1 ./Sources/Drivers/TPM0.o
                0x1fff0484                SystemTick
 .bss.Fast_Data_Enable
                0x1fff0485        0x1 ./Sources/Application/Commands.o
                0x1fff0485                Fast_Data_Enable
 .bss.remoteThrottle
                0x1fff0486        0x1 ./Sources/Application/Flight.o
                0x1fff0486                remoteThrottle
 *fill*         0x1fff0487        0x1 
 .bss.remotePitch
                0x1fff0488        0x4 ./Sources/Application/Flight.o
                0x1fff0488                remotePitch
 .bss.remoteRoll
                0x1fff048c        0x4 ./Sources/Application/Flight.o
                0x1fff048c                remoteRoll
 .bss.remoteYaw
                0x1fff0490        0x4 ./Sources/Application/Flight.o
                0x1fff0490                remoteYaw
 .bss.cntrlRoll
                0x1fff0494        0x4 ./Sources/Application/Flight.o
                0x1fff0494                cntrlRoll
 .bss.cntrlPitch
                0x1fff0498        0x4 ./Sources/Application/Flight.o
                0x1fff0498                cntrlPitch
 .bss.cntrlYaw  0x1fff049c        0x4 ./Sources/Application/Flight.o
                0x1fff049c                cntrlYaw
 .bss.FLIGHT_STATE
                0x1fff04a0        0x4 ./Sources/Application/Flight.o
                0x1fff04a0                FLIGHT_STATE
 .bss.motor_speeds
                0x1fff04a4       0x10 ./Sources/Application/Flight.o
                0x1fff04a4                motor_speeds
 .bss.manual_motor_speeds